../Core/Src/main.c:105:5:findBinary	32	static
../Core/Src/main.c:120:6:HAL_GPIO_EXTI_Callback	32	static
../Core/Src/main.c:135:5:getIndex	16	static
../Core/Src/main.c:156:5:main	32	static
../Core/Src/main.c:351:6:SystemClock_Config	88	static
../Core/Src/main.c:409:13:MX_ADC1_Init	24	static
../Core/Src/main.c:461:13:MX_I2C1_Init	8	static
../Core/Src/main.c:509:13:MX_I2C2_Init	8	static
../Core/Src/main.c:557:13:MX_SPI1_Init	8	static
../Core/Src/main.c:597:13:MX_TIM1_Init	112	static
../Core/Src/main.c:689:13:MX_TIM2_Init	80	static
../Core/Src/main.c:761:13:MX_TIM3_Init	56	static
../Core/Src/main.c:810:13:MX_TIM4_Init	56	static
../Core/Src/main.c:859:13:MX_TIM5_Init	64	static
../Core/Src/main.c:918:13:MX_TIM8_Init	112	static
../Core/Src/main.c:1010:13:MX_TIM9_Init	40	static
../Core/Src/main.c:1056:13:MX_UART4_Init	8	static
../Core/Src/main.c:1091:13:MX_UART5_Init	8	static
../Core/Src/main.c:1126:13:MX_USART1_UART_Init	8	static
../Core/Src/main.c:1161:13:MX_USART2_UART_Init	8	static
../Core/Src/main.c:1196:13:MX_USART3_UART_Init	8	static
../Core/Src/main.c:1231:13:MX_GPIO_Init	64	static
../Core/Src/main.c:1355:6:Error_Handler	4	static,ignoring_inline_asm
