../Core/Src/main.c:106:6:HAL_GPIO_EXTI_Callback	32	static
../Core/Src/main.c:123:5:main	32	static
../Core/Src/main.c:315:6:SystemClock_Config	88	static
../Core/Src/main.c:373:13:MX_ADC1_Init	24	static
../Core/Src/main.c:425:13:MX_I2C1_Init	8	static
../Core/Src/main.c:473:13:MX_I2C2_Init	8	static
../Core/Src/main.c:521:13:MX_SPI1_Init	8	static
../Core/Src/main.c:561:13:MX_TIM1_Init	112	static
../Core/Src/main.c:653:13:MX_TIM2_Init	80	static
../Core/Src/main.c:725:13:MX_TIM3_Init	56	static
../Core/Src/main.c:774:13:MX_TIM4_Init	56	static
../Core/Src/main.c:823:13:MX_TIM5_Init	64	static
../Core/Src/main.c:882:13:MX_TIM8_Init	112	static
../Core/Src/main.c:974:13:MX_TIM9_Init	40	static
../Core/Src/main.c:1020:13:MX_UART4_Init	8	static
../Core/Src/main.c:1055:13:MX_UART5_Init	8	static
../Core/Src/main.c:1090:13:MX_USART1_UART_Init	8	static
../Core/Src/main.c:1125:13:MX_USART2_UART_Init	8	static
../Core/Src/main.c:1160:13:MX_USART3_UART_Init	8	static
../Core/Src/main.c:1195:13:MX_GPIO_Init	64	static
../Core/Src/main.c:1319:6:Error_Handler	4	static,ignoring_inline_asm
