../Core/Src/main.c:101:5:main	8	static
../Core/Src/main.c:169:6:SystemClock_Config	88	static
../Core/Src/main.c:227:13:MX_ADC1_Init	24	static
../Core/Src/main.c:279:13:MX_I2C1_Init	8	static
../Core/Src/main.c:327:13:MX_I2C2_Init	8	static
../Core/Src/main.c:375:13:MX_SPI1_Init	8	static
../Core/Src/main.c:415:13:MX_TIM1_Init	112	static
../Core/Src/main.c:507:13:MX_TIM2_Init	80	static
../Core/Src/main.c:579:13:MX_TIM3_Init	56	static
../Core/Src/main.c:628:13:MX_TIM4_Init	56	static
../Core/Src/main.c:677:13:MX_TIM5_Init	64	static
../Core/Src/main.c:736:13:MX_TIM6_Init	24	static
../Core/Src/main.c:774:13:MX_TIM8_Init	112	static
../Core/Src/main.c:866:13:MX_UART4_Init	8	static
../Core/Src/main.c:901:13:MX_UART5_Init	8	static
../Core/Src/main.c:936:13:MX_USART1_UART_Init	8	static
../Core/Src/main.c:971:13:MX_USART2_UART_Init	8	static
../Core/Src/main.c:1006:13:MX_USART3_UART_Init	8	static
../Core/Src/main.c:1039:13:MX_DMA_Init	16	static
../Core/Src/main.c:1057:13:MX_GPIO_Init	64	static
../Core/Src/main.c:1196:6:Error_Handler	4	static,ignoring_inline_asm
