../Core/Src/main.c:117:6:HAL_TIM_PeriodElapsedCallback	48	static
../Core/Src/main.c:273:7:PI_controller	24	static
../Core/Src/main.c:285:5:main	8	static
../Core/Src/main.c:379:6:SystemClock_Config	88	static
../Core/Src/main.c:437:13:MX_ADC1_Init	24	static
../Core/Src/main.c:489:13:MX_I2C1_Init	8	static
../Core/Src/main.c:537:13:MX_I2C2_Init	8	static
../Core/Src/main.c:585:13:MX_SPI1_Init	8	static
../Core/Src/main.c:625:13:MX_TIM1_Init	112	static
../Core/Src/main.c:717:13:MX_TIM2_Init	80	static
../Core/Src/main.c:789:13:MX_TIM3_Init	56	static
../Core/Src/main.c:838:13:MX_TIM4_Init	56	static
../Core/Src/main.c:887:13:MX_TIM5_Init	64	static
../Core/Src/main.c:946:13:MX_TIM6_Init	24	static
../Core/Src/main.c:984:13:MX_TIM8_Init	112	static
../Core/Src/main.c:1076:13:MX_TIM9_Init	40	static
../Core/Src/main.c:1122:13:MX_UART4_Init	8	static
../Core/Src/main.c:1157:13:MX_UART5_Init	8	static
../Core/Src/main.c:1192:13:MX_USART1_UART_Init	8	static
../Core/Src/main.c:1227:13:MX_USART2_UART_Init	8	static
../Core/Src/main.c:1262:13:MX_USART3_UART_Init	8	static
../Core/Src/main.c:1297:13:MX_GPIO_Init	64	static
../Core/Src/main.c:1413:6:Error_Handler	4	static,ignoring_inline_asm
