../Core/Src/main.c:114:6:HAL_TIM_PeriodElapsedCallback	32	static
../Core/Src/main.c:196:7:PI_controller	24	static
../Core/Src/main.c:208:5:main	8	static
../Core/Src/main.c:302:6:SystemClock_Config	88	static
../Core/Src/main.c:360:13:MX_ADC1_Init	24	static
../Core/Src/main.c:412:13:MX_I2C1_Init	8	static
../Core/Src/main.c:460:13:MX_I2C2_Init	8	static
../Core/Src/main.c:508:13:MX_SPI1_Init	8	static
../Core/Src/main.c:548:13:MX_TIM1_Init	112	static
../Core/Src/main.c:640:13:MX_TIM2_Init	80	static
../Core/Src/main.c:712:13:MX_TIM3_Init	56	static
../Core/Src/main.c:761:13:MX_TIM4_Init	56	static
../Core/Src/main.c:810:13:MX_TIM5_Init	64	static
../Core/Src/main.c:869:13:MX_TIM6_Init	24	static
../Core/Src/main.c:907:13:MX_TIM8_Init	112	static
../Core/Src/main.c:999:13:MX_TIM9_Init	40	static
../Core/Src/main.c:1045:13:MX_UART4_Init	8	static
../Core/Src/main.c:1080:13:MX_UART5_Init	8	static
../Core/Src/main.c:1115:13:MX_USART1_UART_Init	8	static
../Core/Src/main.c:1150:13:MX_USART2_UART_Init	8	static
../Core/Src/main.c:1185:13:MX_USART3_UART_Init	8	static
../Core/Src/main.c:1220:13:MX_GPIO_Init	64	static
../Core/Src/main.c:1336:6:Error_Handler	4	static,ignoring_inline_asm
