../Core/Src/main.c:115:6:HAL_TIM_PeriodElapsedCallback	40	static
../Core/Src/main.c:208:7:PI_controller	24	static
../Core/Src/main.c:220:5:main	8	static
../Core/Src/main.c:314:6:SystemClock_Config	88	static
../Core/Src/main.c:372:13:MX_ADC1_Init	24	static
../Core/Src/main.c:424:13:MX_I2C1_Init	8	static
../Core/Src/main.c:472:13:MX_I2C2_Init	8	static
../Core/Src/main.c:520:13:MX_SPI1_Init	8	static
../Core/Src/main.c:560:13:MX_TIM1_Init	112	static
../Core/Src/main.c:652:13:MX_TIM2_Init	80	static
../Core/Src/main.c:724:13:MX_TIM3_Init	56	static
../Core/Src/main.c:773:13:MX_TIM4_Init	56	static
../Core/Src/main.c:822:13:MX_TIM5_Init	64	static
../Core/Src/main.c:881:13:MX_TIM6_Init	24	static
../Core/Src/main.c:919:13:MX_TIM8_Init	112	static
../Core/Src/main.c:1011:13:MX_TIM9_Init	40	static
../Core/Src/main.c:1057:13:MX_UART4_Init	8	static
../Core/Src/main.c:1092:13:MX_UART5_Init	8	static
../Core/Src/main.c:1127:13:MX_USART1_UART_Init	8	static
../Core/Src/main.c:1162:13:MX_USART2_UART_Init	8	static
../Core/Src/main.c:1197:13:MX_USART3_UART_Init	8	static
../Core/Src/main.c:1232:13:MX_GPIO_Init	64	static
../Core/Src/main.c:1348:6:Error_Handler	4	static,ignoring_inline_asm
