Archive member included to satisfy reference by file (symbol)

c:/program files/stmicroelectronics/stm32cube/stm32cubeide_1.11.2/stm32cubeide/plugins/com.st.stm32cube.ide.mcu.externaltools.gnu-tools-for-stm32.10.3-2021.10.win32_1.0.100.202210260954/tools/bin/../lib/gcc/arm-none-eabi/10.3.1/../../../../arm-none-eabi/lib/thumb/v7e-m+dp/hard\libc_nano.a(lib_a-errno.o)
                              ./Core/Src/syscalls.o (__errno)
c:/program files/stmicroelectronics/stm32cube/stm32cubeide_1.11.2/stm32cubeide/plugins/com.st.stm32cube.ide.mcu.externaltools.gnu-tools-for-stm32.10.3-2021.10.win32_1.0.100.202210260954/tools/bin/../lib/gcc/arm-none-eabi/10.3.1/../../../../arm-none-eabi/lib/thumb/v7e-m+dp/hard\libc_nano.a(lib_a-exit.o)
                              c:/program files/stmicroelectronics/stm32cube/stm32cubeide_1.11.2/stm32cubeide/plugins/com.st.stm32cube.ide.mcu.externaltools.gnu-tools-for-stm32.10.3-2021.10.win32_1.0.100.202210260954/tools/bin/../lib/gcc/arm-none-eabi/10.3.1/../../../../arm-none-eabi/lib/thumb/v7e-m+dp/hard/crt0.o (exit)
c:/program files/stmicroelectronics/stm32cube/stm32cubeide_1.11.2/stm32cubeide/plugins/com.st.stm32cube.ide.mcu.externaltools.gnu-tools-for-stm32.10.3-2021.10.win32_1.0.100.202210260954/tools/bin/../lib/gcc/arm-none-eabi/10.3.1/../../../../arm-none-eabi/lib/thumb/v7e-m+dp/hard\libc_nano.a(lib_a-impure.o)
                              c:/program files/stmicroelectronics/stm32cube/stm32cubeide_1.11.2/stm32cubeide/plugins/com.st.stm32cube.ide.mcu.externaltools.gnu-tools-for-stm32.10.3-2021.10.win32_1.0.100.202210260954/tools/bin/../lib/gcc/arm-none-eabi/10.3.1/../../../../arm-none-eabi/lib/thumb/v7e-m+dp/hard\libc_nano.a(lib_a-exit.o) (_global_impure_ptr)
c:/program files/stmicroelectronics/stm32cube/stm32cubeide_1.11.2/stm32cubeide/plugins/com.st.stm32cube.ide.mcu.externaltools.gnu-tools-for-stm32.10.3-2021.10.win32_1.0.100.202210260954/tools/bin/../lib/gcc/arm-none-eabi/10.3.1/../../../../arm-none-eabi/lib/thumb/v7e-m+dp/hard\libc_nano.a(lib_a-init.o)
                              c:/program files/stmicroelectronics/stm32cube/stm32cubeide_1.11.2/stm32cubeide/plugins/com.st.stm32cube.ide.mcu.externaltools.gnu-tools-for-stm32.10.3-2021.10.win32_1.0.100.202210260954/tools/bin/../lib/gcc/arm-none-eabi/10.3.1/../../../../arm-none-eabi/lib/thumb/v7e-m+dp/hard/crt0.o (__libc_init_array)
c:/program files/stmicroelectronics/stm32cube/stm32cubeide_1.11.2/stm32cubeide/plugins/com.st.stm32cube.ide.mcu.externaltools.gnu-tools-for-stm32.10.3-2021.10.win32_1.0.100.202210260954/tools/bin/../lib/gcc/arm-none-eabi/10.3.1/../../../../arm-none-eabi/lib/thumb/v7e-m+dp/hard\libc_nano.a(lib_a-memcpy-stub.o)
                              ./Core/Src/main.o (memcpy)
c:/program files/stmicroelectronics/stm32cube/stm32cubeide_1.11.2/stm32cubeide/plugins/com.st.stm32cube.ide.mcu.externaltools.gnu-tools-for-stm32.10.3-2021.10.win32_1.0.100.202210260954/tools/bin/../lib/gcc/arm-none-eabi/10.3.1/../../../../arm-none-eabi/lib/thumb/v7e-m+dp/hard\libc_nano.a(lib_a-memset.o)
                              c:/program files/stmicroelectronics/stm32cube/stm32cubeide_1.11.2/stm32cubeide/plugins/com.st.stm32cube.ide.mcu.externaltools.gnu-tools-for-stm32.10.3-2021.10.win32_1.0.100.202210260954/tools/bin/../lib/gcc/arm-none-eabi/10.3.1/../../../../arm-none-eabi/lib/thumb/v7e-m+dp/hard/crt0.o (memset)
c:/program files/stmicroelectronics/stm32cube/stm32cubeide_1.11.2/stm32cubeide/plugins/com.st.stm32cube.ide.mcu.externaltools.gnu-tools-for-stm32.10.3-2021.10.win32_1.0.100.202210260954/tools/bin/../lib/gcc/arm-none-eabi/10.3.1/../../../../arm-none-eabi/lib/thumb/v7e-m+dp/hard\libc_nano.a(lib_a-printf.o)
                              ./Core/Src/main.o (printf)
c:/program files/stmicroelectronics/stm32cube/stm32cubeide_1.11.2/stm32cubeide/plugins/com.st.stm32cube.ide.mcu.externaltools.gnu-tools-for-stm32.10.3-2021.10.win32_1.0.100.202210260954/tools/bin/../lib/gcc/arm-none-eabi/10.3.1/../../../../arm-none-eabi/lib/thumb/v7e-m+dp/hard\libc_nano.a(lib_a-findfp.o)
                              c:/program files/stmicroelectronics/stm32cube/stm32cubeide_1.11.2/stm32cubeide/plugins/com.st.stm32cube.ide.mcu.externaltools.gnu-tools-for-stm32.10.3-2021.10.win32_1.0.100.202210260954/tools/bin/../lib/gcc/arm-none-eabi/10.3.1/../../../../arm-none-eabi/lib/thumb/v7e-m+dp/hard\libc_nano.a(lib_a-printf.o) (__sinit)
c:/program files/stmicroelectronics/stm32cube/stm32cubeide_1.11.2/stm32cubeide/plugins/com.st.stm32cube.ide.mcu.externaltools.gnu-tools-for-stm32.10.3-2021.10.win32_1.0.100.202210260954/tools/bin/../lib/gcc/arm-none-eabi/10.3.1/../../../../arm-none-eabi/lib/thumb/v7e-m+dp/hard\libc_nano.a(lib_a-fwalk.o)
[...]
Memory Configuration

Name             Origin             Length             Attributes
RAM              0x0000000020000000 0x0000000000080000 xrw
FLASH            0x0000000008000000 0x0000000000200000 xr
*default*        0x0000000000000000 0xffffffffffffffff

Linker script and memory map

LOAD c:/program files/stmicroelectronics/stm32cube/stm32cubeide_1.11.2/stm32cubeide/plugins/com.st.stm32cube.ide.mcu.externaltools.gnu-tools-for-stm32.10.3-2021.10.win32_1.0.100.202210260954/tools/bin/../lib/gcc/arm-none-eabi/10.3.1/thumb/v7e-m+dp/hard/crti.o
LOAD c:/program files/stmicroelectronics/stm32cube/stm32cubeide_1.11.2/stm32cubeide/plugins/com.st.stm32cube.ide.mcu.externaltools.gnu-tools-for-stm32.10.3-2021.10.win32_1.0.100.202210260954/tools/bin/../lib/gcc/arm-none-eabi/10.3.1/thumb/v7e-m+dp/hard/crtbegin.o
LOAD c:/program files/stmicroelectronics/stm32cube/stm32cubeide_1.11.2/stm32cubeide/plugins/com.st.stm32cube.ide.mcu.externaltools.gnu-tools-for-stm32.10.3-2021.10.win32_1.0.100.202210260954/tools/bin/../lib/gcc/arm-none-eabi/10.3.1/../../../../arm-none-eabi/lib/thumb/v7e-m+dp/hard/crt0.o
LOAD ./Core/Src/cobs.o
LOAD ./Core/Src/ertc-datalogger.o
LOAD ./Core/Src/main.o
LOAD ./Core/Src/stm32f7xx_hal_msp.o
LOAD ./Core/Src/stm32f7xx_it.o
LOAD ./Core/Src/syscalls.o
LOAD ./Core/Src/sysmem.o
LOAD ./Core/Src/system_stm32f7xx.o
LOAD ./Core/Startup/startup_stm32f767zitx.o
LOAD ./Drivers/STM32F7xx_HAL_Driver/Src/stm32f7xx_hal.o
LOAD ./Drivers/STM32F7xx_HAL_Driver/Src/stm32f7xx_hal_adc.o
LOAD ./Drivers/STM32F7xx_HAL_Driver/Src/stm32f7xx_hal_adc_ex.o
LOAD ./Drivers/STM32F7xx_HAL_Driver/Src/stm32f7xx_hal_cortex.o
LOAD ./Drivers/STM32F7xx_HAL_Driver/Src/stm32f7xx_hal_dma.o
LOAD ./Drivers/STM32F7xx_HAL_Driver/Src/stm32f7xx_hal_dma_ex.o
LOAD ./Drivers/STM32F7xx_HAL_Driver/Src/stm32f7xx_hal_exti.o
LOAD ./Drivers/STM32F7xx_HAL_Driver/Src/stm32f7xx_hal_flash.o
LOAD ./Drivers/STM32F7xx_HAL_Driver/Src/stm32f7xx_hal_flash_ex.o
LOAD ./Drivers/STM32F7xx_HAL_Driver/Src/stm32f7xx_hal_gpio.o
LOAD ./Drivers/STM32F7xx_HAL_Driver/Src/stm32f7xx_hal_i2c.o
LOAD ./Drivers/STM32F7xx_HAL_Driver/Src/stm32f7xx_hal_i2c_ex.o
LOAD ./Drivers/STM32F7xx_HAL_Driver/Src/stm32f7xx_hal_pwr.o
LOAD ./Drivers/STM32F7xx_HAL_Driver/Src/stm32f7xx_hal_pwr_ex.o
LOAD ./Drivers/STM32F7xx_HAL_Driver/Src/stm32f7xx_hal_rcc.o
LOAD ./Drivers/STM32F7xx_HAL_Driver/Src/stm32f7xx_hal_rcc_ex.o
LOAD ./Drivers/STM32F7xx_HAL_Driver/Src/stm32f7xx_hal_spi.o
LOAD ./Drivers/STM32F7xx_HAL_Driver/Src/stm32f7xx_hal_spi_ex.o
LOAD ./Drivers/STM32F7xx_HAL_Driver/Src/stm32f7xx_hal_tim.o
LOAD ./Drivers/STM32F7xx_HAL_Driver/Src/stm32f7xx_hal_tim_ex.o
LOAD ./Drivers/STM32F7xx_HAL_Driver/Src/stm32f7xx_hal_uart.o
LOAD ./Drivers/STM32F7xx_HAL_Driver/Src/stm32f7xx_hal_uart_ex.o
START GROUP
LOAD c:/program files/stmicroelectronics/stm32cube/stm32cubeide_1.11.2/stm32cubeide/plugins/com.st.stm32cube.ide.mcu.externaltools.gnu-tools-for-stm32.10.3-2021.10.win32_1.0.100.202210260954/tools/bin/../lib/gcc/arm-none-eabi/10.3.1/../../../../arm-none-eabi/lib/thumb/v7e-m+dp/hard\libc_nano.a
LOAD c:/program files/stmicroelectronics/stm32cube/stm32cubeide_1.11.2/stm32cubeide/plugins/com.st.stm32cube.ide.mcu.externaltools.gnu-tools-for-stm32.10.3-2021.10.win32_1.0.100.202210260954/tools/bin/../lib/gcc/arm-none-eabi/10.3.1/../../../../arm-none-eabi/lib/thumb/v7e-m+dp/hard\libm.a
END GROUP
START GROUP
LOAD c:/program files/stmicroelectronics/stm32cube/stm32cubeide_1.11.2/stm32cubeide/plugins/com.st.stm32cube.ide.mcu.externaltools.gnu-tools-for-stm32.10.3-2021.10.win32_1.0.100.202210260954/tools/bin/../lib/gcc/arm-none-eabi/10.3.1/thumb/v7e-m+dp/hard\libgcc.a
LOAD c:/program files/stmicroelectronics/stm32cube/stm32cubeide_1.11.2/stm32cubeide/plugins/com.st.stm32cube.ide.mcu.externaltools.gnu-tools-for-stm32.10.3-2021.10.win32_1.0.100.202210260954/tools/bin/../lib/gcc/arm-none-eabi/10.3.1/../../../../arm-none-eabi/lib/thumb/v7e-m+dp/hard\libc_nano.a
END GROUP
START GROUP
LOAD c:/program files/stmicroelectronics/stm32cube/stm32cubeide_1.11.2/stm32cubeide/plugins/com.st.stm32cube.ide.mcu.externaltools.gnu-tools-for-stm32.10.3-2021.10.win32_1.0.100.202210260954/tools/bin/../lib/gcc/arm-none-eabi/10.3.1/thumb/v7e-m+dp/hard\libgcc.a
LOAD c:/program files/stmicroelectronics/stm32cube/stm32cubeide_1.11.2/stm32cubeide/plugins/com.st.stm32cube.ide.mcu.externaltools.gnu-tools-for-stm32.10.3-2021.10.win32_1.0.100.202210260954/tools/bin/../lib/gcc/arm-none-eabi/10.3.1/../../../../arm-none-eabi/lib/thumb/v7e-m+dp/hard\libc_nano.a
LOAD c:/program files/stmicroelectronics/stm32cube/stm32cubeide_1.11.2/stm32cubeide/plugins/com.st.stm32cube.ide.mcu.externaltools.gnu-tools-for-stm32.10.3-2021.10.win32_1.0.100.202210260954/tools/bin/../lib/gcc/arm-none-eabi/10.3.1/../../../../arm-none-eabi/lib/thumb/v7e-m+dp/hard\libnosys.a
END GROUP
START GROUP
LOAD c:/program files/stmicroelectronics/stm32cube/stm32cubeide_1.11.2/stm32cubeide/plugins/com.st.stm32cube.ide.mcu.externaltools.gnu-tools-for-stm32.10.3-2021.10.win32_1.0.100.202210260954/tools/bin/../lib/gcc/arm-none-eabi/10.3.1/thumb/v7e-m+dp/hard\libgcc.a
LOAD c:/program files/stmicroelectronics/stm32cube/stm32cubeide_1.11.2/stm32cubeide/plugins/com.st.stm32cube.ide.mcu.externaltools.gnu-tools-for-stm32.10.3-2021.10.win32_1.0.100.202210260954/tools/bin/../lib/gcc/arm-none-eabi/10.3.1/../../../../arm-none-eabi/lib/thumb/v7e-m+dp/hard\libc_nano.a
LOAD c:/program files/stmicroelectronics/stm32cube/stm32cubeide_1.11.2/stm32cubeide/plugins/com.st.stm32cube.ide.mcu.externaltools.gnu-tools-for-stm32.10.3-2021.10.win32_1.0.100.202210260954/tools/bin/../lib/gcc/arm-none-eabi/10.3.1/../../../../arm-none-eabi/lib/thumb/v7e-m+dp/hard\libnosys.a
END GROUP
LOAD c:/program files/stmicroelectronics/stm32cube/stm32cubeide_1.11.2/stm32cubeide/plugins/com.st.stm32cube.ide.mcu.externaltools.gnu-tools-for-stm32.10.3-2021.10.win32_1.0.100.202210260954/tools/bin/../lib/gcc/arm-none-eabi/10.3.1/thumb/v7e-m+dp/hard/crtend.o
LOAD c:/program files/stmicroelectronics/stm32cube/stm32cubeide_1.11.2/stm32cubeide/plugins/com.st.stm32cube.ide.mcu.externaltools.gnu-tools-for-stm32.10.3-2021.10.win32_1.0.100.202210260954/tools/bin/../lib/gcc/arm-none-eabi/10.3.1/thumb/v7e-m+dp/hard/crtn.o
                0x0000000020080000                _estack = (ORIGIN (RAM) + LENGTH (RAM))
                0x0000000000000200                _Min_Heap_Size = 0x200
                0x0000000000000400                _Min_Stack_Size = 0x400

.isr_vector     0x0000000008000000      0x1f8
                0x0000000008000000                . = ALIGN (0x4)
 *(.isr_vector)
 .isr_vector    0x0000000008000000      0x1f8 ./Core/Startup/startup_stm32f767zitx.o
                0x0000000008000000                g_pfnVectors
                0x00000000080001f8                . = ALIGN (0x4)

.text           0x0000000008000200     0x8d24
                0x0000000008000200                . = ALIGN (0x4)
 *(.text)
 .text          0x0000000008000200       0x40 c:/program files/stmicroelectronics/stm32cube/stm32cubeide_1.11.2/stm32cubeide/plugins/com.st.stm32cube.ide.mcu.externaltools.gnu-tools-for-stm32.10.3-2021.10.win32_1.0.100.202210260954/tools/bin/../lib/gcc/arm-none-eabi/10.3.1/thumb/v7e-m+dp/hard/crtbegin.o
 .text          0x0000000008000240       0xa0 c:/program files/stmicroelectronics/stm32cube/stm32cubeide_1.11.2/stm32cubeide/plugins/com.st.stm32cube.ide.mcu.externaltools.gnu-tools-for-stm32.10.3-2021.10.win32_1.0.100.202210260954/tools/bin/../lib/gcc/arm-none-eabi/10.3.1/../../../../arm-none-eabi/lib/thumb/v7e-m+dp/hard\libc_nano.a(lib_a-memchr.o)
                0x0000000008000240                memchr
 .text          0x00000000080002e0       0x30 c:/program files/stmicroelectronics/stm32cube/stm32cubeide_1.11.2/stm32cubeide/plugins/com.st.stm32cube.ide.mcu.externaltools.gnu-tools-for-stm32.10.3-2021.10.win32_1.0.100.202210260954/tools/bin/../lib/gcc/arm-none-eabi/10.3.1/thumb/v7e-m+dp/hard\libgcc.a(_aeabi_uldivmod.o)
                0x00000000080002e0                __aeabi_uldivmod
 .text          0x0000000008000310      0x2d0 c:/program files/stmicroelectronics/stm32cube/stm32cubeide_1.11.2/stm32cubeide/plugins/com.st.stm32cube.ide.mcu.externaltools.gnu-tools-for-stm32.10.3-2021.10.win32_1.0.100.202210260954/tools/bin/../lib/gcc/arm-none-eabi/10.3.1/thumb/v7e-m+dp/hard\libgcc.a(_udivmoddi4.o)
                0x0000000008000310                __udivmoddi4
 .text          0x00000000080005e0        0x4 c:/program files/stmicroelectronics/stm32cube/stm32cubeide_1.11.2/stm32cubeide/plugins/com.st.stm32cube.ide.mcu.externaltools.gnu-tools-for-stm32.10.3-2021.10.win32_1.0.100.202210260954/tools/bin/../lib/gcc/arm-none-eabi/10.3.1/thumb/v7e-m+dp/hard\libgcc.a(_dvmd_tls.o)
                0x00000000080005e0                __aeabi_idiv0
                0x00000000080005e0                __aeabi_ldiv0
 *(.text*)
 .text.cobsEncode
                0x00000000080005e4       0x94 ./Core/Src/cobs.o
                0x00000000080005e4                cobsEncode
 .text.ertc_dlog_send
                0x0000000008000678       0x58 ./Core/Src/ertc-datalogger.o
                0x0000000008000678                ertc_dlog_send
 .text.ertc_dlog_update
                0x00000000080006d0       0x52 ./Core/Src/ertc-datalogger.o
                0x00000000080006d0                ertc_dlog_update
 *fill*         0x0000000008000722        0x6 
 .text.PI_controller
                0x0000000008000728       0xa0 ./Core/Src/main.o
                0x0000000008000728                PI_controller
 .text.findBinary
                0x00000000080007c8       0x50 ./Core/Src/main.o
                0x00000000080007c8                findBinary
 .text.calc_error_line
                0x0000000008000818       0xc8 ./Core/Src/main.o
                0x0000000008000818                calc_error_line
 .text.calc_yaw_error
                0x00000000080008e0       0x48 ./Core/Src/main.o
                0x00000000080008e0                calc_yaw_error
 .text.HAL_TIM_PeriodElapsedCallback
                0x0000000008000928      0x3b4 ./Core/Src/main.o
                0x0000000008000928                HAL_TIM_PeriodElapsedCallback
 .text.main     0x0000000008000cdc      0x2d8 ./Core/Src/main.o
                0x0000000008000cdc                main
 .text.SystemClock_Config
                0x0000000008000fb4       0xe4 ./Core/Src/main.o
                0x0000000008000fb4                SystemClock_Config
 .text.MX_ADC1_Init
                0x0000000008001098       0xa4 ./Core/Src/main.o
 .text.MX_I2C1_Init
                0x000000000800113c       0x80 ./Core/Src/main.o
 .text.MX_I2C2_Init
                0x00000000080011bc       0x80 ./Core/Src/main.o
 .text.MX_SPI1_Init
                0x000000000800123c       0x7c ./Core/Src/main.o
 .text.MX_TIM1_Init
                0x00000000080012b8      0x1a0 ./Core/Src/main.o
 .text.MX_TIM2_Init
                0x0000000008001458      0x134 ./Core/Src/main.o
 .text.MX_TIM3_Init
                0x000000000800158c       0xac ./Core/Src/main.o
 .text.MX_TIM4_Init
                0x0000000008001638       0xac ./Core/Src/main.o
 .text.MX_TIM5_Init
                0x00000000080016e4       0xf0 ./Core/Src/main.o
 .text.MX_TIM6_Init
                0x00000000080017d4       0x70 ./Core/Src/main.o
 .text.MX_TIM8_Init
                0x0000000008001844      0x1a4 ./Core/Src/main.o
 .text.MX_TIM9_Init
                0x00000000080019e8       0xa0 ./Core/Src/main.o
 .text.MX_UART4_Init
                0x0000000008001a88       0x60 ./Core/Src/main.o
 .text.MX_UART5_Init
                0x0000000008001ae8       0x60 ./Core/Src/main.o
 .text.MX_USART1_UART_Init
                0x0000000008001b48       0x60 ./Core/Src/main.o
 .text.MX_USART2_UART_Init
                0x0000000008001ba8       0x60 ./Core/Src/main.o
 .text.MX_USART3_UART_Init
                0x0000000008001c08       0x60 ./Core/Src/main.o
 .text.MX_GPIO_Init
                0x0000000008001c68      0x264 ./Core/Src/main.o
 .text.Error_Handler
                0x0000000008001ecc        0xa ./Core/Src/main.o
                0x0000000008001ecc                Error_Handler
 *fill*         0x0000000008001ed6        0x2 
 .text.HAL_MspInit
                0x0000000008001ed8       0x48 ./Core/Src/stm32f7xx_hal_msp.o
                0x0000000008001ed8                HAL_MspInit
 .text.HAL_ADC_MspInit
                0x0000000008001f20       0x80 ./Core/Src/stm32f7xx_hal_msp.o
                0x0000000008001f20                HAL_ADC_MspInit
 .text.HAL_I2C_MspInit
                0x0000000008001fa0      0x150 ./Core/Src/stm32f7xx_hal_msp.o
                0x0000000008001fa0                HAL_I2C_MspInit
 .text.HAL_SPI_MspInit
                0x00000000080020f0      0x100 ./Core/Src/stm32f7xx_hal_msp.o
                0x00000000080020f0                HAL_SPI_MspInit
 .text.HAL_TIM_Base_MspInit
                0x00000000080021f0      0x134 ./Core/Src/stm32f7xx_hal_msp.o
                0x00000000080021f0                HAL_TIM_Base_MspInit
 .text.HAL_TIM_Encoder_MspInit
                0x0000000008002324       0xec ./Core/Src/stm32f7xx_hal_msp.o
                0x0000000008002324                HAL_TIM_Encoder_MspInit
 .text.HAL_TIM_PWM_MspInit
                0x0000000008002410       0x40 ./Core/Src/stm32f7xx_hal_msp.o
                0x0000000008002410                HAL_TIM_PWM_MspInit
 .text.HAL_TIM_MspPostInit
                0x0000000008002450      0x198 ./Core/Src/stm32f7xx_hal_msp.o
                0x0000000008002450                HAL_TIM_MspPostInit
 .text.HAL_UART_MspInit
                0x00000000080025e8      0x368 ./Core/Src/stm32f7xx_hal_msp.o
                0x00000000080025e8                HAL_UART_MspInit
 .text.NMI_Handler
                0x0000000008002950        0x6 ./Core/Src/stm32f7xx_it.o
                0x0000000008002950                NMI_Handler
 .text.HardFault_Handler
                0x0000000008002956        0x6 ./Core/Src/stm32f7xx_it.o
                0x0000000008002956                HardFault_Handler
 .text.MemManage_Handler
                0x000000000800295c        0x6 ./Core/Src/stm32f7xx_it.o
                0x000000000800295c                MemManage_Handler
 .text.BusFault_Handler
                0x0000000008002962        0x6 ./Core/Src/stm32f7xx_it.o
                0x0000000008002962                BusFault_Handler
 .text.UsageFault_Handler
                0x0000000008002968        0x6 ./Core/Src/stm32f7xx_it.o
                0x0000000008002968                UsageFault_Handler
 .text.SVC_Handler
                0x000000000800296e        0xe ./Core/Src/stm32f7xx_it.o
                0x000000000800296e                SVC_Handler
 .text.DebugMon_Handler
                0x000000000800297c        0xe ./Core/Src/stm32f7xx_it.o
                0x000000000800297c                DebugMon_Handler
 .text.PendSV_Handler
                0x000000000800298a        0xe ./Core/Src/stm32f7xx_it.o
                0x000000000800298a                PendSV_Handler
 .text.SysTick_Handler
                0x0000000008002998        0xc ./Core/Src/stm32f7xx_it.o
                0x0000000008002998                SysTick_Handler
 .text.TIM6_DAC_IRQHandler
                0x00000000080029a4       0x14 ./Core/Src/stm32f7xx_it.o
                0x00000000080029a4                TIM6_DAC_IRQHandler
 .text._read    0x00000000080029b8       0x3a ./Core/Src/syscalls.o
                0x00000000080029b8                _read
 .text._write   0x00000000080029f2       0x38 ./Core/Src/syscalls.o
                0x00000000080029f2                _write
 .text._close   0x0000000008002a2a       0x18 ./Core/Src/syscalls.o
                0x0000000008002a2a                _close
 .text._fstat   0x0000000008002a42       0x20 ./Core/Src/syscalls.o
                0x0000000008002a42                _fstat
 .text._isatty  0x0000000008002a62       0x16 ./Core/Src/syscalls.o
                0x0000000008002a62                _isatty
 .text._lseek   0x0000000008002a78       0x1a ./Core/Src/syscalls.o
                0x0000000008002a78                _lseek
 *fill*         0x0000000008002a92        0x2 
 .text._sbrk    0x0000000008002a94       0x6c ./Core/Src/sysmem.o
                0x0000000008002a94                _sbrk
 .text.SystemInit
                0x0000000008002b00       0x2c ./Core/Src/system_stm32f7xx.o
                0x0000000008002b00                SystemInit
 .text.Reset_Handler
                0x0000000008002b2c       0x50 ./Core/Startup/startup_stm32f767zitx.o
                0x0000000008002b2c                Reset_Handler
 .text.Default_Handler
                0x0000000008002b7c        0x2 ./Core/Startup/startup_stm32f767zitx.o
                0x0000000008002b7c                RTC_Alarm_IRQHandler
                0x0000000008002b7c                EXTI2_IRQHandler
                0x0000000008002b7c                TIM8_CC_IRQHandler
                0x0000000008002b7c                UART8_IRQHandler
                0x0000000008002b7c                SPI4_IRQHandler
                0x0000000008002b7c                TIM1_CC_IRQHandler
                0x0000000008002b7c                DMA2_Stream5_IRQHandler
                0x0000000008002b7c                JPEG_IRQHandler
                0x0000000008002b7c                DMA1_Stream5_IRQHandler
                0x0000000008002b7c                CAN3_RX1_IRQHandler
                0x0000000008002b7c                PVD_IRQHandler
                0x0000000008002b7c                TAMP_STAMP_IRQHandler
                0x0000000008002b7c                CAN2_RX1_IRQHandler
                0x0000000008002b7c                EXTI3_IRQHandler
                0x0000000008002b7c                TIM8_TRG_COM_TIM14_IRQHandler
                0x0000000008002b7c                DFSDM1_FLT1_IRQHandler
                0x0000000008002b7c                TIM1_UP_TIM10_IRQHandler
                0x0000000008002b7c                TIM8_UP_TIM13_IRQHandler
                0x0000000008002b7c                I2C3_ER_IRQHandler
                0x0000000008002b7c                DFSDM1_FLT2_IRQHandler
                0x0000000008002b7c                EXTI0_IRQHandler
                0x0000000008002b7c                I2C2_EV_IRQHandler
                0x0000000008002b7c                DMA1_Stream2_IRQHandler
                0x0000000008002b7c                CAN1_RX0_IRQHandler
                0x0000000008002b7c                FPU_IRQHandler
                0x0000000008002b7c                OTG_HS_WKUP_IRQHandler
                0x0000000008002b7c                CAN3_SCE_IRQHandler
                0x0000000008002b7c                LTDC_ER_IRQHandler
                0x0000000008002b7c                CAN2_SCE_IRQHandler
                0x0000000008002b7c                DMA2_Stream2_IRQHandler
                0x0000000008002b7c                SPI1_IRQHandler
                0x0000000008002b7c                TIM1_BRK_TIM9_IRQHandler
                0x0000000008002b7c                DCMI_IRQHandler
                0x0000000008002b7c                CAN2_RX0_IRQHandler
                0x0000000008002b7c                DMA2_Stream3_IRQHandler
                0x0000000008002b7c                SAI2_IRQHandler
                0x0000000008002b7c                DFSDM1_FLT3_IRQHandler
                0x0000000008002b7c                USART6_IRQHandler
                0x0000000008002b7c                CAN3_RX0_IRQHandler
                0x0000000008002b7c                USART3_IRQHandler
                0x0000000008002b7c                CAN1_RX1_IRQHandler
                0x0000000008002b7c                UART5_IRQHandler
                0x0000000008002b7c                DMA2_Stream0_IRQHandler
                0x0000000008002b7c                TIM4_IRQHandler
                0x0000000008002b7c                QUADSPI_IRQHandler
                0x0000000008002b7c                I2C1_EV_IRQHandler
                0x0000000008002b7c                DMA1_Stream6_IRQHandler
                0x0000000008002b7c                DMA1_Stream1_IRQHandler
                0x0000000008002b7c                UART4_IRQHandler
                0x0000000008002b7c                TIM3_IRQHandler
                0x0000000008002b7c                RCC_IRQHandler
                0x0000000008002b7c                TIM8_BRK_TIM12_IRQHandler
                0x0000000008002b7c                Default_Handler
                0x0000000008002b7c                CEC_IRQHandler
                0x0000000008002b7c                EXTI15_10_IRQHandler
                0x0000000008002b7c                ADC_IRQHandler
                0x0000000008002b7c                DMA1_Stream7_IRQHandler
                0x0000000008002b7c                SPI5_IRQHandler
                0x0000000008002b7c                TIM7_IRQHandler
                0x0000000008002b7c                SDMMC1_IRQHandler
                0x0000000008002b7c                CAN2_TX_IRQHandler
                0x0000000008002b7c                TIM5_IRQHandler
                0x0000000008002b7c                DMA2_Stream7_IRQHandler
                0x0000000008002b7c                I2C3_EV_IRQHandler
                0x0000000008002b7c                EXTI9_5_IRQHandler
                0x0000000008002b7c                RTC_WKUP_IRQHandler
                0x0000000008002b7c                LTDC_IRQHandler
                0x0000000008002b7c                ETH_WKUP_IRQHandler
                0x0000000008002b7c                SPDIF_RX_IRQHandler
                0x0000000008002b7c                SPI2_IRQHandler
                0x0000000008002b7c                OTG_HS_EP1_IN_IRQHandler
                0x0000000008002b7c                DMA1_Stream0_IRQHandler
                0x0000000008002b7c                CAN1_TX_IRQHandler
                0x0000000008002b7c                EXTI4_IRQHandler
                0x0000000008002b7c                RNG_IRQHandler
                0x0000000008002b7c                ETH_IRQHandler
                0x0000000008002b7c                OTG_HS_EP1_OUT_IRQHandler
                0x0000000008002b7c                WWDG_IRQHandler
                0x0000000008002b7c                SPI6_IRQHandler
                0x0000000008002b7c                MDIOS_IRQHandler
                0x0000000008002b7c                I2C4_EV_IRQHandler
                0x0000000008002b7c                CAN3_TX_IRQHandler
                0x0000000008002b7c                TIM2_IRQHandler
                0x0000000008002b7c                OTG_FS_WKUP_IRQHandler
                0x0000000008002b7c                TIM1_TRG_COM_TIM11_IRQHandler
                0x0000000008002b7c                OTG_HS_IRQHandler
                0x0000000008002b7c                DMA2D_IRQHandler
                0x0000000008002b7c                EXTI1_IRQHandler
                0x0000000008002b7c                SDMMC2_IRQHandler
                0x0000000008002b7c                UART7_IRQHandler
                0x0000000008002b7c                USART2_IRQHandler
                0x0000000008002b7c                DFSDM1_FLT0_IRQHandler
                0x0000000008002b7c                I2C2_ER_IRQHandler
                0x0000000008002b7c                DMA2_Stream1_IRQHandler
                0x0000000008002b7c                CAN1_SCE_IRQHandler
                0x0000000008002b7c                FLASH_IRQHandler
                0x0000000008002b7c                DMA2_Stream4_IRQHandler
                0x0000000008002b7c                USART1_IRQHandler
                0x0000000008002b7c                OTG_FS_IRQHandler
                0x0000000008002b7c                SPI3_IRQHandler
                0x0000000008002b7c                DMA1_Stream4_IRQHandler
                0x0000000008002b7c                I2C1_ER_IRQHandler
                0x0000000008002b7c                FMC_IRQHandler
                0x0000000008002b7c                LPTIM1_IRQHandler
                0x0000000008002b7c                I2C4_ER_IRQHandler
                0x0000000008002b7c                DMA2_Stream6_IRQHandler
                0x0000000008002b7c                SAI1_IRQHandler
                0x0000000008002b7c                DMA1_Stream3_IRQHandler
 .text.HAL_Init
                0x0000000008002b7e       0x1a ./Drivers/STM32F7xx_HAL_Driver/Src/stm32f7xx_hal.o
                0x0000000008002b7e                HAL_Init
 .text.HAL_InitTick
                0x0000000008002b98       0x60 ./Drivers/STM32F7xx_HAL_Driver/Src/stm32f7xx_hal.o
                0x0000000008002b98                HAL_InitTick
 .text.HAL_IncTick
                0x0000000008002bf8       0x28 ./Drivers/STM32F7xx_HAL_Driver/Src/stm32f7xx_hal.o
                0x0000000008002bf8                HAL_IncTick
 .text.HAL_GetTick
                0x0000000008002c20       0x18 ./Drivers/STM32F7xx_HAL_Driver/Src/stm32f7xx_hal.o
                0x0000000008002c20                HAL_GetTick
 .text.HAL_Delay
                0x0000000008002c38       0x48 ./Drivers/STM32F7xx_HAL_Driver/Src/stm32f7xx_hal.o
                0x0000000008002c38                HAL_Delay
 .text.HAL_ADC_Init
                0x0000000008002c80       0x88 ./Drivers/STM32F7xx_HAL_Driver/Src/stm32f7xx_hal_adc.o
                0x0000000008002c80                HAL_ADC_Init
 .text.HAL_ADC_ConfigChannel
                0x0000000008002d08      0x2ac ./Drivers/STM32F7xx_HAL_Driver/Src/stm32f7xx_hal_adc.o
                0x0000000008002d08                HAL_ADC_ConfigChannel
 .text.ADC_Init
                0x0000000008002fb4      0x1f4 ./Drivers/STM32F7xx_HAL_Driver/Src/stm32f7xx_hal_adc.o
 .text.__NVIC_SetPriorityGrouping
                0x00000000080031a8       0x48 ./Drivers/STM32F7xx_HAL_Driver/Src/stm32f7xx_hal_cortex.o
 .text.__NVIC_GetPriorityGrouping
                0x00000000080031f0       0x1c ./Drivers/STM32F7xx_HAL_Driver/Src/stm32f7xx_hal_cortex.o
 .text.__NVIC_EnableIRQ
                0x000000000800320c       0x3c ./Drivers/STM32F7xx_HAL_Driver/Src/stm32f7xx_hal_cortex.o
 .text.__NVIC_SetPriority
                0x0000000008003248       0x54 ./Drivers/STM32F7xx_HAL_Driver/Src/stm32f7xx_hal_cortex.o
 .text.NVIC_EncodePriority
                0x000000000800329c       0x66 ./Drivers/STM32F7xx_HAL_Driver/Src/stm32f7xx_hal_cortex.o
 *fill*         0x0000000008003302        0x2 
 .text.SysTick_Config
                0x0000000008003304       0x44 ./Drivers/STM32F7xx_HAL_Driver/Src/stm32f7xx_hal_cortex.o
 .text.HAL_NVIC_SetPriorityGrouping
                0x0000000008003348       0x16 ./Drivers/STM32F7xx_HAL_Driver/Src/stm32f7xx_hal_cortex.o
                0x0000000008003348                HAL_NVIC_SetPriorityGrouping
 .text.HAL_NVIC_SetPriority
                0x000000000800335e       0x38 ./Drivers/STM32F7xx_HAL_Driver/Src/stm32f7xx_hal_cortex.o
                0x000000000800335e                HAL_NVIC_SetPriority
 .text.HAL_NVIC_EnableIRQ
                0x0000000008003396       0x1c ./Drivers/STM32F7xx_HAL_Driver/Src/stm32f7xx_hal_cortex.o
                0x0000000008003396                HAL_NVIC_EnableIRQ
 .text.HAL_SYSTICK_Config
                0x00000000080033b2       0x18 ./Drivers/STM32F7xx_HAL_Driver/Src/stm32f7xx_hal_cortex.o
                0x00000000080033b2                HAL_SYSTICK_Config
 *fill*         0x00000000080033ca        0x2 
 .text.HAL_GPIO_Init
                0x00000000080033cc      0x358 ./Drivers/STM32F7xx_HAL_Driver/Src/stm32f7xx_hal_gpio.o
                0x00000000080033cc                HAL_GPIO_Init
 .text.HAL_GPIO_WritePin
                0x0000000008003724       0x32 ./Drivers/STM32F7xx_HAL_Driver/Src/stm32f7xx_hal_gpio.o
                0x0000000008003724                HAL_GPIO_WritePin
 *fill*         0x0000000008003756        0x2 
 .text.HAL_I2C_Init
                0x0000000008003758      0x120 ./Drivers/STM32F7xx_HAL_Driver/Src/stm32f7xx_hal_i2c.o
                0x0000000008003758                HAL_I2C_Init
 .text.HAL_I2C_Mem_Write
                0x0000000008003878      0x228 ./Drivers/STM32F7xx_HAL_Driver/Src/stm32f7xx_hal_i2c.o
                0x0000000008003878                HAL_I2C_Mem_Write
 .text.HAL_I2C_Mem_Read
                0x0000000008003aa0      0x234 ./Drivers/STM32F7xx_HAL_Driver/Src/stm32f7xx_hal_i2c.o
                0x0000000008003aa0                HAL_I2C_Mem_Read
 .text.I2C_RequestMemoryWrite
                0x0000000008003cd4       0xa8 ./Drivers/STM32F7xx_HAL_Driver/Src/stm32f7xx_hal_i2c.o
 .text.I2C_RequestMemoryRead
                0x0000000008003d7c       0xa8 ./Drivers/STM32F7xx_HAL_Driver/Src/stm32f7xx_hal_i2c.o
 .text.I2C_Flush_TXDR
                0x0000000008003e24       0x48 ./Drivers/STM32F7xx_HAL_Driver/Src/stm32f7xx_hal_i2c.o
 .text.I2C_WaitOnFlagUntilTimeout
                0x0000000008003e6c       0x80 ./Drivers/STM32F7xx_HAL_Driver/Src/stm32f7xx_hal_i2c.o
 .text.I2C_WaitOnTXISFlagUntilTimeout
                0x0000000008003eec       0x80 ./Drivers/STM32F7xx_HAL_Driver/Src/stm32f7xx_hal_i2c.o
 .text.I2C_WaitOnSTOPFlagUntilTimeout
                0x0000000008003f6c       0x78 ./Drivers/STM32F7xx_HAL_Driver/Src/stm32f7xx_hal_i2c.o
 .text.I2C_IsErrorOccurred
                0x0000000008003fe4      0x1c0 ./Drivers/STM32F7xx_HAL_Driver/Src/stm32f7xx_hal_i2c.o
 .text.I2C_TransferConfig
                0x00000000080041a4       0x64 ./Drivers/STM32F7xx_HAL_Driver/Src/stm32f7xx_hal_i2c.o
 .text.HAL_I2CEx_ConfigAnalogFilter
                0x0000000008004208       0x96 ./Drivers/STM32F7xx_HAL_Driver/Src/stm32f7xx_hal_i2c_ex.o
                0x0000000008004208                HAL_I2CEx_ConfigAnalogFilter
 .text.HAL_I2CEx_ConfigDigitalFilter
                0x000000000800429e       0x98 ./Drivers/STM32F7xx_HAL_Driver/Src/stm32f7xx_hal_i2c_ex.o
                0x000000000800429e                HAL_I2CEx_ConfigDigitalFilter
 *fill*         0x0000000008004336        0x2 
 .text.HAL_PWR_EnableBkUpAccess
                0x0000000008004338       0x20 ./Drivers/STM32F7xx_HAL_Driver/Src/stm32f7xx_hal_pwr.o
                0x0000000008004338                HAL_PWR_EnableBkUpAccess
 .text.HAL_PWREx_EnableOverDrive
                0x0000000008004358       0xa0 ./Drivers/STM32F7xx_HAL_Driver/Src/stm32f7xx_hal_pwr_ex.o
                0x0000000008004358                HAL_PWREx_EnableOverDrive
 .text.HAL_RCC_OscConfig
                0x00000000080043f8      0x55c ./Drivers/STM32F7xx_HAL_Driver/Src/stm32f7xx_hal_rcc.o
                0x00000000080043f8                HAL_RCC_OscConfig
 .text.HAL_RCC_ClockConfig
                0x0000000008004954      0x1d8 ./Drivers/STM32F7xx_HAL_Driver/Src/stm32f7xx_hal_rcc.o
                0x0000000008004954                HAL_RCC_ClockConfig
 .text.HAL_RCC_GetSysClockFreq
                0x0000000008004b2c      0x20c ./Drivers/STM32F7xx_HAL_Driver/Src/stm32f7xx_hal_rcc.o
                0x0000000008004b2c                HAL_RCC_GetSysClockFreq
 .text.HAL_RCC_GetHCLKFreq
                0x0000000008004d38       0x18 ./Drivers/STM32F7xx_HAL_Driver/Src/stm32f7xx_hal_rcc.o
                0x0000000008004d38                HAL_RCC_GetHCLKFreq
 .text.HAL_RCC_GetPCLK1Freq
                0x0000000008004d50       0x28 ./Drivers/STM32F7xx_HAL_Driver/Src/stm32f7xx_hal_rcc.o
                0x0000000008004d50                HAL_RCC_GetPCLK1Freq
 .text.HAL_RCC_GetPCLK2Freq
                0x0000000008004d78       0x28 ./Drivers/STM32F7xx_HAL_Driver/Src/stm32f7xx_hal_rcc.o
                0x0000000008004d78                HAL_RCC_GetPCLK2Freq
 .text.HAL_RCCEx_PeriphCLKConfig
                0x0000000008004da0      0x850 ./Drivers/STM32F7xx_HAL_Driver/Src/stm32f7xx_hal_rcc_ex.o
                0x0000000008004da0                HAL_RCCEx_PeriphCLKConfig
 .text.HAL_SPI_Init
                0x00000000080055f0      0x156 ./Drivers/STM32F7xx_HAL_Driver/Src/stm32f7xx_hal_spi.o
                0x00000000080055f0                HAL_SPI_Init
 .text.HAL_TIM_Base_Init
                0x0000000008005746       0xae ./Drivers/STM32F7xx_HAL_Driver/Src/stm32f7xx_hal_tim.o
                0x0000000008005746                HAL_TIM_Base_Init
 .text.HAL_TIM_Base_Start_IT
                0x00000000080057f4       0xf0 ./Drivers/STM32F7xx_HAL_Driver/Src/stm32f7xx_hal_tim.o
                0x00000000080057f4                HAL_TIM_Base_Start_IT
 .text.HAL_TIM_OC_Init
                0x00000000080058e4       0xae ./Drivers/STM32F7xx_HAL_Driver/Src/stm32f7xx_hal_tim.o
                0x00000000080058e4                HAL_TIM_OC_Init
 .text.HAL_TIM_OC_MspInit
                0x0000000008005992       0x14 ./Drivers/STM32F7xx_HAL_Driver/Src/stm32f7xx_hal_tim.o
                0x0000000008005992                HAL_TIM_OC_MspInit
 .text.HAL_TIM_PWM_Init
                0x00000000080059a6       0xae ./Drivers/STM32F7xx_HAL_Driver/Src/stm32f7xx_hal_tim.o
                0x00000000080059a6                HAL_TIM_PWM_Init
 .text.HAL_TIM_PWM_Start
                0x0000000008005a54      0x1f4 ./Drivers/STM32F7xx_HAL_Driver/Src/stm32f7xx_hal_tim.o
                0x0000000008005a54                HAL_TIM_PWM_Start
 .text.HAL_TIM_IC_Init
                0x0000000008005c48       0xae ./Drivers/STM32F7xx_HAL_Driver/Src/stm32f7xx_hal_tim.o
                0x0000000008005c48                HAL_TIM_IC_Init
 .text.HAL_TIM_IC_MspInit
                0x0000000008005cf6       0x14 ./Drivers/STM32F7xx_HAL_Driver/Src/stm32f7xx_hal_tim.o
                0x0000000008005cf6                HAL_TIM_IC_MspInit
 *fill*         0x0000000008005d0a        0x2 
 .text.HAL_TIM_Encoder_Init
                0x0000000008005d0c      0x14c ./Drivers/STM32F7xx_HAL_Driver/Src/stm32f7xx_hal_tim.o
                0x0000000008005d0c                HAL_TIM_Encoder_Init
 .text.HAL_TIM_Encoder_Start
                0x0000000008005e58      0x11c ./Drivers/STM32F7xx_HAL_Driver/Src/stm32f7xx_hal_tim.o
                0x0000000008005e58                HAL_TIM_Encoder_Start
 .text.HAL_TIM_IRQHandler
                0x0000000008005f74      0x23e ./Drivers/STM32F7xx_HAL_Driver/Src/stm32f7xx_hal_tim.o
                0x0000000008005f74                HAL_TIM_IRQHandler
 *fill*         0x00000000080061b2        0x2 
 .text.HAL_TIM_OC_ConfigChannel
                0x00000000080061b4       0xf4 ./Drivers/STM32F7xx_HAL_Driver/Src/stm32f7xx_hal_tim.o
                0x00000000080061b4                HAL_TIM_OC_ConfigChannel
 .text.HAL_TIM_IC_ConfigChannel
                0x00000000080062a8      0x138 ./Drivers/STM32F7xx_HAL_Driver/Src/stm32f7xx_hal_tim.o
                0x00000000080062a8                HAL_TIM_IC_ConfigChannel
 .text.HAL_TIM_PWM_ConfigChannel
                0x00000000080063e0      0x228 ./Drivers/STM32F7xx_HAL_Driver/Src/stm32f7xx_hal_tim.o
                0x00000000080063e0                HAL_TIM_PWM_ConfigChannel
 .text.HAL_TIM_ConfigClockSource
                0x0000000008006608      0x194 ./Drivers/STM32F7xx_HAL_Driver/Src/stm32f7xx_hal_tim.o
                0x0000000008006608                HAL_TIM_ConfigClockSource
 .text.HAL_TIM_OC_DelayElapsedCallback
                0x000000000800679c       0x14 ./Drivers/STM32F7xx_HAL_Driver/Src/stm32f7xx_hal_tim.o
                0x000000000800679c                HAL_TIM_OC_DelayElapsedCallback
 .text.HAL_TIM_IC_CaptureCallback
                0x00000000080067b0       0x14 ./Drivers/STM32F7xx_HAL_Driver/Src/stm32f7xx_hal_tim.o
                0x00000000080067b0                HAL_TIM_IC_CaptureCallback
 .text.HAL_TIM_PWM_PulseFinishedCallback
                0x00000000080067c4       0x14 ./Drivers/STM32F7xx_HAL_Driver/Src/stm32f7xx_hal_tim.o
                0x00000000080067c4                HAL_TIM_PWM_PulseFinishedCallback
 .text.HAL_TIM_TriggerCallback
                0x00000000080067d8       0x14 ./Drivers/STM32F7xx_HAL_Driver/Src/stm32f7xx_hal_tim.o
                0x00000000080067d8                HAL_TIM_TriggerCallback
 .text.TIM_Base_SetConfig
                0x00000000080067ec      0x140 ./Drivers/STM32F7xx_HAL_Driver/Src/stm32f7xx_hal_tim.o
                0x00000000080067ec                TIM_Base_SetConfig
 .text.TIM_OC1_SetConfig
                0x000000000800692c       0xe4 ./Drivers/STM32F7xx_HAL_Driver/Src/stm32f7xx_hal_tim.o
 .text.TIM_OC2_SetConfig
                0x0000000008006a10       0xf0 ./Drivers/STM32F7xx_HAL_Driver/Src/stm32f7xx_hal_tim.o
                0x0000000008006a10                TIM_OC2_SetConfig
 .text.TIM_OC3_SetConfig
                0x0000000008006b00       0xec ./Drivers/STM32F7xx_HAL_Driver/Src/stm32f7xx_hal_tim.o
 .text.TIM_OC4_SetConfig
                0x0000000008006bec       0xb0 ./Drivers/STM32F7xx_HAL_Driver/Src/stm32f7xx_hal_tim.o
 .text.TIM_OC5_SetConfig
                0x0000000008006c9c       0xa4 ./Drivers/STM32F7xx_HAL_Driver/Src/stm32f7xx_hal_tim.o
 .text.TIM_OC6_SetConfig
                0x0000000008006d40       0xa8 ./Drivers/STM32F7xx_HAL_Driver/Src/stm32f7xx_hal_tim.o
 .text.TIM_TI1_SetConfig
                0x0000000008006de8       0xe8 ./Drivers/STM32F7xx_HAL_Driver/Src/stm32f7xx_hal_tim.o
                0x0000000008006de8                TIM_TI1_SetConfig
 .text.TIM_TI1_ConfigInputStage
                0x0000000008006ed0       0x5e ./Drivers/STM32F7xx_HAL_Driver/Src/stm32f7xx_hal_tim.o
 .text.TIM_TI2_SetConfig
                0x0000000008006f2e       0x7a ./Drivers/STM32F7xx_HAL_Driver/Src/stm32f7xx_hal_tim.o
 .text.TIM_TI2_ConfigInputStage
                0x0000000008006fa8       0x60 ./Drivers/STM32F7xx_HAL_Driver/Src/stm32f7xx_hal_tim.o
 .text.TIM_TI3_SetConfig
                0x0000000008007008       0x78 ./Drivers/STM32F7xx_HAL_Driver/Src/stm32f7xx_hal_tim.o
 .text.TIM_TI4_SetConfig
                0x0000000008007080       0x7a ./Drivers/STM32F7xx_HAL_Driver/Src/stm32f7xx_hal_tim.o
 .text.TIM_ITRx_SetConfig
                0x00000000080070fa       0x36 ./Drivers/STM32F7xx_HAL_Driver/Src/stm32f7xx_hal_tim.o
 .text.TIM_ETR_SetConfig
                0x0000000008007130       0x40 ./Drivers/STM32F7xx_HAL_Driver/Src/stm32f7xx_hal_tim.o
                0x0000000008007130                TIM_ETR_SetConfig
 .text.TIM_CCxChannelCmd
                0x0000000008007170       0x4a ./Drivers/STM32F7xx_HAL_Driver/Src/stm32f7xx_hal_tim.o
                0x0000000008007170                TIM_CCxChannelCmd
 *fill*         0x00000000080071ba        0x2 
 .text.HAL_TIMEx_MasterConfigSynchronization
                0x00000000080071bc      0x11c ./Drivers/STM32F7xx_HAL_Driver/Src/stm32f7xx_hal_tim_ex.o
                0x00000000080071bc                HAL_TIMEx_MasterConfigSynchronization
 .text.HAL_TIMEx_ConfigBreakDeadTime
                0x00000000080072d8       0xfc ./Drivers/STM32F7xx_HAL_Driver/Src/stm32f7xx_hal_tim_ex.o
                0x00000000080072d8                HAL_TIMEx_ConfigBreakDeadTime
 .text.HAL_TIMEx_CommutCallback
                0x00000000080073d4       0x14 ./Drivers/STM32F7xx_HAL_Driver/Src/stm32f7xx_hal_tim_ex.o
                0x00000000080073d4                HAL_TIMEx_CommutCallback
 .text.HAL_TIMEx_BreakCallback
                0x00000000080073e8       0x14 ./Drivers/STM32F7xx_HAL_Driver/Src/stm32f7xx_hal_tim_ex.o
                0x00000000080073e8                HAL_TIMEx_BreakCallback
 .text.HAL_TIMEx_Break2Callback
                0x00000000080073fc       0x14 ./Drivers/STM32F7xx_HAL_Driver/Src/stm32f7xx_hal_tim_ex.o
                0x00000000080073fc                HAL_TIMEx_Break2Callback
 .text.HAL_UART_Init
                0x0000000008007410       0x9c ./Drivers/STM32F7xx_HAL_Driver/Src/stm32f7xx_hal_uart.o
                0x0000000008007410                HAL_UART_Init
 .text.HAL_UART_Transmit
                0x00000000080074ac      0x106 ./Drivers/STM32F7xx_HAL_Driver/Src/stm32f7xx_hal_uart.o
                0x00000000080074ac                HAL_UART_Transmit
 .text.HAL_UART_Receive
                0x00000000080075b2      0x188 ./Drivers/STM32F7xx_HAL_Driver/Src/stm32f7xx_hal_uart.o
                0x00000000080075b2                HAL_UART_Receive
 *fill*         0x000000000800773a        0x2 
 .text.UART_SetConfig
                0x000000000800773c      0x4c8 ./Drivers/STM32F7xx_HAL_Driver/Src/stm32f7xx_hal_uart.o
                0x000000000800773c                UART_SetConfig
 .text.UART_AdvFeatureConfig
                0x0000000008007c04      0x144 ./Drivers/STM32F7xx_HAL_Driver/Src/stm32f7xx_hal_uart.o
                0x0000000008007c04                UART_AdvFeatureConfig
 .text.UART_CheckIdleState
                0x0000000008007d48       0x9a ./Drivers/STM32F7xx_HAL_Driver/Src/stm32f7xx_hal_uart.o
                0x0000000008007d48                UART_CheckIdleState
 .text.UART_WaitOnFlagUntilTimeout
                0x0000000008007de2      0x18c ./Drivers/STM32F7xx_HAL_Driver/Src/stm32f7xx_hal_uart.o
                0x0000000008007de2                UART_WaitOnFlagUntilTimeout
 *fill*         0x0000000008007f6e        0x2 
 .text.__errno  0x0000000008007f70        0xc c:/program files/stmicroelectronics/stm32cube/stm32cubeide_1.11.2/stm32cubeide/plugins/com.st.stm32cube.ide.mcu.externaltools.gnu-tools-for-stm32.10.3-2021.10.win32_1.0.100.202210260954/tools/bin/../lib/gcc/arm-none-eabi/10.3.1/../../../../arm-none-eabi/lib/thumb/v7e-m+dp/hard\libc_nano.a(lib_a-errno.o)
                0x0000000008007f70                __errno
 .text.__libc_init_array
                0x0000000008007f7c       0x48 c:/program files/stmicroelectronics/stm32cube/stm32cubeide_1.11.2/stm32cubeide/plugins/com.st.stm32cube.ide.mcu.externaltools.gnu-tools-for-stm32.10.3-2021.10.win32_1.0.100.202210260954/tools/bin/../lib/gcc/arm-none-eabi/10.3.1/../../../../arm-none-eabi/lib/thumb/v7e-m+dp/hard\libc_nano.a(lib_a-init.o)
                0x0000000008007f7c                __libc_init_array
 .text.memcpy   0x0000000008007fc4       0x1c c:/program files/stmicroelectronics/stm32cube/stm32cubeide_1.11.2/stm32cubeide/plugins/com.st.stm32cube.ide.mcu.externaltools.gnu-tools-for-stm32.10.3-2021.10.win32_1.0.100.202210260954/tools/bin/../lib/gcc/arm-none-eabi/10.3.1/../../../../arm-none-eabi/lib/thumb/v7e-m+dp/hard\libc_nano.a(lib_a-memcpy-stub.o)
                0x0000000008007fc4                memcpy
 .text.memset   0x0000000008007fe0       0x10 c:/program files/stmicroelectronics/stm32cube/stm32cubeide_1.11.2/stm32cubeide/plugins/com.st.stm32cube.ide.mcu.externaltools.gnu-tools-for-stm32.10.3-2021.10.win32_1.0.100.202210260954/tools/bin/../lib/gcc/arm-none-eabi/10.3.1/../../../../arm-none-eabi/lib/thumb/v7e-m+dp/hard\libc_nano.a(lib_a-memset.o)
                0x0000000008007fe0                memset
 .text.printf   0x0000000008007ff0       0x30 c:/program files/stmicroelectronics/stm32cube/stm32cubeide_1.11.2/stm32cubeide/plugins/com.st.stm32cube.ide.mcu.externaltools.gnu-tools-for-stm32.10.3-2021.10.win32_1.0.100.202210260954/tools/bin/../lib/gcc/arm-none-eabi/10.3.1/../../../../arm-none-eabi/lib/thumb/v7e-m+dp/hard\libc_nano.a(lib_a-printf.o)
                0x0000000008007ff0                iprintf
                0x0000000008007ff0                printf
 .text.std      0x0000000008008020       0x48 c:/program files/stmicroelectronics/stm32cube/stm32cubeide_1.11.2/stm32cubeide/plugins/com.st.stm32cube.ide.mcu.externaltools.gnu-tools-for-stm32.10.3-2021.10.win32_1.0.100.202210260954/tools/bin/../lib/gcc/arm-none-eabi/10.3.1/../../../../arm-none-eabi/lib/thumb/v7e-m+dp/hard\libc_nano.a(lib_a-findfp.o)
 .text._cleanup_r
                0x0000000008008068        0xc c:/program files/stmicroelectronics/stm32cube/stm32cubeide_1.11.2/stm32cubeide/plugins/com.st.stm32cube.ide.mcu.externaltools.gnu-tools-for-stm32.10.3-2021.10.win32_1.0.100.202210260954/tools/bin/../lib/gcc/arm-none-eabi/10.3.1/../../../../arm-none-eabi/lib/thumb/v7e-m+dp/hard\libc_nano.a(lib_a-findfp.o)
                0x0000000008008068                _cleanup_r
 .text.__sfmoreglue
                0x0000000008008074       0x2c c:/program files/stmicroelectronics/stm32cube/stm32cubeide_1.11.2/stm32cubeide/plugins/com.st.stm32cube.ide.mcu.externaltools.gnu-tools-for-stm32.10.3-2021.10.win32_1.0.100.202210260954/tools/bin/../lib/gcc/arm-none-eabi/10.3.1/../../../../arm-none-eabi/lib/thumb/v7e-m+dp/hard\libc_nano.a(lib_a-findfp.o)
                0x0000000008008074                __sfmoreglue
 .text.__sfp_lock_acquire
                0x00000000080080a0        0xc c:/program files/stmicroelectronics/stm32cube/stm32cubeide_1.11.2/stm32cubeide/plugins/com.st.stm32cube.ide.mcu.externaltools.gnu-tools-for-stm32.10.3-2021.10.win32_1.0.100.202210260954/tools/bin/../lib/gcc/arm-none-eabi/10.3.1/../../../../arm-none-eabi/lib/thumb/v7e-m+dp/hard\libc_nano.a(lib_a-findfp.o)
                0x00000000080080a0                __sfp_lock_acquire
 .text.__sfp_lock_release
                0x00000000080080ac        0xc c:/program files/stmicroelectronics/stm32cube/stm32cubeide_1.11.2/stm32cubeide/plugins/com.st.stm32cube.ide.mcu.externaltools.gnu-tools-for-stm32.10.3-2021.10.win32_1.0.100.202210260954/tools/bin/../lib/gcc/arm-none-eabi/10.3.1/../../../../arm-none-eabi/lib/thumb/v7e-m+dp/hard\libc_nano.a(lib_a-findfp.o)
                0x00000000080080ac                __sfp_lock_release
 .text.__sinit_lock_acquire
                0x00000000080080b8        0xc c:/program files/stmicroelectronics/stm32cube/stm32cubeide_1.11.2/stm32cubeide/plugins/com.st.stm32cube.ide.mcu.externaltools.gnu-tools-for-stm32.10.3-2021.10.win32_1.0.100.202210260954/tools/bin/../lib/gcc/arm-none-eabi/10.3.1/../../../../arm-none-eabi/lib/thumb/v7e-m+dp/hard\libc_nano.a(lib_a-findfp.o)
                0x00000000080080b8                __sinit_lock_acquire
 .text.__sinit_lock_release
                0x00000000080080c4        0xc c:/program files/stmicroelectronics/stm32cube/stm32cubeide_1.11.2/stm32cubeide/plugins/com.st.stm32cube.ide.mcu.externaltools.gnu-tools-for-stm32.10.3-2021.10.win32_1.0.100.202210260954/tools/bin/../lib/gcc/arm-none-eabi/10.3.1/../../../../arm-none-eabi/lib/thumb/v7e-m+dp/hard\libc_nano.a(lib_a-findfp.o)
                0x00000000080080c4                __sinit_lock_release
 .text.__sinit  0x00000000080080d0       0x70 c:/program files/stmicroelectronics/stm32cube/stm32cubeide_1.11.2/stm32cubeide/plugins/com.st.stm32cube.ide.mcu.externaltools.gnu-tools-for-stm32.10.3-2021.10.win32_1.0.100.202210260954/tools/bin/../lib/gcc/arm-none-eabi/10.3.1/../../../../arm-none-eabi/lib/thumb/v7e-m+dp/hard\libc_nano.a(lib_a-findfp.o)
                0x00000000080080d0                __sinit
 .text.__sfp    0x0000000008008140       0x8c c:/program files/stmicroelectronics/stm32cube/stm32cubeide_1.11.2/stm32cubeide/plugins/com.st.stm32cube.ide.mcu.externaltools.gnu-tools-for-stm32.10.3-2021.10.win32_1.0.100.202210260954/tools/bin/../lib/gcc/arm-none-eabi/10.3.1/../../../../arm-none-eabi/lib/thumb/v7e-m+dp/hard\libc_nano.a(lib_a-findfp.o)
                0x0000000008008140                __sfp
 .text._fwalk_reent
                0x00000000080081cc       0x3e c:/program files/stmicroelectronics/stm32cube/stm32cubeide_1.11.2/stm32cubeide/plugins/com.st.stm32cube.ide.mcu.externaltools.gnu-tools-for-stm32.10.3-2021.10.win32_1.0.100.202210260954/tools/bin/../lib/gcc/arm-none-eabi/10.3.1/../../../../arm-none-eabi/lib/thumb/v7e-m+dp/hard\libc_nano.a(lib_a-fwalk.o)
                0x00000000080081cc                _fwalk_reent
 .text.__retarget_lock_init_recursive
                0x000000000800820a        0x2 c:/program files/stmicroelectronics/stm32cube/stm32cubeide_1.11.2/stm32cubeide/plugins/com.st.stm32cube.ide.mcu.externaltools.gnu-tools-for-stm32.10.3-2021.10.win32_1.0.100.202210260954/tools/bin/../lib/gcc/arm-none-eabi/10.3.1/../../../../arm-none-eabi/lib/thumb/v7e-m+dp/hard\libc_nano.a(lib_a-lock.o)
                0x000000000800820a                __retarget_lock_init_recursive
 .text.__retarget_lock_acquire_recursive
                0x000000000800820c        0x2 c:/program files/stmicroelectronics/stm32cube/stm32cubeide_1.11.2/stm32cubeide/plugins/com.st.stm32cube.ide.mcu.externaltools.gnu-tools-for-stm32.10.3-2021.10.win32_1.0.100.202210260954/tools/bin/../lib/gcc/arm-none-eabi/10.3.1/../../../../arm-none-eabi/lib/thumb/v7e-m+dp/hard\libc_nano.a(lib_a-lock.o)
                0x000000000800820c                __retarget_lock_acquire_recursive
 .text.__retarget_lock_release_recursive
                0x000000000800820e        0x2 c:/program files/stmicroelectronics/stm32cube/stm32cubeide_1.11.2/stm32cubeide/plugins/com.st.stm32cube.ide.mcu.externaltools.gnu-tools-for-stm32.10.3-2021.10.win32_1.0.100.202210260954/tools/bin/../lib/gcc/arm-none-eabi/10.3.1/../../../../arm-none-eabi/lib/thumb/v7e-m+dp/hard\libc_nano.a(lib_a-lock.o)
                0x000000000800820e                __retarget_lock_release_recursive
 .text.sbrk_aligned
                0x0000000008008210       0x40 c:/program files/stmicroelectronics/stm32cube/stm32cubeide_1.11.2/stm32cubeide/plugins/com.st.stm32cube.ide.mcu.externaltools.gnu-tools-for-stm32.10.3-2021.10.win32_1.0.100.202210260954/tools/bin/../lib/gcc/arm-none-eabi/10.3.1/../../../../arm-none-eabi/lib/thumb/v7e-m+dp/hard\libc_nano.a(lib_a-nano-mallocr.o)
 .text._malloc_r
                0x0000000008008250       0xe8 c:/program files/stmicroelectronics/stm32cube/stm32cubeide_1.11.2/stm32cubeide/plugins/com.st.stm32cube.ide.mcu.externaltools.gnu-tools-for-stm32.10.3-2021.10.win32_1.0.100.202210260954/tools/bin/../lib/gcc/arm-none-eabi/10.3.1/../../../../arm-none-eabi/lib/thumb/v7e-m+dp/hard\libc_nano.a(lib_a-nano-mallocr.o)
                0x0000000008008250                _malloc_r
 .text.__sfputc_r
                0x0000000008008338       0x2e c:/program files/stmicroelectronics/stm32cube/stm32cubeide_1.11.2/stm32cubeide/plugins/com.st.stm32cube.ide.mcu.externaltools.gnu-tools-for-stm32.10.3-2021.10.win32_1.0.100.202210260954/tools/bin/../lib/gcc/arm-none-eabi/10.3.1/../../../../arm-none-eabi/lib/thumb/v7e-m+dp/hard\libc_nano.a(lib_a-nano-vfprintf.o)
 .text.__sfputs_r
                0x0000000008008366       0x24 c:/program files/stmicroelectronics/stm32cube/stm32cubeide_1.11.2/stm32cubeide/plugins/com.st.stm32cube.ide.mcu.externaltools.gnu-tools-for-stm32.10.3-2021.10.win32_1.0.100.202210260954/tools/bin/../lib/gcc/arm-none-eabi/10.3.1/../../../../arm-none-eabi/lib/thumb/v7e-m+dp/hard\libc_nano.a(lib_a-nano-vfprintf.o)
                0x0000000008008366                __sfputs_r
 *fill*         0x000000000800838a        0x2 
 .text._vfprintf_r
                0x000000000800838c      0x260 c:/program files/stmicroelectronics/stm32cube/stm32cubeide_1.11.2/stm32cubeide/plugins/com.st.stm32cube.ide.mcu.externaltools.gnu-tools-for-stm32.10.3-2021.10.win32_1.0.100.202210260954/tools/bin/../lib/gcc/arm-none-eabi/10.3.1/../../../../arm-none-eabi/lib/thumb/v7e-m+dp/hard\libc_nano.a(lib_a-nano-vfprintf.o)
                0x000000000800838c                _vfprintf_r
                0x000000000800838c                _vfiprintf_r
 .text._printf_common
                0x00000000080085ec       0xda c:/program files/stmicroelectronics/stm32cube/stm32cubeide_1.11.2/stm32cubeide/plugins/com.st.stm32cube.ide.mcu.externaltools.gnu-tools-for-stm32.10.3-2021.10.win32_1.0.100.202210260954/tools/bin/../lib/gcc/arm-none-eabi/10.3.1/../../../../arm-none-eabi/lib/thumb/v7e-m+dp/hard\libc_nano.a(lib_a-nano-vfprintf_i.o)
                0x00000000080085ec                _printf_common
 *fill*         0x00000000080086c6        0x2 
 .text._printf_i
                0x00000000080086c8      0x24c c:/program files/stmicroelectronics/stm32cube/stm32cubeide_1.11.2/stm32cubeide/plugins/com.st.stm32cube.ide.mcu.externaltools.gnu-tools-for-stm32.10.3-2021.10.win32_1.0.100.202210260954/tools/bin/../lib/gcc/arm-none-eabi/10.3.1/../../../../arm-none-eabi/lib/thumb/v7e-m+dp/hard\libc_nano.a(lib_a-nano-vfprintf_i.o)
                0x00000000080086c8                _printf_i
 .text._sbrk_r  0x0000000008008914       0x20 c:/program files/stmicroelectronics/stm32cube/stm32cubeide_1.11.2/stm32cubeide/plugins/com.st.stm32cube.ide.mcu.externaltools.gnu-tools-for-stm32.10.3-2021.10.win32_1.0.100.202210260954/tools/bin/../lib/gcc/arm-none-eabi/10.3.1/../../../../arm-none-eabi/lib/thumb/v7e-m+dp/hard\libc_nano.a(lib_a-sbrkr.o)
                0x0000000008008914                _sbrk_r
 .text.__sread  0x0000000008008934       0x22 c:/program files/stmicroelectronics/stm32cube/stm32cubeide_1.11.2/stm32cubeide/plugins/com.st.stm32cube.ide.mcu.externaltools.gnu-tools-for-stm32.10.3-2021.10.win32_1.0.100.202210260954/tools/bin/../lib/gcc/arm-none-eabi/10.3.1/../../../../arm-none-eabi/lib/thumb/v7e-m+dp/hard\libc_nano.a(lib_a-stdio.o)
                0x0000000008008934                __sread
 .text.__swrite
                0x0000000008008956       0x38 c:/program files/stmicroelectronics/stm32cube/stm32cubeide_1.11.2/stm32cubeide/plugins/com.st.stm32cube.ide.mcu.externaltools.gnu-tools-for-stm32.10.3-2021.10.win32_1.0.100.202210260954/tools/bin/../lib/gcc/arm-none-eabi/10.3.1/../../../../arm-none-eabi/lib/thumb/v7e-m+dp/hard\libc_nano.a(lib_a-stdio.o)
                0x0000000008008956                __swrite
 .text.__sseek  0x000000000800898e       0x24 c:/program files/stmicroelectronics/stm32cube/stm32cubeide_1.11.2/stm32cubeide/plugins/com.st.stm32cube.ide.mcu.externaltools.gnu-tools-for-stm32.10.3-2021.10.win32_1.0.100.202210260954/tools/bin/../lib/gcc/arm-none-eabi/10.3.1/../../../../arm-none-eabi/lib/thumb/v7e-m+dp/hard\libc_nano.a(lib_a-stdio.o)
                0x000000000800898e                __sseek
 .text.__sclose
                0x00000000080089b2        0x8 c:/program files/stmicroelectronics/stm32cube/stm32cubeide_1.11.2/stm32cubeide/plugins/com.st.stm32cube.ide.mcu.externaltools.gnu-tools-for-stm32.10.3-2021.10.win32_1.0.100.202210260954/tools/bin/../lib/gcc/arm-none-eabi/10.3.1/../../../../arm-none-eabi/lib/thumb/v7e-m+dp/hard\libc_nano.a(lib_a-stdio.o)
                0x00000000080089b2                __sclose
 *fill*         0x00000000080089ba        0x2 
 .text.__swbuf_r
                0x00000000080089bc       0xa4 c:/program files/stmicroelectronics/stm32cube/stm32cubeide_1.11.2/stm32cubeide/plugins/com.st.stm32cube.ide.mcu.externaltools.gnu-tools-for-stm32.10.3-2021.10.win32_1.0.100.202210260954/tools/bin/../lib/gcc/arm-none-eabi/10.3.1/../../../../arm-none-eabi/lib/thumb/v7e-m+dp/hard\libc_nano.a(lib_a-wbuf.o)
                0x00000000080089bc                __swbuf_r
 .text._write_r
                0x0000000008008a60       0x24 c:/program files/stmicroelectronics/stm32cube/stm32cubeide_1.11.2/stm32cubeide/plugins/com.st.stm32cube.ide.mcu.externaltools.gnu-tools-for-stm32.10.3-2021.10.win32_1.0.100.202210260954/tools/bin/../lib/gcc/arm-none-eabi/10.3.1/../../../../arm-none-eabi/lib/thumb/v7e-m+dp/hard\libc_nano.a(lib_a-writer.o)
                0x0000000008008a60                _write_r
 .text.__swsetup_r
                0x0000000008008a84       0xdc c:/program files/stmicroelectronics/stm32cube/stm32cubeide_1.11.2/stm32cubeide/plugins/com.st.stm32cube.ide.mcu.externaltools.gnu-tools-for-stm32.10.3-2021.10.win32_1.0.100.202210260954/tools/bin/../lib/gcc/arm-none-eabi/10.3.1/../../../../arm-none-eabi/lib/thumb/v7e-m+dp/hard\libc_nano.a(lib_a-wsetup.o)
                0x0000000008008a84                __swsetup_r
 .text._close_r
                0x0000000008008b60       0x20 c:/program files/stmicroelectronics/stm32cube/stm32cubeide_1.11.2/stm32cubeide/plugins/com.st.stm32cube.ide.mcu.externaltools.gnu-tools-for-stm32.10.3-2021.10.win32_1.0.100.202210260954/tools/bin/../lib/gcc/arm-none-eabi/10.3.1/../../../../arm-none-eabi/lib/thumb/v7e-m+dp/hard\libc_nano.a(lib_a-closer.o)
                0x0000000008008b60                _close_r
 .text.__sflush_r
                0x0000000008008b80      0x10c c:/program files/stmicroelectronics/stm32cube/stm32cubeide_1.11.2/stm32cubeide/plugins/com.st.stm32cube.ide.mcu.externaltools.gnu-tools-for-stm32.10.3-2021.10.win32_1.0.100.202210260954/tools/bin/../lib/gcc/arm-none-eabi/10.3.1/../../../../arm-none-eabi/lib/thumb/v7e-m+dp/hard\libc_nano.a(lib_a-fflush.o)
                0x0000000008008b80                __sflush_r
 .text._fflush_r
                0x0000000008008c8c       0x78 c:/program files/stmicroelectronics/stm32cube/stm32cubeide_1.11.2/stm32cubeide/plugins/com.st.stm32cube.ide.mcu.externaltools.gnu-tools-for-stm32.10.3-2021.10.win32_1.0.100.202210260954/tools/bin/../lib/gcc/arm-none-eabi/10.3.1/../../../../arm-none-eabi/lib/thumb/v7e-m+dp/hard\libc_nano.a(lib_a-fflush.o)
                0x0000000008008c8c                _fflush_r
 .text._lseek_r
                0x0000000008008d04       0x24 c:/program files/stmicroelectronics/stm32cube/stm32cubeide_1.11.2/stm32cubeide/plugins/com.st.stm32cube.ide.mcu.externaltools.gnu-tools-for-stm32.10.3-2021.10.win32_1.0.100.202210260954/tools/bin/../lib/gcc/arm-none-eabi/10.3.1/../../../../arm-none-eabi/lib/thumb/v7e-m+dp/hard\libc_nano.a(lib_a-lseekr.o)
                0x0000000008008d04                _lseek_r
 .text.__swhatbuf_r
                0x0000000008008d28       0x4a c:/program files/stmicroelectronics/stm32cube/stm32cubeide_1.11.2/stm32cubeide/plugins/com.st.stm32cube.ide.mcu.externaltools.gnu-tools-for-stm32.10.3-2021.10.win32_1.0.100.202210260954/tools/bin/../lib/gcc/arm-none-eabi/10.3.1/../../../../arm-none-eabi/lib/thumb/v7e-m+dp/hard\libc_nano.a(lib_a-makebuf.o)
                0x0000000008008d28                __swhatbuf_r
 *fill*         0x0000000008008d72        0x2 
 .text.__smakebuf_r
                0x0000000008008d74       0x80 c:/program files/stmicroelectronics/stm32cube/stm32cubeide_1.11.2/stm32cubeide/plugins/com.st.stm32cube.ide.mcu.externaltools.gnu-tools-for-stm32.10.3-2021.10.win32_1.0.100.202210260954/tools/bin/../lib/gcc/arm-none-eabi/10.3.1/../../../../arm-none-eabi/lib/thumb/v7e-m+dp/hard\libc_nano.a(lib_a-makebuf.o)
                0x0000000008008d74                __smakebuf_r
 .text.__malloc_lock
                0x0000000008008df4        0xc c:/program files/stmicroelectronics/stm32cube/stm32cubeide_1.11.2/stm32cubeide/plugins/com.st.stm32cube.ide.mcu.externaltools.gnu-tools-for-stm32.10.3-2021.10.win32_1.0.100.202210260954/tools/bin/../lib/gcc/arm-none-eabi/10.3.1/../../../../arm-none-eabi/lib/thumb/v7e-m+dp/hard\libc_nano.a(lib_a-mlock.o)
                0x0000000008008df4                __malloc_lock
 .text.__malloc_unlock
                0x0000000008008e00        0xc c:/program files/stmicroelectronics/stm32cube/stm32cubeide_1.11.2/stm32cubeide/plugins/com.st.stm32cube.ide.mcu.externaltools.gnu-tools-for-stm32.10.3-2021.10.win32_1.0.100.202210260954/tools/bin/../lib/gcc/arm-none-eabi/10.3.1/../../../../arm-none-eabi/lib/thumb/v7e-m+dp/hard\libc_nano.a(lib_a-mlock.o)
                0x0000000008008e00                __malloc_unlock
 .text._free_r  0x0000000008008e0c       0x98 c:/program files/stmicroelectronics/stm32cube/stm32cubeide_1.11.2/stm32cubeide/plugins/com.st.stm32cube.ide.mcu.externaltools.gnu-tools-for-stm32.10.3-2021.10.win32_1.0.100.202210260954/tools/bin/../lib/gcc/arm-none-eabi/10.3.1/../../../../arm-none-eabi/lib/thumb/v7e-m+dp/hard\libc_nano.a(lib_a-nano-freer.o)
                0x0000000008008e0c                _free_r
 .text._read_r  0x0000000008008ea4       0x24 c:/program files/stmicroelectronics/stm32cube/stm32cubeide_1.11.2/stm32cubeide/plugins/com.st.stm32cube.ide.mcu.externaltools.gnu-tools-for-stm32.10.3-2021.10.win32_1.0.100.202210260954/tools/bin/../lib/gcc/arm-none-eabi/10.3.1/../../../../arm-none-eabi/lib/thumb/v7e-m+dp/hard\libc_nano.a(lib_a-readr.o)
                0x0000000008008ea4                _read_r
 .text._fstat_r
                0x0000000008008ec8       0x24 c:/program files/stmicroelectronics/stm32cube/stm32cubeide_1.11.2/stm32cubeide/plugins/com.st.stm32cube.ide.mcu.externaltools.gnu-tools-for-stm32.10.3-2021.10.win32_1.0.100.202210260954/tools/bin/../lib/gcc/arm-none-eabi/10.3.1/../../../../arm-none-eabi/lib/thumb/v7e-m+dp/hard\libc_nano.a(lib_a-fstatr.o)
                0x0000000008008ec8                _fstat_r
 .text._isatty_r
                0x0000000008008eec       0x20 c:/program files/stmicroelectronics/stm32cube/stm32cubeide_1.11.2/stm32cubeide/plugins/com.st.stm32cube.ide.mcu.externaltools.gnu-tools-for-stm32.10.3-2021.10.win32_1.0.100.202210260954/tools/bin/../lib/gcc/arm-none-eabi/10.3.1/../../../../arm-none-eabi/lib/thumb/v7e-m+dp/hard\libc_nano.a(lib_a-isattyr.o)
                0x0000000008008eec                _isatty_r
 *(.glue_7)
 .glue_7        0x0000000008008f0c        0x0 linker stubs
 *(.glue_7t)
 .glue_7t       0x0000000008008f0c        0x0 linker stubs
 *(.eh_frame)
 .eh_frame      0x0000000008008f0c        0x0 c:/program files/stmicroelectronics/stm32cube/stm32cubeide_1.11.2/stm32cubeide/plugins/com.st.stm32cube.ide.mcu.externaltools.gnu-tools-for-stm32.10.3-2021.10.win32_1.0.100.202210260954/tools/bin/../lib/gcc/arm-none-eabi/10.3.1/thumb/v7e-m+dp/hard/crtbegin.o
 *(.init)
 .init          0x0000000008008f0c        0x4 c:/program files/stmicroelectronics/stm32cube/stm32cubeide_1.11.2/stm32cubeide/plugins/com.st.stm32cube.ide.mcu.externaltools.gnu-tools-for-stm32.10.3-2021.10.win32_1.0.100.202210260954/tools/bin/../lib/gcc/arm-none-eabi/10.3.1/thumb/v7e-m+dp/hard/crti.o
                0x0000000008008f0c                _init
 .init          0x0000000008008f10        0x8 c:/program files/stmicroelectronics/stm32cube/stm32cubeide_1.11.2/stm32cubeide/plugins/com.st.stm32cube.ide.mcu.externaltools.gnu-tools-for-stm32.10.3-2021.10.win32_1.0.100.202210260954/tools/bin/../lib/gcc/arm-none-eabi/10.3.1/thumb/v7e-m+dp/hard/crtn.o
 *(.fini)
 .fini          0x0000000008008f18        0x4 c:/program files/stmicroelectronics/stm32cube/stm32cubeide_1.11.2/stm32cubeide/plugins/com.st.stm32cube.ide.mcu.externaltools.gnu-tools-for-stm32.10.3-2021.10.win32_1.0.100.202210260954/tools/bin/../lib/gcc/arm-none-eabi/10.3.1/thumb/v7e-m+dp/hard/crti.o
                0x0000000008008f18                _fini
 .fini          0x0000000008008f1c        0x8 c:/program files/stmicroelectronics/stm32cube/stm32cubeide_1.11.2/stm32cubeide/plugins/com.st.stm32cube.ide.mcu.externaltools.gnu-tools-for-stm32.10.3-2021.10.win32_1.0.100.202210260954/tools/bin/../lib/gcc/arm-none-eabi/10.3.1/thumb/v7e-m+dp/hard/crtn.o
                0x0000000008008f24                . = ALIGN (0x4)
                0x0000000008008f24                _etext = .

.vfp11_veneer   0x0000000008008f24        0x0
 .vfp11_veneer  0x0000000008008f24        0x0 linker stubs

.v4_bx          0x0000000008008f24        0x0
 .v4_bx         0x0000000008008f24        0x0 linker stubs

.iplt           0x0000000008008f24        0x0
 .iplt          0x0000000008008f24        0x0 c:/program files/stmicroelectronics/stm32cube/stm32cubeide_1.11.2/stm32cubeide/plugins/com.st.stm32cube.ide.mcu.externaltools.gnu-tools-for-stm32.10.3-2021.10.win32_1.0.100.202210260954/tools/bin/../lib/gcc/arm-none-eabi/10.3.1/thumb/v7e-m+dp/hard/crtbegin.o

.rodata         0x0000000008008f24       0xe4
                0x0000000008008f24                . = ALIGN (0x4)
 *(.rodata)
 .rodata        0x0000000008008f24       0x32 ./Core/Src/main.o
 *(.rodata*)
 *fill*         0x0000000008008f56        0x2 
 .rodata.AHBPrescTable
                0x0000000008008f58       0x10 ./Core/Src/system_stm32f7xx.o
                0x0000000008008f58                AHBPrescTable
 .rodata.APBPrescTable
                0x0000000008008f68        0x8 ./Core/Src/system_stm32f7xx.o
                0x0000000008008f68                APBPrescTable
 .rodata._global_impure_ptr
                0x0000000008008f70        0x4 c:/program files/stmicroelectronics/stm32cube/stm32cubeide_1.11.2/stm32cubeide/plugins/com.st.stm32cube.ide.mcu.externaltools.gnu-tools-for-stm32.10.3-2021.10.win32_1.0.100.202210260954/tools/bin/../lib/gcc/arm-none-eabi/10.3.1/../../../../arm-none-eabi/lib/thumb/v7e-m+dp/hard\libc_nano.a(lib_a-impure.o)
                0x0000000008008f70                _global_impure_ptr
 .rodata.__sf_fake_stderr
                0x0000000008008f74       0x20 c:/program files/stmicroelectronics/stm32cube/stm32cubeide_1.11.2/stm32cubeide/plugins/com.st.stm32cube.ide.mcu.externaltools.gnu-tools-for-stm32.10.3-2021.10.win32_1.0.100.202210260954/tools/bin/../lib/gcc/arm-none-eabi/10.3.1/../../../../arm-none-eabi/lib/thumb/v7e-m+dp/hard\libc_nano.a(lib_a-findfp.o)
                0x0000000008008f74                __sf_fake_stderr
 .rodata.__sf_fake_stdin
                0x0000000008008f94       0x20 c:/program files/stmicroelectronics/stm32cube/stm32cubeide_1.11.2/stm32cubeide/plugins/com.st.stm32cube.ide.mcu.externaltools.gnu-tools-for-stm32.10.3-2021.10.win32_1.0.100.202210260954/tools/bin/../lib/gcc/arm-none-eabi/10.3.1/../../../../arm-none-eabi/lib/thumb/v7e-m+dp/hard\libc_nano.a(lib_a-findfp.o)
                0x0000000008008f94                __sf_fake_stdin
 .rodata.__sf_fake_stdout
                0x0000000008008fb4       0x20 c:/program files/stmicroelectronics/stm32cube/stm32cubeide_1.11.2/stm32cubeide/plugins/com.st.stm32cube.ide.mcu.externaltools.gnu-tools-for-stm32.10.3-2021.10.win32_1.0.100.202210260954/tools/bin/../lib/gcc/arm-none-eabi/10.3.1/../../../../arm-none-eabi/lib/thumb/v7e-m+dp/hard\libc_nano.a(lib_a-findfp.o)
                0x0000000008008fb4                __sf_fake_stdout
 .rodata._vfprintf_r.str1.1
                0x0000000008008fd4       0x11 c:/program files/stmicroelectronics/stm32cube/stm32cubeide_1.11.2/stm32cubeide/plugins/com.st.stm32cube.ide.mcu.externaltools.gnu-tools-for-stm32.10.3-2021.10.win32_1.0.100.202210260954/tools/bin/../lib/gcc/arm-none-eabi/10.3.1/../../../../arm-none-eabi/lib/thumb/v7e-m+dp/hard\libc_nano.a(lib_a-nano-vfprintf.o)
 .rodata._printf_i.str1.1
                0x0000000008008fe5       0x22 c:/program files/stmicroelectronics/stm32cube/stm32cubeide_1.11.2/stm32cubeide/plugins/com.st.stm32cube.ide.mcu.externaltools.gnu-tools-for-stm32.10.3-2021.10.win32_1.0.100.202210260954/tools/bin/../lib/gcc/arm-none-eabi/10.3.1/../../../../arm-none-eabi/lib/thumb/v7e-m+dp/hard\libc_nano.a(lib_a-nano-vfprintf_i.o)
                0x0000000008009008                . = ALIGN (0x4)
 *fill*         0x0000000008009007        0x1 

.ARM.extab      0x0000000008009008        0x0
                0x0000000008009008                . = ALIGN (0x4)
 *(.ARM.extab* .gnu.linkonce.armextab.*)
                0x0000000008009008                . = ALIGN (0x4)

.ARM            0x0000000008009008        0x8
                0x0000000008009008                . = ALIGN (0x4)
                0x0000000008009008                __exidx_start = .
 *(.ARM.exidx*)
 .ARM.exidx     0x0000000008009008        0x8 c:/program files/stmicroelectronics/stm32cube/stm32cubeide_1.11.2/stm32cubeide/plugins/com.st.stm32cube.ide.mcu.externaltools.gnu-tools-for-stm32.10.3-2021.10.win32_1.0.100.202210260954/tools/bin/../lib/gcc/arm-none-eabi/10.3.1/thumb/v7e-m+dp/hard\libgcc.a(_udivmoddi4.o)
                0x0000000008009010                __exidx_end = .
                0x0000000008009010                . = ALIGN (0x4)

.rel.dyn        0x0000000008009010        0x0
 .rel.iplt      0x0000000008009010        0x0 c:/program files/stmicroelectronics/stm32cube/stm32cubeide_1.11.2/stm32cubeide/plugins/com.st.stm32cube.ide.mcu.externaltools.gnu-tools-for-stm32.10.3-2021.10.win32_1.0.100.202210260954/tools/bin/../lib/gcc/arm-none-eabi/10.3.1/thumb/v7e-m+dp/hard/crtbegin.o

.preinit_array  0x0000000008009010        0x0
                0x0000000008009010                . = ALIGN (0x4)
                0x0000000008009010                PROVIDE (__preinit_array_start = .)
 *(.preinit_array*)
                0x0000000008009010                PROVIDE (__preinit_array_end = .)
                0x0000000008009010                . = ALIGN (0x4)

.init_array     0x0000000008009010        0x4
                0x0000000008009010                . = ALIGN (0x4)
                0x0000000008009010                PROVIDE (__init_array_start = .)
 *(SORT_BY_NAME(.init_array.*))
 *(.init_array*)
 .init_array    0x0000000008009010        0x4 c:/program files/stmicroelectronics/stm32cube/stm32cubeide_1.11.2/stm32cubeide/plugins/com.st.stm32cube.ide.mcu.externaltools.gnu-tools-for-stm32.10.3-2021.10.win32_1.0.100.202210260954/tools/bin/../lib/gcc/arm-none-eabi/10.3.1/thumb/v7e-m+dp/hard/crtbegin.o
                0x0000000008009014                PROVIDE (__init_array_end = .)
                0x0000000008009014                . = ALIGN (0x4)

.fini_array     0x0000000008009014        0x4
                0x0000000008009014                . = ALIGN (0x4)
                [!provide]                        PROVIDE (__fini_array_start = .)
 *(SORT_BY_NAME(.fini_array.*))
 *(.fini_array*)
 .fini_array    0x0000000008009014        0x4 c:/program files/stmicroelectronics/stm32cube/stm32cubeide_1.11.2/stm32cubeide/plugins/com.st.stm32cube.ide.mcu.externaltools.gnu-tools-for-stm32.10.3-2021.10.win32_1.0.100.202210260954/tools/bin/../lib/gcc/arm-none-eabi/10.3.1/thumb/v7e-m+dp/hard/crtbegin.o
                [!provide]                        PROVIDE (__fini_array_end = .)
                0x0000000008009018                . = ALIGN (0x4)
                0x0000000008009018                _sidata = LOADADDR (.data)

.data           0x0000000020000000       0x78 load address 0x0000000008009018
                0x0000000020000000                . = ALIGN (0x4)
                0x0000000020000000                _sdata = .
 *(.data)
 *(.data*)
 .data.Kp       0x0000000020000000        0x4 ./Core/Src/main.o
                0x0000000020000000                Kp
 .data.KI       0x0000000020000004        0x4 ./Core/Src/main.o
                0x0000000020000004                KI
 .data.SystemCoreClock
                0x0000000020000008        0x4 ./Core/Src/system_stm32f7xx.o
                0x0000000020000008                SystemCoreClock
 .data.uwTickPrio
                0x000000002000000c        0x4 ./Drivers/STM32F7xx_HAL_Driver/Src/stm32f7xx_hal.o
                0x000000002000000c                uwTickPrio
 .data.uwTickFreq
                0x0000000020000010        0x1 ./Drivers/STM32F7xx_HAL_Driver/Src/stm32f7xx_hal.o
                0x0000000020000010                uwTickFreq
 *fill*         0x0000000020000011        0x3 
 .data._impure_ptr
                0x0000000020000014        0x4 c:/program files/stmicroelectronics/stm32cube/stm32cubeide_1.11.2/stm32cubeide/plugins/com.st.stm32cube.ide.mcu.externaltools.gnu-tools-for-stm32.10.3-2021.10.win32_1.0.100.202210260954/tools/bin/../lib/gcc/arm-none-eabi/10.3.1/../../../../arm-none-eabi/lib/thumb/v7e-m+dp/hard\libc_nano.a(lib_a-impure.o)
                0x0000000020000014                _impure_ptr
 .data.impure_data
                0x0000000020000018       0x60 c:/program files/stmicroelectronics/stm32cube/stm32cubeide_1.11.2/stm32cubeide/plugins/com.st.stm32cube.ide.mcu.externaltools.gnu-tools-for-stm32.10.3-2021.10.win32_1.0.100.202210260954/tools/bin/../lib/gcc/arm-none-eabi/10.3.1/../../../../arm-none-eabi/lib/thumb/v7e-m+dp/hard\libc_nano.a(lib_a-impure.o)
 *(.RamFunc)
 *(.RamFunc*)
                0x0000000020000078                . = ALIGN (0x4)
                0x0000000020000078                _edata = .

.igot.plt       0x0000000020000078        0x0 load address 0x0000000008009090
 .igot.plt      0x0000000020000078        0x0 c:/program files/stmicroelectronics/stm32cube/stm32cubeide_1.11.2/stm32cubeide/plugins/com.st.stm32cube.ide.mcu.externaltools.gnu-tools-for-stm32.10.3-2021.10.win32_1.0.100.202210260954/tools/bin/../lib/gcc/arm-none-eabi/10.3.1/thumb/v7e-m+dp/hard/crtbegin.o
                0x0000000020000078                . = ALIGN (0x4)

.bss            0x0000000020000078      0x7a8 load address 0x0000000008009090
                0x0000000020000078                _sbss = .
                0x0000000020000078                __bss_start__ = _sbss
 *(.bss)
 .bss           0x0000000020000078       0x1c c:/program files/stmicroelectronics/stm32cube/stm32cubeide_1.11.2/stm32cubeide/plugins/com.st.stm32cube.ide.mcu.externaltools.gnu-tools-for-stm32.10.3-2021.10.win32_1.0.100.202210260954/tools/bin/../lib/gcc/arm-none-eabi/10.3.1/thumb/v7e-m+dp/hard/crtbegin.o
 *(.bss*)
 .bss.hadc1     0x0000000020000094       0x48 ./Core/Src/main.o
                0x0000000020000094                hadc1
 .bss.hi2c1     0x00000000200000dc       0x54 ./Core/Src/main.o
                0x00000000200000dc                hi2c1
 .bss.hi2c2     0x0000000020000130       0x54 ./Core/Src/main.o
                0x0000000020000130                hi2c2
 .bss.hspi1     0x0000000020000184       0x64 ./Core/Src/main.o
                0x0000000020000184                hspi1
 .bss.htim1     0x00000000200001e8       0x4c ./Core/Src/main.o
                0x00000000200001e8                htim1
 .bss.htim2     0x0000000020000234       0x4c ./Core/Src/main.o
                0x0000000020000234                htim2
 .bss.htim3     0x0000000020000280       0x4c ./Core/Src/main.o
                0x0000000020000280                htim3
 .bss.htim4     0x00000000200002cc       0x4c ./Core/Src/main.o
                0x00000000200002cc                htim4
 .bss.htim5     0x0000000020000318       0x4c ./Core/Src/main.o
                0x0000000020000318                htim5
 .bss.htim6     0x0000000020000364       0x4c ./Core/Src/main.o
                0x0000000020000364                htim6
 .bss.htim8     0x00000000200003b0       0x4c ./Core/Src/main.o
                0x00000000200003b0                htim8
 .bss.htim9     0x00000000200003fc       0x4c ./Core/Src/main.o
                0x00000000200003fc                htim9
 .bss.huart4    0x0000000020000448       0x88 ./Core/Src/main.o
                0x0000000020000448                huart4
 .bss.huart5    0x00000000200004d0       0x88 ./Core/Src/main.o
                0x00000000200004d0                huart5
 .bss.huart1    0x0000000020000558       0x88 ./Core/Src/main.o
                0x0000000020000558                huart1
 .bss.huart2    0x00000000200005e0       0x88 ./Core/Src/main.o
                0x00000000200005e0                huart2
 .bss.huart3    0x0000000020000668       0x88 ./Core/Src/main.o
                0x0000000020000668                huart3
 .bss.logger    0x00000000200006f0       0xcc ./Core/Src/main.o
                0x00000000200006f0                logger
 .bss.controller_return_1
                0x00000000200007bc        0x4 ./Core/Src/main.o
                0x00000000200007bc                controller_return_1
 .bss.motor_V_1
                0x00000000200007c0        0x4 ./Core/Src/main.o
                0x00000000200007c0                motor_V_1
 .bss.tracking_error_1
                0x00000000200007c4        0x4 ./Core/Src/main.o
                0x00000000200007c4                tracking_error_1
 .bss.controller_return_2
                0x00000000200007c8        0x4 ./Core/Src/main.o
                0x00000000200007c8                controller_return_2
 .bss.motor_V_2
                0x00000000200007cc        0x4 ./Core/Src/main.o
                0x00000000200007cc                motor_V_2
 .bss.tracking_error_2
                0x00000000200007d0        0x4 ./Core/Src/main.o
                0x00000000200007d0                tracking_error_2
 .bss.reference_rpm_L
                0x00000000200007d4        0x4 ./Core/Src/main.o
                0x00000000200007d4                reference_rpm_L
 .bss.reference_rpm_R
                0x00000000200007d8        0x4 ./Core/Src/main.o
                0x00000000200007d8                reference_rpm_R
 .bss.data_log  0x00000000200007dc       0x18 ./Core/Src/main.o
                0x00000000200007dc                data_log
 .bss.lineData  0x00000000200007f4        0x1 ./Core/Src/main.o
                0x00000000200007f4                lineData
 .bss.data      0x00000000200007f5        0x1 ./Core/Src/main.o
                0x00000000200007f5                data
 .bss.status    0x00000000200007f6        0x1 ./Core/Src/main.o
                0x00000000200007f6                status
 *fill*         0x00000000200007f7        0x1 
 .bss.duty_1    0x00000000200007f8        0x4 ./Core/Src/main.o
                0x00000000200007f8                duty_1
 .bss.I.2       0x00000000200007fc        0x4 ./Core/Src/main.o
 .bss.TIM3_PreviousCount.1
                0x0000000020000800        0x4 ./Core/Src/main.o
 .bss.TIM4_PreviousCount.0
                0x0000000020000804        0x4 ./Core/Src/main.o
 .bss.__sbrk_heap_end
                0x0000000020000808        0x4 ./Core/Src/sysmem.o
 .bss.uwTick    0x000000002000080c        0x4 ./Drivers/STM32F7xx_HAL_Driver/Src/stm32f7xx_hal.o
                0x000000002000080c                uwTick
 .bss.__lock___malloc_recursive_mutex
                0x0000000020000810        0x1 c:/program files/stmicroelectronics/stm32cube/stm32cubeide_1.11.2/stm32cubeide/plugins/com.st.stm32cube.ide.mcu.externaltools.gnu-tools-for-stm32.10.3-2021.10.win32_1.0.100.202210260954/tools/bin/../lib/gcc/arm-none-eabi/10.3.1/../../../../arm-none-eabi/lib/thumb/v7e-m+dp/hard\libc_nano.a(lib_a-lock.o)
                0x0000000020000810                __lock___malloc_recursive_mutex
 .bss.__lock___sfp_recursive_mutex
                0x0000000020000811        0x1 c:/program files/stmicroelectronics/stm32cube/stm32cubeide_1.11.2/stm32cubeide/plugins/com.st.stm32cube.ide.mcu.externaltools.gnu-tools-for-stm32.10.3-2021.10.win32_1.0.100.202210260954/tools/bin/../lib/gcc/arm-none-eabi/10.3.1/../../../../arm-none-eabi/lib/thumb/v7e-m+dp/hard\libc_nano.a(lib_a-lock.o)
                0x0000000020000811                __lock___sfp_recursive_mutex
 .bss.__lock___sinit_recursive_mutex
                0x0000000020000812        0x1 c:/program files/stmicroelectronics/stm32cube/stm32cubeide_1.11.2/stm32cubeide/plugins/com.st.stm32cube.ide.mcu.externaltools.gnu-tools-for-stm32.10.3-2021.10.win32_1.0.100.202210260954/tools/bin/../lib/gcc/arm-none-eabi/10.3.1/../../../../arm-none-eabi/lib/thumb/v7e-m+dp/hard\libc_nano.a(lib_a-lock.o)
                0x0000000020000812                __lock___sinit_recursive_mutex
 *fill*         0x0000000020000813        0x1 
 .bss.__malloc_free_list
                0x0000000020000814        0x4 c:/program files/stmicroelectronics/stm32cube/stm32cubeide_1.11.2/stm32cubeide/plugins/com.st.stm32cube.ide.mcu.externaltools.gnu-tools-for-stm32.10.3-2021.10.win32_1.0.100.202210260954/tools/bin/../lib/gcc/arm-none-eabi/10.3.1/../../../../arm-none-eabi/lib/thumb/v7e-m+dp/hard\libc_nano.a(lib_a-nano-mallocr.o)
                0x0000000020000814                __malloc_free_list
 .bss.__malloc_sbrk_start
                0x0000000020000818        0x4 c:/program files/stmicroelectronics/stm32cube/stm32cubeide_1.11.2/stm32cubeide/plugins/com.st.stm32cube.ide.mcu.externaltools.gnu-tools-for-stm32.10.3-2021.10.win32_1.0.100.202210260954/tools/bin/../lib/gcc/arm-none-eabi/10.3.1/../../../../arm-none-eabi/lib/thumb/v7e-m+dp/hard\libc_nano.a(lib_a-nano-mallocr.o)
                0x0000000020000818                __malloc_sbrk_start
 .bss.errno     0x000000002000081c        0x4 c:/program files/stmicroelectronics/stm32cube/stm32cubeide_1.11.2/stm32cubeide/plugins/com.st.stm32cube.ide.mcu.externaltools.gnu-tools-for-stm32.10.3-2021.10.win32_1.0.100.202210260954/tools/bin/../lib/gcc/arm-none-eabi/10.3.1/../../../../arm-none-eabi/lib/thumb/v7e-m+dp/hard\libc_nano.a(lib_a-reent.o)
                0x000000002000081c                errno
 *(COMMON)
                0x0000000020000820                . = ALIGN (0x4)
                0x0000000020000820                _ebss = .
                0x0000000020000820                __bss_end__ = _ebss

._user_heap_stack
                0x0000000020000820      0x600 load address 0x0000000008009090
                0x0000000020000820                . = ALIGN (0x8)
                [!provide]                        PROVIDE (end = .)
                0x0000000020000820                PROVIDE (_end = .)
                0x0000000020000a20                . = (. + _Min_Heap_Size)
 *fill*         0x0000000020000820      0x200 
                0x0000000020000e20                . = (. + _Min_Stack_Size)
 *fill*         0x0000000020000a20      0x400 
                0x0000000020000e20                . = ALIGN (0x8)

/DISCARD/
 libc.a(*)
 libm.a(*)
 libgcc.a(*)

.ARM.attributes
                0x0000000000000000       0x2e
 *(.ARM.attributes)
 .ARM.attributes
                0x0000000000000000       0x1e c:/program files/stmicroelectronics/stm32cube/stm32cubeide_1.11.2/stm32cubeide/plugins/com.st.stm32cube.ide.mcu.externaltools.gnu-tools-for-stm32.10.3-2021.10.win32_1.0.100.202210260954/tools/bin/../lib/gcc/arm-none-eabi/10.3.1/thumb/v7e-m+dp/hard/crti.o
 .ARM.attributes
                0x000000000000001e       0x32 c:/program files/stmicroelectronics/stm32cube/stm32cubeide_1.11.2/stm32cubeide/plugins/com.st.stm32cube.ide.mcu.externaltools.gnu-tools-for-stm32.10.3-2021.10.win32_1.0.100.202210260954/tools/bin/../lib/gcc/arm-none-eabi/10.3.1/thumb/v7e-m+dp/hard/crtbegin.o
 .ARM.attributes
                0x0000000000000050       0x32 ./Core/Src/cobs.o
 .ARM.attributes
                0x0000000000000082       0x32 ./Core/Src/ertc-datalogger.o
 .ARM.attributes
                0x00000000000000b4       0x32 ./Core/Src/main.o
 .ARM.attributes
                0x00000000000000e6       0x32 ./Core/Src/stm32f7xx_hal_msp.o
 .ARM.attributes
                0x0000000000000118       0x32 ./Core/Src/stm32f7xx_it.o
 .ARM.attributes
                0x000000000000014a       0x32 ./Core/Src/syscalls.o
 .ARM.attributes
                0x000000000000017c       0x32 ./Core/Src/sysmem.o
 .ARM.attributes
                0x00000000000001ae       0x32 ./Core/Src/system_stm32f7xx.o
 .ARM.attributes
                0x00000000000001e0       0x21 ./Core/Startup/startup_stm32f767zitx.o
 .ARM.attributes
                0x0000000000000201       0x32 ./Drivers/STM32F7xx_HAL_Driver/Src/stm32f7xx_hal.o
 .ARM.attributes
                0x0000000000000233       0x32 ./Drivers/STM32F7xx_HAL_Driver/Src/stm32f7xx_hal_adc.o
 .ARM.attributes
                0x0000000000000265       0x32 ./Drivers/STM32F7xx_HAL_Driver/Src/stm32f7xx_hal_cortex.o
 .ARM.attributes
                0x0000000000000297       0x32 ./Drivers/STM32F7xx_HAL_Driver/Src/stm32f7xx_hal_gpio.o
 .ARM.attributes
                0x00000000000002c9       0x32 ./Drivers/STM32F7xx_HAL_Driver/Src/stm32f7xx_hal_i2c.o
 .ARM.attributes
                0x00000000000002fb       0x32 ./Drivers/STM32F7xx_HAL_Driver/Src/stm32f7xx_hal_i2c_ex.o
 .ARM.attributes
                0x000000000000032d       0x32 ./Drivers/STM32F7xx_HAL_Driver/Src/stm32f7xx_hal_pwr.o
 .ARM.attributes
                0x000000000000035f       0x32 ./Drivers/STM32F7xx_HAL_Driver/Src/stm32f7xx_hal_pwr_ex.o
 .ARM.attributes
                0x0000000000000391       0x32 ./Drivers/STM32F7xx_HAL_Driver/Src/stm32f7xx_hal_rcc.o
 .ARM.attributes
                0x00000000000003c3       0x32 ./Drivers/STM32F7xx_HAL_Driver/Src/stm32f7xx_hal_rcc_ex.o
 .ARM.attributes
                0x00000000000003f5       0x32 ./Drivers/STM32F7xx_HAL_Driver/Src/stm32f7xx_hal_spi.o
 .ARM.attributes
                0x0000000000000427       0x32 ./Drivers/STM32F7xx_HAL_Driver/Src/stm32f7xx_hal_tim.o
 .ARM.attributes
                0x0000000000000459       0x32 ./Drivers/STM32F7xx_HAL_Driver/Src/stm32f7xx_hal_tim_ex.o
 .ARM.attributes
                0x000000000000048b       0x32 ./Drivers/STM32F7xx_HAL_Driver/Src/stm32f7xx_hal_uart.o
 .ARM.attributes
                0x00000000000004bd       0x32 c:/program files/stmicroelectronics/stm32cube/stm32cubeide_1.11.2/stm32cubeide/plugins/com.st.stm32cube.ide.mcu.externaltools.gnu-tools-for-stm32.10.3-2021.10.win32_1.0.100.202210260954/tools/bin/../lib/gcc/arm-none-eabi/10.3.1/../../../../arm-none-eabi/lib/thumb/v7e-m+dp/hard\libc_nano.a(lib_a-errno.o)
 .ARM.attributes
                0x00000000000004ef       0x32 c:/program files/stmicroelectronics/stm32cube/stm32cubeide_1.11.2/stm32cubeide/plugins/com.st.stm32cube.ide.mcu.externaltools.gnu-tools-for-stm32.10.3-2021.10.win32_1.0.100.202210260954/tools/bin/../lib/gcc/arm-none-eabi/10.3.1/../../../../arm-none-eabi/lib/thumb/v7e-m+dp/hard\libc_nano.a(lib_a-impure.o)
 .ARM.attributes
                0x0000000000000521       0x32 c:/program files/stmicroelectronics/stm32cube/stm32cubeide_1.11.2/stm32cubeide/plugins/com.st.stm32cube.ide.mcu.externaltools.gnu-tools-for-stm32.10.3-2021.10.win32_1.0.100.202210260954/tools/bin/../lib/gcc/arm-none-eabi/10.3.1/../../../../arm-none-eabi/lib/thumb/v7e-m+dp/hard\libc_nano.a(lib_a-init.o)
 .ARM.attributes
                0x0000000000000553       0x32 c:/program files/stmicroelectronics/stm32cube/stm32cubeide_1.11.2/stm32cubeide/plugins/com.st.stm32cube.ide.mcu.externaltools.gnu-tools-for-stm32.10.3-2021.10.win32_1.0.100.202210260954/tools/bin/../lib/gcc/arm-none-eabi/10.3.1/../../../../arm-none-eabi/lib/thumb/v7e-m+dp/hard\libc_nano.a(lib_a-memcpy-stub.o)
 .ARM.attributes
                0x0000000000000585       0x32 c:/program files/stmicroelectronics/stm32cube/stm32cubeide_1.11.2/stm32cubeide/plugins/com.st.stm32cube.ide.mcu.externaltools.gnu-tools-for-stm32.10.3-2021.10.win32_1.0.100.202210260954/tools/bin/../lib/gcc/arm-none-eabi/10.3.1/../../../../arm-none-eabi/lib/thumb/v7e-m+dp/hard\libc_nano.a(lib_a-memset.o)
 .ARM.attributes
                0x00000000000005b7       0x32 c:/program files/stmicroelectronics/stm32cube/stm32cubeide_1.11.2/stm32cubeide/plugins/com.st.stm32cube.ide.mcu.externaltools.gnu-tools-for-stm32.10.3-2021.10.win32_1.0.100.202210260954/tools/bin/../lib/gcc/arm-none-eabi/10.3.1/../../../../arm-none-eabi/lib/thumb/v7e-m+dp/hard\libc_nano.a(lib_a-printf.o)
 .ARM.attributes
                0x00000000000005e9       0x32 c:/program files/stmicroelectronics/stm32cube/stm32cubeide_1.11.2/stm32cubeide/plugins/com.st.stm32cube.ide.mcu.externaltools.gnu-tools-for-stm32.10.3-2021.10.win32_1.0.100.202210260954/tools/bin/../lib/gcc/arm-none-eabi/10.3.1/../../../../arm-none-eabi/lib/thumb/v7e-m+dp/hard\libc_nano.a(lib_a-findfp.o)
 .ARM.attributes
                0x000000000000061b       0x32 c:/program files/stmicroelectronics/stm32cube/stm32cubeide_1.11.2/stm32cubeide/plugins/com.st.stm32cube.ide.mcu.externaltools.gnu-tools-for-stm32.10.3-2021.10.win32_1.0.100.202210260954/tools/bin/../lib/gcc/arm-none-eabi/10.3.1/../../../../arm-none-eabi/lib/thumb/v7e-m+dp/hard\libc_nano.a(lib_a-fwalk.o)
 .ARM.attributes
                0x000000000000064d       0x32 c:/program files/stmicroelectronics/stm32cube/stm32cubeide_1.11.2/stm32cubeide/plugins/com.st.stm32cube.ide.mcu.externaltools.gnu-tools-for-stm32.10.3-2021.10.win32_1.0.100.202210260954/tools/bin/../lib/gcc/arm-none-eabi/10.3.1/../../../../arm-none-eabi/lib/thumb/v7e-m+dp/hard\libc_nano.a(lib_a-lock.o)
 .ARM.attributes
                0x000000000000067f       0x32 c:/program files/stmicroelectronics/stm32cube/stm32cubeide_1.11.2/stm32cubeide/plugins/com.st.stm32cube.ide.mcu.externaltools.gnu-tools-for-stm32.10.3-2021.10.win32_1.0.100.202210260954/tools/bin/../lib/gcc/arm-none-eabi/10.3.1/../../../../arm-none-eabi/lib/thumb/v7e-m+dp/hard\libc_nano.a(lib_a-nano-mallocr.o)
 .ARM.attributes
                0x00000000000006b1       0x32 c:/program files/stmicroelectronics/stm32cube/stm32cubeide_1.11.2/stm32cubeide/plugins/com.st.stm32cube.ide.mcu.externaltools.gnu-tools-for-stm32.10.3-2021.10.win32_1.0.100.202210260954/tools/bin/../lib/gcc/arm-none-eabi/10.3.1/../../../../arm-none-eabi/lib/thumb/v7e-m+dp/hard\libc_nano.a(lib_a-nano-vfprintf.o)
 .ARM.attributes
                0x00000000000006e3       0x32 c:/program files/stmicroelectronics/stm32cube/stm32cubeide_1.11.2/stm32cubeide/plugins/com.st.stm32cube.ide.mcu.externaltools.gnu-tools-for-stm32.10.3-2021.10.win32_1.0.100.202210260954/tools/bin/../lib/gcc/arm-none-eabi/10.3.1/../../../../arm-none-eabi/lib/thumb/v7e-m+dp/hard\libc_nano.a(lib_a-nano-vfprintf_i.o)
 .ARM.attributes
                0x0000000000000715       0x32 c:/program files/stmicroelectronics/stm32cube/stm32cubeide_1.11.2/stm32cubeide/plugins/com.st.stm32cube.ide.mcu.externaltools.gnu-tools-for-stm32.10.3-2021.10.win32_1.0.100.202210260954/tools/bin/../lib/gcc/arm-none-eabi/10.3.1/../../../../arm-none-eabi/lib/thumb/v7e-m+dp/hard\libc_nano.a(lib_a-sbrkr.o)
 .ARM.attributes
                0x0000000000000747       0x32 c:/program files/stmicroelectronics/stm32cube/stm32cubeide_1.11.2/stm32cubeide/plugins/com.st.stm32cube.ide.mcu.externaltools.gnu-tools-for-stm32.10.3-2021.10.win32_1.0.100.202210260954/tools/bin/../lib/gcc/arm-none-eabi/10.3.1/../../../../arm-none-eabi/lib/thumb/v7e-m+dp/hard\libc_nano.a(lib_a-stdio.o)
 .ARM.attributes
                0x0000000000000779       0x32 c:/program files/stmicroelectronics/stm32cube/stm32cubeide_1.11.2/stm32cubeide/plugins/com.st.stm32cube.ide.mcu.externaltools.gnu-tools-for-stm32.10.3-2021.10.win32_1.0.100.202210260954/tools/bin/../lib/gcc/arm-none-eabi/10.3.1/../../../../arm-none-eabi/lib/thumb/v7e-m+dp/hard\libc_nano.a(lib_a-wbuf.o)
 .ARM.attributes
                0x00000000000007ab       0x32 c:/program files/stmicroelectronics/stm32cube/stm32cubeide_1.11.2/stm32cubeide/plugins/com.st.stm32cube.ide.mcu.externaltools.gnu-tools-for-stm32.10.3-2021.10.win32_1.0.100.202210260954/tools/bin/../lib/gcc/arm-none-eabi/10.3.1/../../../../arm-none-eabi/lib/thumb/v7e-m+dp/hard\libc_nano.a(lib_a-writer.o)
 .ARM.attributes
                0x00000000000007dd       0x32 c:/program files/stmicroelectronics/stm32cube/stm32cubeide_1.11.2/stm32cubeide/plugins/com.st.stm32cube.ide.mcu.externaltools.gnu-tools-for-stm32.10.3-2021.10.win32_1.0.100.202210260954/tools/bin/../lib/gcc/arm-none-eabi/10.3.1/../../../../arm-none-eabi/lib/thumb/v7e-m+dp/hard\libc_nano.a(lib_a-wsetup.o)
 .ARM.attributes
                0x000000000000080f       0x32 c:/program files/stmicroelectronics/stm32cube/stm32cubeide_1.11.2/stm32cubeide/plugins/com.st.stm32cube.ide.mcu.externaltools.gnu-tools-for-stm32.10.3-2021.10.win32_1.0.100.202210260954/tools/bin/../lib/gcc/arm-none-eabi/10.3.1/../../../../arm-none-eabi/lib/thumb/v7e-m+dp/hard\libc_nano.a(lib_a-closer.o)
 .ARM.attributes
                0x0000000000000841       0x32 c:/program files/stmicroelectronics/stm32cube/stm32cubeide_1.11.2/stm32cubeide/plugins/com.st.stm32cube.ide.mcu.externaltools.gnu-tools-for-stm32.10.3-2021.10.win32_1.0.100.202210260954/tools/bin/../lib/gcc/arm-none-eabi/10.3.1/../../../../arm-none-eabi/lib/thumb/v7e-m+dp/hard\libc_nano.a(lib_a-fflush.o)
 .ARM.attributes
                0x0000000000000873       0x32 c:/program files/stmicroelectronics/stm32cube/stm32cubeide_1.11.2/stm32cubeide/plugins/com.st.stm32cube.ide.mcu.externaltools.gnu-tools-for-stm32.10.3-2021.10.win32_1.0.100.202210260954/tools/bin/../lib/gcc/arm-none-eabi/10.3.1/../../../../arm-none-eabi/lib/thumb/v7e-m+dp/hard\libc_nano.a(lib_a-lseekr.o)
 .ARM.attributes
                0x00000000000008a5       0x32 c:/program files/stmicroelectronics/stm32cube/stm32cubeide_1.11.2/stm32cubeide/plugins/com.st.stm32cube.ide.mcu.externaltools.gnu-tools-for-stm32.10.3-2021.10.win32_1.0.100.202210260954/tools/bin/../lib/gcc/arm-none-eabi/10.3.1/../../../../arm-none-eabi/lib/thumb/v7e-m+dp/hard\libc_nano.a(lib_a-makebuf.o)
 .ARM.attributes
                0x00000000000008d7       0x1c c:/program files/stmicroelectronics/stm32cube/stm32cubeide_1.11.2/stm32cubeide/plugins/com.st.stm32cube.ide.mcu.externaltools.gnu-tools-for-stm32.10.3-2021.10.win32_1.0.100.202210260954/tools/bin/../lib/gcc/arm-none-eabi/10.3.1/../../../../arm-none-eabi/lib/thumb/v7e-m+dp/hard\libc_nano.a(lib_a-memchr.o)
 .ARM.attributes
                0x00000000000008f3       0x32 c:/program files/stmicroelectronics/stm32cube/stm32cubeide_1.11.2/stm32cubeide/plugins/com.st.stm32cube.ide.mcu.externaltools.gnu-tools-for-stm32.10.3-2021.10.win32_1.0.100.202210260954/tools/bin/../lib/gcc/arm-none-eabi/10.3.1/../../../../arm-none-eabi/lib/thumb/v7e-m+dp/hard\libc_nano.a(lib_a-mlock.o)
 .ARM.attributes
                0x0000000000000925       0x32 c:/program files/stmicroelectronics/stm32cube/stm32cubeide_1.11.2/stm32cubeide/plugins/com.st.stm32cube.ide.mcu.externaltools.gnu-tools-for-stm32.10.3-2021.10.win32_1.0.100.202210260954/tools/bin/../lib/gcc/arm-none-eabi/10.3.1/../../../../arm-none-eabi/lib/thumb/v7e-m+dp/hard\libc_nano.a(lib_a-nano-freer.o)
 .ARM.attributes
                0x0000000000000957       0x32 c:/program files/stmicroelectronics/stm32cube/stm32cubeide_1.11.2/stm32cubeide/plugins/com.st.stm32cube.ide.mcu.externaltools.gnu-tools-for-stm32.10.3-2021.10.win32_1.0.100.202210260954/tools/bin/../lib/gcc/arm-none-eabi/10.3.1/../../../../arm-none-eabi/lib/thumb/v7e-m+dp/hard\libc_nano.a(lib_a-readr.o)
 .ARM.attributes
                0x0000000000000989       0x32 c:/program files/stmicroelectronics/stm32cube/stm32cubeide_1.11.2/stm32cubeide/plugins/com.st.stm32cube.ide.mcu.externaltools.gnu-tools-for-stm32.10.3-2021.10.win32_1.0.100.202210260954/tools/bin/../lib/gcc/arm-none-eabi/10.3.1/../../../../arm-none-eabi/lib/thumb/v7e-m+dp/hard\libc_nano.a(lib_a-reent.o)
 .ARM.attributes
                0x00000000000009bb       0x32 c:/program files/stmicroelectronics/stm32cube/stm32cubeide_1.11.2/stm32cubeide/plugins/com.st.stm32cube.ide.mcu.externaltools.gnu-tools-for-stm32.10.3-2021.10.win32_1.0.100.202210260954/tools/bin/../lib/gcc/arm-none-eabi/10.3.1/../../../../arm-none-eabi/lib/thumb/v7e-m+dp/hard\libc_nano.a(lib_a-fstatr.o)
 .ARM.attributes
                0x00000000000009ed       0x32 c:/program files/stmicroelectronics/stm32cube/stm32cubeide_1.11.2/stm32cubeide/plugins/com.st.stm32cube.ide.mcu.externaltools.gnu-tools-for-stm32.10.3-2021.10.win32_1.0.100.202210260954/tools/bin/../lib/gcc/arm-none-eabi/10.3.1/../../../../arm-none-eabi/lib/thumb/v7e-m+dp/hard\libc_nano.a(lib_a-isattyr.o)
 .ARM.attributes