../Core/Src/main.c:133:7:PI_controller	24	static
../Core/Src/main.c:143:6:findBinary	24	static
../Core/Src/main.c:157:5:calc_error_line	64	static
../Core/Src/main.c:170:7:calc_yaw_error	24	static
../Core/Src/main.c:187:6:HAL_TIM_PeriodElapsedCallback	104	static
../Core/Src/main.c:365:5:main	24	static
../Core/Src/main.c:516:6:SystemClock_Config	88	static
../Core/Src/main.c:574:13:MX_ADC1_Init	24	static
../Core/Src/main.c:626:13:MX_I2C1_Init	8	static
../Core/Src/main.c:674:13:MX_I2C2_Init	8	static
../Core/Src/main.c:722:13:MX_SPI1_Init	8	static
../Core/Src/main.c:762:13:MX_TIM1_Init	112	static
../Core/Src/main.c:854:13:MX_TIM2_Init	80	static
../Core/Src/main.c:926:13:MX_TIM3_Init	56	static
../Core/Src/main.c:975:13:MX_TIM4_Init	56	static
../Core/Src/main.c:1024:13:MX_TIM5_Init	64	static
../Core/Src/main.c:1083:13:MX_TIM6_Init	24	static
../Core/Src/main.c:1121:13:MX_TIM8_Init	112	static
../Core/Src/main.c:1213:13:MX_TIM9_Init	40	static
../Core/Src/main.c:1259:13:MX_UART4_Init	8	static
../Core/Src/main.c:1294:13:MX_UART5_Init	8	static
../Core/Src/main.c:1329:13:MX_USART1_UART_Init	8	static
../Core/Src/main.c:1364:13:MX_USART2_UART_Init	8	static
../Core/Src/main.c:1399:13:MX_USART3_UART_Init	8	static
../Core/Src/main.c:1434:13:MX_GPIO_Init	64	static
../Core/Src/main.c:1550:6:Error_Handler	4	static,ignoring_inline_asm
