../Core/Src/main.c:132:7:PI_controller	24	static
../Core/Src/main.c:142:6:findBinary	24	static
../Core/Src/main.c:156:5:calc_error_line	64	static
../Core/Src/main.c:169:7:calc_yaw_error	24	static
../Core/Src/main.c:186:6:HAL_TIM_PeriodElapsedCallback	104	static
../Core/Src/main.c:364:5:main	24	static
../Core/Src/main.c:515:6:SystemClock_Config	88	static
../Core/Src/main.c:573:13:MX_ADC1_Init	24	static
../Core/Src/main.c:625:13:MX_I2C1_Init	8	static
../Core/Src/main.c:673:13:MX_I2C2_Init	8	static
../Core/Src/main.c:721:13:MX_SPI1_Init	8	static
../Core/Src/main.c:761:13:MX_TIM1_Init	112	static
../Core/Src/main.c:853:13:MX_TIM2_Init	80	static
../Core/Src/main.c:925:13:MX_TIM3_Init	56	static
../Core/Src/main.c:974:13:MX_TIM4_Init	56	static
../Core/Src/main.c:1023:13:MX_TIM5_Init	64	static
../Core/Src/main.c:1082:13:MX_TIM6_Init	24	static
../Core/Src/main.c:1120:13:MX_TIM8_Init	112	static
../Core/Src/main.c:1212:13:MX_TIM9_Init	40	static
../Core/Src/main.c:1258:13:MX_UART4_Init	8	static
../Core/Src/main.c:1293:13:MX_UART5_Init	8	static
../Core/Src/main.c:1328:13:MX_USART1_UART_Init	8	static
../Core/Src/main.c:1363:13:MX_USART2_UART_Init	8	static
../Core/Src/main.c:1398:13:MX_USART3_UART_Init	8	static
../Core/Src/main.c:1433:13:MX_GPIO_Init	64	static
../Core/Src/main.c:1549:6:Error_Handler	4	static,ignoring_inline_asm
