../Core/Src/main.c:111:6:error	4	static
../Core/Src/main.c:127:8:bus_read_wrapper	40	static
../Core/Src/main.c:134:8:bus_write_wrapper	40	static
../Core/Src/main.c:141:6:delay_wrapper	16	static
../Core/Src/main.c:146:10:saturate	24	static
../Core/Src/main.c:174:5:main	32	static
../Core/Src/main.c:279:6:SystemClock_Config	88	static
../Core/Src/main.c:337:13:MX_ADC1_Init	24	static
../Core/Src/main.c:389:13:MX_I2C1_Init	8	static
../Core/Src/main.c:437:13:MX_I2C2_Init	8	static
../Core/Src/main.c:485:13:MX_SPI1_Init	8	static
../Core/Src/main.c:525:13:MX_SPI2_Init	8	static
../Core/Src/main.c:564:13:MX_TIM1_Init	112	static
../Core/Src/main.c:656:13:MX_TIM2_Init	80	static
../Core/Src/main.c:728:13:MX_TIM3_Init	56	static
../Core/Src/main.c:777:13:MX_TIM4_Init	56	static
../Core/Src/main.c:826:13:MX_TIM5_Init	64	static
../Core/Src/main.c:885:13:MX_TIM8_Init	112	static
../Core/Src/main.c:977:13:MX_TIM9_Init	40	static
../Core/Src/main.c:1023:13:MX_TIM11_Init	40	static
../Core/Src/main.c:1069:13:MX_TIM13_Init	40	static
../Core/Src/main.c:1115:13:MX_UART4_Init	8	static
../Core/Src/main.c:1150:13:MX_UART5_Init	8	static
../Core/Src/main.c:1185:13:MX_USART1_UART_Init	8	static
../Core/Src/main.c:1220:13:MX_USART2_UART_Init	8	static
../Core/Src/main.c:1255:13:MX_USART3_UART_Init	8	static
../Core/Src/main.c:1290:13:MX_GPIO_Init	64	static
../Core/Src/main.c:1414:6:Error_Handler	4	static,ignoring_inline_asm
