../Core/Src/stm32f7xx_hal_msp.c:66:6:HAL_MspInit	16	static
../Core/Src/stm32f7xx_hal_msp.c:88:6:HAL_ADC_MspInit	48	static
../Core/Src/stm32f7xx_hal_msp.c:121:6:HAL_ADC_MspDeInit	16	static
../Core/Src/stm32f7xx_hal_msp.c:149:6:HAL_I2C_MspInit	200	static
../Core/Src/stm32f7xx_hal_msp.c:228:6:HAL_I2C_MspDeInit	16	static
../Core/Src/stm32f7xx_hal_msp.c:279:6:HAL_SPI_MspInit	72	static
../Core/Src/stm32f7xx_hal_msp.c:374:6:HAL_SPI_MspDeInit	16	static
../Core/Src/stm32f7xx_hal_msp.c:432:6:HAL_TIM_Base_MspInit	64	static
../Core/Src/stm32f7xx_hal_msp.c:522:6:HAL_TIM_Encoder_MspInit	56	static
../Core/Src/stm32f7xx_hal_msp.c:582:6:HAL_TIM_PWM_MspInit	24	static
../Core/Src/stm32f7xx_hal_msp.c:598:6:HAL_TIM_MspPostInit	64	static
../Core/Src/stm32f7xx_hal_msp.c:762:6:HAL_TIM_Base_MspDeInit	16	static
../Core/Src/stm32f7xx_hal_msp.c:848:6:HAL_TIM_Encoder_MspDeInit	16	static
../Core/Src/stm32f7xx_hal_msp.c:895:6:HAL_TIM_PWM_MspDeInit	16	static
../Core/Src/stm32f7xx_hal_msp.c:917:6:HAL_UART_MspInit	224	static
../Core/Src/stm32f7xx_hal_msp.c:1115:6:HAL_UART_MspDeInit	16	static
