Archive member included to satisfy reference by file (symbol)

c:/st/stm32cubeide_1.12.0/stm32cubeide/plugins/com.st.stm32cube.ide.mcu.externaltools.gnu-tools-for-stm32.10.3-2021.10.win32_1.0.200.202301161003/tools/bin/../lib/gcc/arm-none-eabi/10.3.1/../../../../arm-none-eabi/lib/thumb/v7e-m+dp/hard\libc_nano.a(lib_a-errno.o)
                              ./Core/Src/syscalls.o (__errno)
c:/st/stm32cubeide_1.12.0/stm32cubeide/plugins/com.st.stm32cube.ide.mcu.externaltools.gnu-tools-for-stm32.10.3-2021.10.win32_1.0.200.202301161003/tools/bin/../lib/gcc/arm-none-eabi/10.3.1/../../../../arm-none-eabi/lib/thumb/v7e-m+dp/hard\libc_nano.a(lib_a-exit.o)
                              c:/st/stm32cubeide_1.12.0/stm32cubeide/plugins/com.st.stm32cube.ide.mcu.externaltools.gnu-tools-for-stm32.10.3-2021.10.win32_1.0.200.202301161003/tools/bin/../lib/gcc/arm-none-eabi/10.3.1/../../../../arm-none-eabi/lib/thumb/v7e-m+dp/hard/crt0.o (exit)
c:/st/stm32cubeide_1.12.0/stm32cubeide/plugins/com.st.stm32cube.ide.mcu.externaltools.gnu-tools-for-stm32.10.3-2021.10.win32_1.0.200.202301161003/tools/bin/../lib/gcc/arm-none-eabi/10.3.1/../../../../arm-none-eabi/lib/thumb/v7e-m+dp/hard\libc_nano.a(lib_a-impure.o)
                              c:/st/stm32cubeide_1.12.0/stm32cubeide/plugins/com.st.stm32cube.ide.mcu.externaltools.gnu-tools-for-stm32.10.3-2021.10.win32_1.0.200.202301161003/tools/bin/../lib/gcc/arm-none-eabi/10.3.1/../../../../arm-none-eabi/lib/thumb/v7e-m+dp/hard\libc_nano.a(lib_a-exit.o) (_global_impure_ptr)
c:/st/stm32cubeide_1.12.0/stm32cubeide/plugins/com.st.stm32cube.ide.mcu.externaltools.gnu-tools-for-stm32.10.3-2021.10.win32_1.0.200.202301161003/tools/bin/../lib/gcc/arm-none-eabi/10.3.1/../../../../arm-none-eabi/lib/thumb/v7e-m+dp/hard\libc_nano.a(lib_a-init.o)
                              c:/st/stm32cubeide_1.12.0/stm32cubeide/plugins/com.st.stm32cube.ide.mcu.externaltools.gnu-tools-for-stm32.10.3-2021.10.win32_1.0.200.202301161003/tools/bin/../lib/gcc/arm-none-eabi/10.3.1/../../../../arm-none-eabi/lib/thumb/v7e-m+dp/hard/crt0.o (__libc_init_array)
c:/st/stm32cubeide_1.12.0/stm32cubeide/plugins/com.st.stm32cube.ide.mcu.externaltools.gnu-tools-for-stm32.10.3-2021.10.win32_1.0.200.202301161003/tools/bin/../lib/gcc/arm-none-eabi/10.3.1/../../../../arm-none-eabi/lib/thumb/v7e-m+dp/hard\libc_nano.a(lib_a-memcpy-stub.o)
                              ./Core/Src/main.o (memcpy)
c:/st/stm32cubeide_1.12.0/stm32cubeide/plugins/com.st.stm32cube.ide.mcu.externaltools.gnu-tools-for-stm32.10.3-2021.10.win32_1.0.200.202301161003/tools/bin/../lib/gcc/arm-none-eabi/10.3.1/../../../../arm-none-eabi/lib/thumb/v7e-m+dp/hard\libc_nano.a(lib_a-memset.o)
                              c:/st/stm32cubeide_1.12.0/stm32cubeide/plugins/com.st.stm32cube.ide.mcu.externaltools.gnu-tools-for-stm32.10.3-2021.10.win32_1.0.200.202301161003/tools/bin/../lib/gcc/arm-none-eabi/10.3.1/../../../../arm-none-eabi/lib/thumb/v7e-m+dp/hard/crt0.o (memset)
c:/st/stm32cubeide_1.12.0/stm32cubeide/plugins/com.st.stm32cube.ide.mcu.externaltools.gnu-tools-for-stm32.10.3-2021.10.win32_1.0.200.202301161003/tools/bin/../lib/gcc/arm-none-eabi/10.3.1/thumb/v7e-m+dp/hard\libgcc.a(_aeabi_uldivmod.o)
                              ./Drivers/STM32F7xx_HAL_Driver/Src/stm32f7xx_hal_rcc.o (__aeabi_uldivmod)
c:/st/stm32cubeide_1.12.0/stm32cubeide/plugins/com.st.stm32cube.ide.mcu.externaltools.gnu-tools-for-stm32.10.3-2021.10.win32_1.0.200.202301161003/tools/bin/../lib/gcc/arm-none-eabi/10.3.1/thumb/v7e-m+dp/hard\libgcc.a(_udivmoddi4.o)
                              c:/st/stm32cubeide_1.12.0/stm32cubeide/plugins/com.st.stm32cube.ide.mcu.externaltools.gnu-tools-for-stm32.10.3-2021.10.win32_1.0.200.202301161003/tools/bin/../lib/gcc/arm-none-eabi/10.3.1/thumb/v7e-m+dp/hard\libgcc.a(_aeabi_uldivmod.o) (__udivmoddi4)
c:/st/stm32cubeide_1.12.0/stm32cubeide/plugins/com.st.stm32cube.ide.mcu.externaltools.gnu-tools-for-stm32.10.3-2021.10.win32_1.0.200.202301161003/tools/bin/../lib/gcc/arm-none-eabi/10.3.1/thumb/v7e-m+dp/hard\libgcc.a(_dvmd_tls.o)
                              c:/st/stm32cubeide_1.12.0/stm32cubeide/plugins/com.st.stm32cube.ide.mcu.externaltools.gnu-tools-for-stm32.10.3-2021.10.win32_1.0.200.202301161003/tools/bin/../lib/gcc/arm-none-eabi/10.3.1/thumb/v7e-m+dp/hard\libgcc.a(_aeabi_uldivmod.o) (__aeabi_ldiv0)

Discarded input sections

 .text          0x0000000000000000        0x0 c:/st/stm32cubeide_1.12.0/stm32cubeide/plugins/com.st.stm32cube.ide.mcu.externaltools.gnu-tools-for-stm32.10.3-2021.10.win32_1.0.200.202301161003/tools/bin/../lib/gcc/arm-none-eabi/10.3.1/thumb/v7e-m+dp/hard/crti.o
 .data          0x0000000000000000        0x0 c:/st/stm32cubeide_1.12.0/stm32cubeide/plugins/com.st.stm32cube.ide.mcu.externaltools.gnu-tools-for-stm32.10.3-2021.10.win32_1.0.200.202301161003/tools/bin/../lib/gcc/arm-none-eabi/10.3.1/thumb/v7e-m+dp/hard/crti.o
[...]
Memory Configuration

Name             Origin             Length             Attributes
RAM              0x0000000020000000 0x0000000000080000 xrw
FLASH            0x0000000008000000 0x0000000000200000 xr
*default*        0x0000000000000000 0xffffffffffffffff

Linker script and memory map

LOAD c:/st/stm32cubeide_1.12.0/stm32cubeide/plugins/com.st.stm32cube.ide.mcu.externaltools.gnu-tools-for-stm32.10.3-2021.10.win32_1.0.200.202301161003/tools/bin/../lib/gcc/arm-none-eabi/10.3.1/thumb/v7e-m+dp/hard/crti.o
LOAD c:/st/stm32cubeide_1.12.0/stm32cubeide/plugins/com.st.stm32cube.ide.mcu.externaltools.gnu-tools-for-stm32.10.3-2021.10.win32_1.0.200.202301161003/tools/bin/../lib/gcc/arm-none-eabi/10.3.1/thumb/v7e-m+dp/hard/crtbegin.o
LOAD c:/st/stm32cubeide_1.12.0/stm32cubeide/plugins/com.st.stm32cube.ide.mcu.externaltools.gnu-tools-for-stm32.10.3-2021.10.win32_1.0.200.202301161003/tools/bin/../lib/gcc/arm-none-eabi/10.3.1/../../../../arm-none-eabi/lib/thumb/v7e-m+dp/hard/crt0.o
LOAD ./Core/Src/cobs.o
LOAD ./Core/Src/ertc-datalogger.o
LOAD ./Core/Src/main.o
LOAD ./Core/Src/stm32f7xx_hal_msp.o
LOAD ./Core/Src/stm32f7xx_it.o
LOAD ./Core/Src/syscalls.o
LOAD ./Core/Src/sysmem.o
LOAD ./Core/Src/system_stm32f7xx.o
LOAD ./Core/Startup/startup_stm32f767zitx.o
LOAD ./Drivers/STM32F7xx_HAL_Driver/Src/stm32f7xx_hal.o
LOAD ./Drivers/STM32F7xx_HAL_Driver/Src/stm32f7xx_hal_adc.o
LOAD ./Drivers/STM32F7xx_HAL_Driver/Src/stm32f7xx_hal_adc_ex.o
LOAD ./Drivers/STM32F7xx_HAL_Driver/Src/stm32f7xx_hal_cortex.o
LOAD ./Drivers/STM32F7xx_HAL_Driver/Src/stm32f7xx_hal_dma.o
LOAD ./Drivers/STM32F7xx_HAL_Driver/Src/stm32f7xx_hal_dma_ex.o
LOAD ./Drivers/STM32F7xx_HAL_Driver/Src/stm32f7xx_hal_exti.o
LOAD ./Drivers/STM32F7xx_HAL_Driver/Src/stm32f7xx_hal_flash.o
LOAD ./Drivers/STM32F7xx_HAL_Driver/Src/stm32f7xx_hal_flash_ex.o
LOAD ./Drivers/STM32F7xx_HAL_Driver/Src/stm32f7xx_hal_gpio.o
LOAD ./Drivers/STM32F7xx_HAL_Driver/Src/stm32f7xx_hal_i2c.o
LOAD ./Drivers/STM32F7xx_HAL_Driver/Src/stm32f7xx_hal_i2c_ex.o
LOAD ./Drivers/STM32F7xx_HAL_Driver/Src/stm32f7xx_hal_pwr.o
LOAD ./Drivers/STM32F7xx_HAL_Driver/Src/stm32f7xx_hal_pwr_ex.o
LOAD ./Drivers/STM32F7xx_HAL_Driver/Src/stm32f7xx_hal_rcc.o
LOAD ./Drivers/STM32F7xx_HAL_Driver/Src/stm32f7xx_hal_rcc_ex.o
LOAD ./Drivers/STM32F7xx_HAL_Driver/Src/stm32f7xx_hal_spi.o
LOAD ./Drivers/STM32F7xx_HAL_Driver/Src/stm32f7xx_hal_spi_ex.o
LOAD ./Drivers/STM32F7xx_HAL_Driver/Src/stm32f7xx_hal_tim.o
LOAD ./Drivers/STM32F7xx_HAL_Driver/Src/stm32f7xx_hal_tim_ex.o
LOAD ./Drivers/STM32F7xx_HAL_Driver/Src/stm32f7xx_hal_uart.o
LOAD ./Drivers/STM32F7xx_HAL_Driver/Src/stm32f7xx_hal_uart_ex.o
START GROUP
LOAD c:/st/stm32cubeide_1.12.0/stm32cubeide/plugins/com.st.stm32cube.ide.mcu.externaltools.gnu-tools-for-stm32.10.3-2021.10.win32_1.0.200.202301161003/tools/bin/../lib/gcc/arm-none-eabi/10.3.1/../../../../arm-none-eabi/lib/thumb/v7e-m+dp/hard\libc_nano.a
LOAD c:/st/stm32cubeide_1.12.0/stm32cubeide/plugins/com.st.stm32cube.ide.mcu.externaltools.gnu-tools-for-stm32.10.3-2021.10.win32_1.0.200.202301161003/tools/bin/../lib/gcc/arm-none-eabi/10.3.1/../../../../arm-none-eabi/lib/thumb/v7e-m+dp/hard\libm.a
END GROUP
START GROUP
LOAD c:/st/stm32cubeide_1.12.0/stm32cubeide/plugins/com.st.stm32cube.ide.mcu.externaltools.gnu-tools-for-stm32.10.3-2021.10.win32_1.0.200.202301161003/tools/bin/../lib/gcc/arm-none-eabi/10.3.1/thumb/v7e-m+dp/hard\libgcc.a
LOAD c:/st/stm32cubeide_1.12.0/stm32cubeide/plugins/com.st.stm32cube.ide.mcu.externaltools.gnu-tools-for-stm32.10.3-2021.10.win32_1.0.200.202301161003/tools/bin/../lib/gcc/arm-none-eabi/10.3.1/../../../../arm-none-eabi/lib/thumb/v7e-m+dp/hard\libc_nano.a
END GROUP
START GROUP
LOAD c:/st/stm32cubeide_1.12.0/stm32cubeide/plugins/com.st.stm32cube.ide.mcu.externaltools.gnu-tools-for-stm32.10.3-2021.10.win32_1.0.200.202301161003/tools/bin/../lib/gcc/arm-none-eabi/10.3.1/thumb/v7e-m+dp/hard\libgcc.a
LOAD c:/st/stm32cubeide_1.12.0/stm32cubeide/plugins/com.st.stm32cube.ide.mcu.externaltools.gnu-tools-for-stm32.10.3-2021.10.win32_1.0.200.202301161003/tools/bin/../lib/gcc/arm-none-eabi/10.3.1/../../../../arm-none-eabi/lib/thumb/v7e-m+dp/hard\libc_nano.a
LOAD c:/st/stm32cubeide_1.12.0/stm32cubeide/plugins/com.st.stm32cube.ide.mcu.externaltools.gnu-tools-for-stm32.10.3-2021.10.win32_1.0.200.202301161003/tools/bin/../lib/gcc/arm-none-eabi/10.3.1/../../../../arm-none-eabi/lib/thumb/v7e-m+dp/hard\libnosys.a
END GROUP
START GROUP
LOAD c:/st/stm32cubeide_1.12.0/stm32cubeide/plugins/com.st.stm32cube.ide.mcu.externaltools.gnu-tools-for-stm32.10.3-2021.10.win32_1.0.200.202301161003/tools/bin/../lib/gcc/arm-none-eabi/10.3.1/thumb/v7e-m+dp/hard\libgcc.a
LOAD c:/st/stm32cubeide_1.12.0/stm32cubeide/plugins/com.st.stm32cube.ide.mcu.externaltools.gnu-tools-for-stm32.10.3-2021.10.win32_1.0.200.202301161003/tools/bin/../lib/gcc/arm-none-eabi/10.3.1/../../../../arm-none-eabi/lib/thumb/v7e-m+dp/hard\libc_nano.a
LOAD c:/st/stm32cubeide_1.12.0/stm32cubeide/plugins/com.st.stm32cube.ide.mcu.externaltools.gnu-tools-for-stm32.10.3-2021.10.win32_1.0.200.202301161003/tools/bin/../lib/gcc/arm-none-eabi/10.3.1/../../../../arm-none-eabi/lib/thumb/v7e-m+dp/hard\libnosys.a
END GROUP
LOAD c:/st/stm32cubeide_1.12.0/stm32cubeide/plugins/com.st.stm32cube.ide.mcu.externaltools.gnu-tools-for-stm32.10.3-2021.10.win32_1.0.200.202301161003/tools/bin/../lib/gcc/arm-none-eabi/10.3.1/thumb/v7e-m+dp/hard/crtend.o
LOAD c:/st/stm32cubeide_1.12.0/stm32cubeide/plugins/com.st.stm32cube.ide.mcu.externaltools.gnu-tools-for-stm32.10.3-2021.10.win32_1.0.200.202301161003/tools/bin/../lib/gcc/arm-none-eabi/10.3.1/thumb/v7e-m+dp/hard/crtn.o
                0x0000000020080000                _estack = (ORIGIN (RAM) + LENGTH (RAM))
                0x0000000000000200                _Min_Heap_Size = 0x200
                0x0000000000000400                _Min_Stack_Size = 0x400

.isr_vector     0x0000000008000000      0x1f8
                0x0000000008000000                . = ALIGN (0x4)
 *(.isr_vector)
 .isr_vector    0x0000000008000000      0x1f8 ./Core/Startup/startup_stm32f767zitx.o
                0x0000000008000000                g_pfnVectors
                0x00000000080001f8                . = ALIGN (0x4)

.text           0x00000000080001f8     0x6f2c
                0x00000000080001f8                . = ALIGN (0x4)
 *(.text)
 .text          0x00000000080001f8       0x40 c:/st/stm32cubeide_1.12.0/stm32cubeide/plugins/com.st.stm32cube.ide.mcu.externaltools.gnu-tools-for-stm32.10.3-2021.10.win32_1.0.200.202301161003/tools/bin/../lib/gcc/arm-none-eabi/10.3.1/thumb/v7e-m+dp/hard/crtbegin.o
 .text          0x0000000008000238       0x30 c:/st/stm32cubeide_1.12.0/stm32cubeide/plugins/com.st.stm32cube.ide.mcu.externaltools.gnu-tools-for-stm32.10.3-2021.10.win32_1.0.200.202301161003/tools/bin/../lib/gcc/arm-none-eabi/10.3.1/thumb/v7e-m+dp/hard\libgcc.a(_aeabi_uldivmod.o)
                0x0000000008000238                __aeabi_uldivmod
 .text          0x0000000008000268      0x2d0 c:/st/stm32cubeide_1.12.0/stm32cubeide/plugins/com.st.stm32cube.ide.mcu.externaltools.gnu-tools-for-stm32.10.3-2021.10.win32_1.0.200.202301161003/tools/bin/../lib/gcc/arm-none-eabi/10.3.1/thumb/v7e-m+dp/hard\libgcc.a(_udivmoddi4.o)
                0x0000000008000268                __udivmoddi4
 .text          0x0000000008000538        0x4 c:/st/stm32cubeide_1.12.0/stm32cubeide/plugins/com.st.stm32cube.ide.mcu.externaltools.gnu-tools-for-stm32.10.3-2021.10.win32_1.0.200.202301161003/tools/bin/../lib/gcc/arm-none-eabi/10.3.1/thumb/v7e-m+dp/hard\libgcc.a(_dvmd_tls.o)
                0x0000000008000538                __aeabi_idiv0
                0x0000000008000538                __aeabi_ldiv0
 *(.text*)
 .text.cobsEncode
                0x000000000800053c       0x94 ./Core/Src/cobs.o
                0x000000000800053c                cobsEncode
 .text.ertc_dlog_send
                0x00000000080005d0       0x58 ./Core/Src/ertc-datalogger.o
                0x00000000080005d0                ertc_dlog_send
 .text.ertc_dlog_update
                0x0000000008000628       0x52 ./Core/Src/ertc-datalogger.o
                0x0000000008000628                ertc_dlog_update
 *fill*         0x000000000800067a        0x6 
 .text.HAL_TIM_PeriodElapsedCallback
                0x0000000008000680      0x380 ./Core/Src/main.o
                0x0000000008000680                HAL_TIM_PeriodElapsedCallback
 .text.PI_controller
                0x0000000008000a00       0xa0 ./Core/Src/main.o
                0x0000000008000a00                PI_controller
 .text.main     0x0000000008000aa0      0x114 ./Core/Src/main.o
                0x0000000008000aa0                main
 .text.SystemClock_Config
                0x0000000008000bb4       0xe4 ./Core/Src/main.o
                0x0000000008000bb4                SystemClock_Config
 .text.MX_ADC1_Init
                0x0000000008000c98       0xa4 ./Core/Src/main.o
 .text.MX_I2C1_Init
                0x0000000008000d3c       0x80 ./Core/Src/main.o
 .text.MX_I2C2_Init
                0x0000000008000dbc       0x80 ./Core/Src/main.o
 .text.MX_SPI1_Init
                0x0000000008000e3c       0x7c ./Core/Src/main.o
 .text.MX_TIM1_Init
                0x0000000008000eb8      0x1a0 ./Core/Src/main.o
 .text.MX_TIM2_Init
                0x0000000008001058      0x134 ./Core/Src/main.o
 .text.MX_TIM3_Init
                0x000000000800118c       0xac ./Core/Src/main.o
 .text.MX_TIM4_Init
                0x0000000008001238       0xac ./Core/Src/main.o
 .text.MX_TIM5_Init
                0x00000000080012e4       0xf0 ./Core/Src/main.o
 .text.MX_TIM6_Init
                0x00000000080013d4       0x70 ./Core/Src/main.o
 .text.MX_TIM8_Init
                0x0000000008001444      0x1a4 ./Core/Src/main.o
 .text.MX_TIM9_Init
                0x00000000080015e8       0xa0 ./Core/Src/main.o
 .text.MX_UART4_Init
                0x0000000008001688       0x60 ./Core/Src/main.o
 .text.MX_UART5_Init
                0x00000000080016e8       0x60 ./Core/Src/main.o
 .text.MX_USART1_UART_Init
                0x0000000008001748       0x60 ./Core/Src/main.o
 .text.MX_USART2_UART_Init
                0x00000000080017a8       0x60 ./Core/Src/main.o
 .text.MX_USART3_UART_Init
                0x0000000008001808       0x60 ./Core/Src/main.o
 .text.MX_GPIO_Init
                0x0000000008001868      0x264 ./Core/Src/main.o
 .text.Error_Handler
                0x0000000008001acc        0xa ./Core/Src/main.o
                0x0000000008001acc                Error_Handler
 *fill*         0x0000000008001ad6        0x2 
 .text.HAL_MspInit
                0x0000000008001ad8       0x48 ./Core/Src/stm32f7xx_hal_msp.o
                0x0000000008001ad8                HAL_MspInit
 .text.HAL_ADC_MspInit
                0x0000000008001b20       0x80 ./Core/Src/stm32f7xx_hal_msp.o
                0x0000000008001b20                HAL_ADC_MspInit
 .text.HAL_I2C_MspInit
                0x0000000008001ba0      0x150 ./Core/Src/stm32f7xx_hal_msp.o
                0x0000000008001ba0                HAL_I2C_MspInit
 .text.HAL_SPI_MspInit
                0x0000000008001cf0      0x100 ./Core/Src/stm32f7xx_hal_msp.o
                0x0000000008001cf0                HAL_SPI_MspInit
 .text.HAL_TIM_Base_MspInit
                0x0000000008001df0      0x134 ./Core/Src/stm32f7xx_hal_msp.o
                0x0000000008001df0                HAL_TIM_Base_MspInit
 .text.HAL_TIM_Encoder_MspInit
                0x0000000008001f24       0xec ./Core/Src/stm32f7xx_hal_msp.o
                0x0000000008001f24                HAL_TIM_Encoder_MspInit
 .text.HAL_TIM_PWM_MspInit
                0x0000000008002010       0x40 ./Core/Src/stm32f7xx_hal_msp.o
                0x0000000008002010                HAL_TIM_PWM_MspInit
 .text.HAL_TIM_MspPostInit
                0x0000000008002050      0x198 ./Core/Src/stm32f7xx_hal_msp.o
                0x0000000008002050                HAL_TIM_MspPostInit
 .text.HAL_UART_MspInit
                0x00000000080021e8      0x368 ./Core/Src/stm32f7xx_hal_msp.o
                0x00000000080021e8                HAL_UART_MspInit
 .text.NMI_Handler
                0x0000000008002550        0x6 ./Core/Src/stm32f7xx_it.o
                0x0000000008002550                NMI_Handler
 .text.HardFault_Handler
                0x0000000008002556        0x6 ./Core/Src/stm32f7xx_it.o
                0x0000000008002556                HardFault_Handler
 .text.MemManage_Handler
                0x000000000800255c        0x6 ./Core/Src/stm32f7xx_it.o
                0x000000000800255c                MemManage_Handler
 .text.BusFault_Handler
                0x0000000008002562        0x6 ./Core/Src/stm32f7xx_it.o
                0x0000000008002562                BusFault_Handler
 .text.UsageFault_Handler
                0x0000000008002568        0x6 ./Core/Src/stm32f7xx_it.o
                0x0000000008002568                UsageFault_Handler
 .text.SVC_Handler
                0x000000000800256e        0xe ./Core/Src/stm32f7xx_it.o
                0x000000000800256e                SVC_Handler
 .text.DebugMon_Handler
                0x000000000800257c        0xe ./Core/Src/stm32f7xx_it.o
                0x000000000800257c                DebugMon_Handler
 .text.PendSV_Handler
                0x000000000800258a        0xe ./Core/Src/stm32f7xx_it.o
                0x000000000800258a                PendSV_Handler
 .text.SysTick_Handler
                0x0000000008002598        0xc ./Core/Src/stm32f7xx_it.o
                0x0000000008002598                SysTick_Handler
 .text.TIM6_DAC_IRQHandler
                0x00000000080025a4       0x14 ./Core/Src/stm32f7xx_it.o
                0x00000000080025a4                TIM6_DAC_IRQHandler
 .text.SystemInit
                0x00000000080025b8       0x2c ./Core/Src/system_stm32f7xx.o
                0x00000000080025b8                SystemInit
 .text.Reset_Handler
                0x00000000080025e4       0x50 ./Core/Startup/startup_stm32f767zitx.o
                0x00000000080025e4                Reset_Handler
 .text.Default_Handler
                0x0000000008002634        0x2 ./Core/Startup/startup_stm32f767zitx.o
                0x0000000008002634                RTC_Alarm_IRQHandler
                0x0000000008002634                EXTI2_IRQHandler
                0x0000000008002634                TIM8_CC_IRQHandler
                0x0000000008002634                UART8_IRQHandler
                0x0000000008002634                SPI4_IRQHandler
                0x0000000008002634                TIM1_CC_IRQHandler
                0x0000000008002634                DMA2_Stream5_IRQHandler
                0x0000000008002634                JPEG_IRQHandler
                0x0000000008002634                DMA1_Stream5_IRQHandler
                0x0000000008002634                CAN3_RX1_IRQHandler
                0x0000000008002634                PVD_IRQHandler
                0x0000000008002634                TAMP_STAMP_IRQHandler
                0x0000000008002634                CAN2_RX1_IRQHandler
                0x0000000008002634                EXTI3_IRQHandler
                0x0000000008002634                TIM8_TRG_COM_TIM14_IRQHandler
                0x0000000008002634                DFSDM1_FLT1_IRQHandler
                0x0000000008002634                TIM1_UP_TIM10_IRQHandler
                0x0000000008002634                TIM8_UP_TIM13_IRQHandler
                0x0000000008002634                I2C3_ER_IRQHandler
                0x0000000008002634                DFSDM1_FLT2_IRQHandler
                0x0000000008002634                EXTI0_IRQHandler
                0x0000000008002634                I2C2_EV_IRQHandler
                0x0000000008002634                DMA1_Stream2_IRQHandler
                0x0000000008002634                CAN1_RX0_IRQHandler
                0x0000000008002634                FPU_IRQHandler
                0x0000000008002634                OTG_HS_WKUP_IRQHandler
                0x0000000008002634                CAN3_SCE_IRQHandler
                0x0000000008002634                LTDC_ER_IRQHandler
                0x0000000008002634                CAN2_SCE_IRQHandler
                0x0000000008002634                DMA2_Stream2_IRQHandler
                0x0000000008002634                SPI1_IRQHandler
                0x0000000008002634                TIM1_BRK_TIM9_IRQHandler
                0x0000000008002634                DCMI_IRQHandler
                0x0000000008002634                CAN2_RX0_IRQHandler
                0x0000000008002634                DMA2_Stream3_IRQHandler
                0x0000000008002634                SAI2_IRQHandler
                0x0000000008002634                DFSDM1_FLT3_IRQHandler
                0x0000000008002634                USART6_IRQHandler
                0x0000000008002634                CAN3_RX0_IRQHandler
                0x0000000008002634                USART3_IRQHandler
                0x0000000008002634                CAN1_RX1_IRQHandler
                0x0000000008002634                UART5_IRQHandler
                0x0000000008002634                DMA2_Stream0_IRQHandler
                0x0000000008002634                TIM4_IRQHandler
                0x0000000008002634                QUADSPI_IRQHandler
                0x0000000008002634                I2C1_EV_IRQHandler
                0x0000000008002634                DMA1_Stream6_IRQHandler
                0x0000000008002634                DMA1_Stream1_IRQHandler
                0x0000000008002634                UART4_IRQHandler
                0x0000000008002634                TIM3_IRQHandler
                0x0000000008002634                RCC_IRQHandler
                0x0000000008002634                TIM8_BRK_TIM12_IRQHandler
                0x0000000008002634                Default_Handler
                0x0000000008002634                CEC_IRQHandler
                0x0000000008002634                EXTI15_10_IRQHandler
                0x0000000008002634                ADC_IRQHandler
                0x0000000008002634                DMA1_Stream7_IRQHandler
                0x0000000008002634                SPI5_IRQHandler
                0x0000000008002634                TIM7_IRQHandler
                0x0000000008002634                SDMMC1_IRQHandler
                0x0000000008002634                CAN2_TX_IRQHandler
                0x0000000008002634                TIM5_IRQHandler
                0x0000000008002634                DMA2_Stream7_IRQHandler
                0x0000000008002634                I2C3_EV_IRQHandler
                0x0000000008002634                EXTI9_5_IRQHandler
                0x0000000008002634                RTC_WKUP_IRQHandler
                0x0000000008002634                LTDC_IRQHandler
                0x0000000008002634                ETH_WKUP_IRQHandler
                0x0000000008002634                SPDIF_RX_IRQHandler
                0x0000000008002634                SPI2_IRQHandler
                0x0000000008002634                OTG_HS_EP1_IN_IRQHandler
                0x0000000008002634                DMA1_Stream0_IRQHandler
                0x0000000008002634                CAN1_TX_IRQHandler
                0x0000000008002634                EXTI4_IRQHandler
                0x0000000008002634                RNG_IRQHandler
                0x0000000008002634                ETH_IRQHandler
                0x0000000008002634                OTG_HS_EP1_OUT_IRQHandler
                0x0000000008002634                WWDG_IRQHandler
                0x0000000008002634                SPI6_IRQHandler
                0x0000000008002634                MDIOS_IRQHandler
                0x0000000008002634                I2C4_EV_IRQHandler
                0x0000000008002634                CAN3_TX_IRQHandler
                0x0000000008002634                TIM2_IRQHandler
                0x0000000008002634                OTG_FS_WKUP_IRQHandler
                0x0000000008002634                TIM1_TRG_COM_TIM11_IRQHandler
                0x0000000008002634                OTG_HS_IRQHandler
                0x0000000008002634                DMA2D_IRQHandler
                0x0000000008002634                EXTI1_IRQHandler
                0x0000000008002634                SDMMC2_IRQHandler
                0x0000000008002634                UART7_IRQHandler
                0x0000000008002634                USART2_IRQHandler
                0x0000000008002634                DFSDM1_FLT0_IRQHandler
                0x0000000008002634                I2C2_ER_IRQHandler
                0x0000000008002634                DMA2_Stream1_IRQHandler
                0x0000000008002634                CAN1_SCE_IRQHandler
                0x0000000008002634                FLASH_IRQHandler
                0x0000000008002634                DMA2_Stream4_IRQHandler
                0x0000000008002634                USART1_IRQHandler
                0x0000000008002634                OTG_FS_IRQHandler
                0x0000000008002634                SPI3_IRQHandler
                0x0000000008002634                DMA1_Stream4_IRQHandler
                0x0000000008002634                I2C1_ER_IRQHandler
                0x0000000008002634                FMC_IRQHandler
                0x0000000008002634                LPTIM1_IRQHandler
                0x0000000008002634                I2C4_ER_IRQHandler
                0x0000000008002634                DMA2_Stream6_IRQHandler
                0x0000000008002634                SAI1_IRQHandler
                0x0000000008002634                DMA1_Stream3_IRQHandler
 .text.HAL_Init
                0x0000000008002636       0x1a ./Drivers/STM32F7xx_HAL_Driver/Src/stm32f7xx_hal.o
                0x0000000008002636                HAL_Init
 .text.HAL_InitTick
                0x0000000008002650       0x60 ./Drivers/STM32F7xx_HAL_Driver/Src/stm32f7xx_hal.o
                0x0000000008002650                HAL_InitTick
 .text.HAL_IncTick
                0x00000000080026b0       0x28 ./Drivers/STM32F7xx_HAL_Driver/Src/stm32f7xx_hal.o
                0x00000000080026b0                HAL_IncTick
 .text.HAL_GetTick
                0x00000000080026d8       0x18 ./Drivers/STM32F7xx_HAL_Driver/Src/stm32f7xx_hal.o
                0x00000000080026d8                HAL_GetTick
 .text.HAL_Delay
                0x00000000080026f0       0x48 ./Drivers/STM32F7xx_HAL_Driver/Src/stm32f7xx_hal.o
                0x00000000080026f0                HAL_Delay
 .text.HAL_ADC_Init
                0x0000000008002738       0x88 ./Drivers/STM32F7xx_HAL_Driver/Src/stm32f7xx_hal_adc.o
                0x0000000008002738                HAL_ADC_Init
 .text.HAL_ADC_ConfigChannel
                0x00000000080027c0      0x2ac ./Drivers/STM32F7xx_HAL_Driver/Src/stm32f7xx_hal_adc.o
                0x00000000080027c0                HAL_ADC_ConfigChannel
 .text.ADC_Init
                0x0000000008002a6c      0x1f4 ./Drivers/STM32F7xx_HAL_Driver/Src/stm32f7xx_hal_adc.o
 .text.__NVIC_SetPriorityGrouping
                0x0000000008002c60       0x48 ./Drivers/STM32F7xx_HAL_Driver/Src/stm32f7xx_hal_cortex.o
 .text.__NVIC_GetPriorityGrouping
                0x0000000008002ca8       0x1c ./Drivers/STM32F7xx_HAL_Driver/Src/stm32f7xx_hal_cortex.o
 .text.__NVIC_EnableIRQ
                0x0000000008002cc4       0x3c ./Drivers/STM32F7xx_HAL_Driver/Src/stm32f7xx_hal_cortex.o
 .text.__NVIC_SetPriority
                0x0000000008002d00       0x54 ./Drivers/STM32F7xx_HAL_Driver/Src/stm32f7xx_hal_cortex.o
 .text.NVIC_EncodePriority
                0x0000000008002d54       0x66 ./Drivers/STM32F7xx_HAL_Driver/Src/stm32f7xx_hal_cortex.o
 *fill*         0x0000000008002dba        0x2 
 .text.SysTick_Config
                0x0000000008002dbc       0x44 ./Drivers/STM32F7xx_HAL_Driver/Src/stm32f7xx_hal_cortex.o
 .text.HAL_NVIC_SetPriorityGrouping
                0x0000000008002e00       0x16 ./Drivers/STM32F7xx_HAL_Driver/Src/stm32f7xx_hal_cortex.o
                0x0000000008002e00                HAL_NVIC_SetPriorityGrouping
 .text.HAL_NVIC_SetPriority
                0x0000000008002e16       0x38 ./Drivers/STM32F7xx_HAL_Driver/Src/stm32f7xx_hal_cortex.o
                0x0000000008002e16                HAL_NVIC_SetPriority
 .text.HAL_NVIC_EnableIRQ
                0x0000000008002e4e       0x1c ./Drivers/STM32F7xx_HAL_Driver/Src/stm32f7xx_hal_cortex.o
                0x0000000008002e4e                HAL_NVIC_EnableIRQ
 .text.HAL_SYSTICK_Config
                0x0000000008002e6a       0x18 ./Drivers/STM32F7xx_HAL_Driver/Src/stm32f7xx_hal_cortex.o
                0x0000000008002e6a                HAL_SYSTICK_Config
 *fill*         0x0000000008002e82        0x2 
 .text.HAL_GPIO_Init
                0x0000000008002e84      0x358 ./Drivers/STM32F7xx_HAL_Driver/Src/stm32f7xx_hal_gpio.o
                0x0000000008002e84                HAL_GPIO_Init
 .text.HAL_GPIO_WritePin
                0x00000000080031dc       0x32 ./Drivers/STM32F7xx_HAL_Driver/Src/stm32f7xx_hal_gpio.o
                0x00000000080031dc                HAL_GPIO_WritePin
 *fill*         0x000000000800320e        0x2 
 .text.HAL_I2C_Init
                0x0000000008003210      0x120 ./Drivers/STM32F7xx_HAL_Driver/Src/stm32f7xx_hal_i2c.o
                0x0000000008003210                HAL_I2C_Init
 .text.HAL_I2CEx_ConfigAnalogFilter
                0x0000000008003330       0x96 ./Drivers/STM32F7xx_HAL_Driver/Src/stm32f7xx_hal_i2c_ex.o
                0x0000000008003330                HAL_I2CEx_ConfigAnalogFilter
 .text.HAL_I2CEx_ConfigDigitalFilter
                0x00000000080033c6       0x98 ./Drivers/STM32F7xx_HAL_Driver/Src/stm32f7xx_hal_i2c_ex.o
                0x00000000080033c6                HAL_I2CEx_ConfigDigitalFilter
 *fill*         0x000000000800345e        0x2 
 .text.HAL_PWR_EnableBkUpAccess
                0x0000000008003460       0x20 ./Drivers/STM32F7xx_HAL_Driver/Src/stm32f7xx_hal_pwr.o
                0x0000000008003460                HAL_PWR_EnableBkUpAccess
 .text.HAL_PWREx_EnableOverDrive
                0x0000000008003480       0xa0 ./Drivers/STM32F7xx_HAL_Driver/Src/stm32f7xx_hal_pwr_ex.o
                0x0000000008003480                HAL_PWREx_EnableOverDrive
 .text.HAL_RCC_OscConfig
                0x0000000008003520      0x55c ./Drivers/STM32F7xx_HAL_Driver/Src/stm32f7xx_hal_rcc.o
                0x0000000008003520                HAL_RCC_OscConfig
 .text.HAL_RCC_ClockConfig
                0x0000000008003a7c      0x1d8 ./Drivers/STM32F7xx_HAL_Driver/Src/stm32f7xx_hal_rcc.o
                0x0000000008003a7c                HAL_RCC_ClockConfig
 .text.HAL_RCC_GetSysClockFreq
                0x0000000008003c54      0x20c ./Drivers/STM32F7xx_HAL_Driver/Src/stm32f7xx_hal_rcc.o
                0x0000000008003c54                HAL_RCC_GetSysClockFreq
 .text.HAL_RCC_GetHCLKFreq
                0x0000000008003e60       0x18 ./Drivers/STM32F7xx_HAL_Driver/Src/stm32f7xx_hal_rcc.o
                0x0000000008003e60                HAL_RCC_GetHCLKFreq
 .text.HAL_RCC_GetPCLK1Freq
                0x0000000008003e78       0x28 ./Drivers/STM32F7xx_HAL_Driver/Src/stm32f7xx_hal_rcc.o
                0x0000000008003e78                HAL_RCC_GetPCLK1Freq
 .text.HAL_RCC_GetPCLK2Freq
                0x0000000008003ea0       0x28 ./Drivers/STM32F7xx_HAL_Driver/Src/stm32f7xx_hal_rcc.o
                0x0000000008003ea0                HAL_RCC_GetPCLK2Freq
 .text.HAL_RCCEx_PeriphCLKConfig
                0x0000000008003ec8      0x850 ./Drivers/STM32F7xx_HAL_Driver/Src/stm32f7xx_hal_rcc_ex.o
                0x0000000008003ec8                HAL_RCCEx_PeriphCLKConfig
 .text.HAL_SPI_Init
                0x0000000008004718      0x156 ./Drivers/STM32F7xx_HAL_Driver/Src/stm32f7xx_hal_spi.o
                0x0000000008004718                HAL_SPI_Init
 .text.HAL_TIM_Base_Init
                0x000000000800486e       0xae ./Drivers/STM32F7xx_HAL_Driver/Src/stm32f7xx_hal_tim.o
                0x000000000800486e                HAL_TIM_Base_Init
 .text.HAL_TIM_Base_Start_IT
                0x000000000800491c       0xf0 ./Drivers/STM32F7xx_HAL_Driver/Src/stm32f7xx_hal_tim.o
                0x000000000800491c                HAL_TIM_Base_Start_IT
 .text.HAL_TIM_OC_Init
                0x0000000008004a0c       0xae ./Drivers/STM32F7xx_HAL_Driver/Src/stm32f7xx_hal_tim.o
                0x0000000008004a0c                HAL_TIM_OC_Init
 .text.HAL_TIM_OC_MspInit
                0x0000000008004aba       0x14 ./Drivers/STM32F7xx_HAL_Driver/Src/stm32f7xx_hal_tim.o
                0x0000000008004aba                HAL_TIM_OC_MspInit
 .text.HAL_TIM_PWM_Init
                0x0000000008004ace       0xae ./Drivers/STM32F7xx_HAL_Driver/Src/stm32f7xx_hal_tim.o
                0x0000000008004ace                HAL_TIM_PWM_Init
 .text.HAL_TIM_PWM_Start
                0x0000000008004b7c      0x1f4 ./Drivers/STM32F7xx_HAL_Driver/Src/stm32f7xx_hal_tim.o
                0x0000000008004b7c                HAL_TIM_PWM_Start
 .text.HAL_TIM_IC_Init
                0x0000000008004d70       0xae ./Drivers/STM32F7xx_HAL_Driver/Src/stm32f7xx_hal_tim.o
                0x0000000008004d70                HAL_TIM_IC_Init
 .text.HAL_TIM_IC_MspInit
                0x0000000008004e1e       0x14 ./Drivers/STM32F7xx_HAL_Driver/Src/stm32f7xx_hal_tim.o
                0x0000000008004e1e                HAL_TIM_IC_MspInit
 *fill*         0x0000000008004e32        0x2 
 .text.HAL_TIM_Encoder_Init
                0x0000000008004e34      0x14c ./Drivers/STM32F7xx_HAL_Driver/Src/stm32f7xx_hal_tim.o
                0x0000000008004e34                HAL_TIM_Encoder_Init
 .text.HAL_TIM_Encoder_Start
                0x0000000008004f80      0x11c ./Drivers/STM32F7xx_HAL_Driver/Src/stm32f7xx_hal_tim.o
                0x0000000008004f80                HAL_TIM_Encoder_Start
 .text.HAL_TIM_IRQHandler
                0x000000000800509c      0x23e ./Drivers/STM32F7xx_HAL_Driver/Src/stm32f7xx_hal_tim.o
                0x000000000800509c                HAL_TIM_IRQHandler
 *fill*         0x00000000080052da        0x2 
 .text.HAL_TIM_OC_ConfigChannel
                0x00000000080052dc       0xf4 ./Drivers/STM32F7xx_HAL_Driver/Src/stm32f7xx_hal_tim.o
                0x00000000080052dc                HAL_TIM_OC_ConfigChannel
 .text.HAL_TIM_IC_ConfigChannel
                0x00000000080053d0      0x138 ./Drivers/STM32F7xx_HAL_Driver/Src/stm32f7xx_hal_tim.o
                0x00000000080053d0                HAL_TIM_IC_ConfigChannel
 .text.HAL_TIM_PWM_ConfigChannel
                0x0000000008005508      0x228 ./Drivers/STM32F7xx_HAL_Driver/Src/stm32f7xx_hal_tim.o
                0x0000000008005508                HAL_TIM_PWM_ConfigChannel
 .text.HAL_TIM_ConfigClockSource
                0x0000000008005730      0x194 ./Drivers/STM32F7xx_HAL_Driver/Src/stm32f7xx_hal_tim.o
                0x0000000008005730                HAL_TIM_ConfigClockSource
 .text.HAL_TIM_OC_DelayElapsedCallback
                0x00000000080058c4       0x14 ./Drivers/STM32F7xx_HAL_Driver/Src/stm32f7xx_hal_tim.o
                0x00000000080058c4                HAL_TIM_OC_DelayElapsedCallback
 .text.HAL_TIM_IC_CaptureCallback
                0x00000000080058d8       0x14 ./Drivers/STM32F7xx_HAL_Driver/Src/stm32f7xx_hal_tim.o
                0x00000000080058d8                HAL_TIM_IC_CaptureCallback
 .text.HAL_TIM_PWM_PulseFinishedCallback
                0x00000000080058ec       0x14 ./Drivers/STM32F7xx_HAL_Driver/Src/stm32f7xx_hal_tim.o
                0x00000000080058ec                HAL_TIM_PWM_PulseFinishedCallback
 .text.HAL_TIM_TriggerCallback
                0x0000000008005900       0x14 ./Drivers/STM32F7xx_HAL_Driver/Src/stm32f7xx_hal_tim.o
                0x0000000008005900                HAL_TIM_TriggerCallback
 .text.TIM_Base_SetConfig
                0x0000000008005914      0x140 ./Drivers/STM32F7xx_HAL_Driver/Src/stm32f7xx_hal_tim.o
                0x0000000008005914                TIM_Base_SetConfig
 .text.TIM_OC1_SetConfig
                0x0000000008005a54       0xe4 ./Drivers/STM32F7xx_HAL_Driver/Src/stm32f7xx_hal_tim.o
 .text.TIM_OC2_SetConfig
                0x0000000008005b38       0xf0 ./Drivers/STM32F7xx_HAL_Driver/Src/stm32f7xx_hal_tim.o
                0x0000000008005b38                TIM_OC2_SetConfig
 .text.TIM_OC3_SetConfig
                0x0000000008005c28       0xec ./Drivers/STM32F7xx_HAL_Driver/Src/stm32f7xx_hal_tim.o
 .text.TIM_OC4_SetConfig
                0x0000000008005d14       0xb0 ./Drivers/STM32F7xx_HAL_Driver/Src/stm32f7xx_hal_tim.o
 .text.TIM_OC5_SetConfig
                0x0000000008005dc4       0xa4 ./Drivers/STM32F7xx_HAL_Driver/Src/stm32f7xx_hal_tim.o
 .text.TIM_OC6_SetConfig
                0x0000000008005e68       0xa8 ./Drivers/STM32F7xx_HAL_Driver/Src/stm32f7xx_hal_tim.o
 .text.TIM_TI1_SetConfig
                0x0000000008005f10       0xe8 ./Drivers/STM32F7xx_HAL_Driver/Src/stm32f7xx_hal_tim.o
                0x0000000008005f10                TIM_TI1_SetConfig
 .text.TIM_TI1_ConfigInputStage
                0x0000000008005ff8       0x5e ./Drivers/STM32F7xx_HAL_Driver/Src/stm32f7xx_hal_tim.o
 .text.TIM_TI2_SetConfig
                0x0000000008006056       0x7a ./Drivers/STM32F7xx_HAL_Driver/Src/stm32f7xx_hal_tim.o
 .text.TIM_TI2_ConfigInputStage
                0x00000000080060d0       0x60 ./Drivers/STM32F7xx_HAL_Driver/Src/stm32f7xx_hal_tim.o
 .text.TIM_TI3_SetConfig
                0x0000000008006130       0x78 ./Drivers/STM32F7xx_HAL_Driver/Src/stm32f7xx_hal_tim.o
 .text.TIM_TI4_SetConfig
                0x00000000080061a8       0x7a ./Drivers/STM32F7xx_HAL_Driver/Src/stm32f7xx_hal_tim.o
 .text.TIM_ITRx_SetConfig
                0x0000000008006222       0x36 ./Drivers/STM32F7xx_HAL_Driver/Src/stm32f7xx_hal_tim.o
 .text.TIM_ETR_SetConfig
                0x0000000008006258       0x40 ./Drivers/STM32F7xx_HAL_Driver/Src/stm32f7xx_hal_tim.o
                0x0000000008006258                TIM_ETR_SetConfig
 .text.TIM_CCxChannelCmd
                0x0000000008006298       0x4a ./Drivers/STM32F7xx_HAL_Driver/Src/stm32f7xx_hal_tim.o
                0x0000000008006298                TIM_CCxChannelCmd
 *fill*         0x00000000080062e2        0x2 
 .text.HAL_TIMEx_MasterConfigSynchronization
                0x00000000080062e4      0x11c ./Drivers/STM32F7xx_HAL_Driver/Src/stm32f7xx_hal_tim_ex.o
                0x00000000080062e4                HAL_TIMEx_MasterConfigSynchronization
 .text.HAL_TIMEx_ConfigBreakDeadTime
                0x0000000008006400       0xfc ./Drivers/STM32F7xx_HAL_Driver/Src/stm32f7xx_hal_tim_ex.o
                0x0000000008006400                HAL_TIMEx_ConfigBreakDeadTime
 .text.HAL_TIMEx_CommutCallback
                0x00000000080064fc       0x14 ./Drivers/STM32F7xx_HAL_Driver/Src/stm32f7xx_hal_tim_ex.o
                0x00000000080064fc                HAL_TIMEx_CommutCallback
 .text.HAL_TIMEx_BreakCallback
                0x0000000008006510       0x14 ./Drivers/STM32F7xx_HAL_Driver/Src/stm32f7xx_hal_tim_ex.o
                0x0000000008006510                HAL_TIMEx_BreakCallback
 .text.HAL_TIMEx_Break2Callback
                0x0000000008006524       0x14 ./Drivers/STM32F7xx_HAL_Driver/Src/stm32f7xx_hal_tim_ex.o
                0x0000000008006524                HAL_TIMEx_Break2Callback
 .text.HAL_UART_Init
                0x0000000008006538       0x9c ./Drivers/STM32F7xx_HAL_Driver/Src/stm32f7xx_hal_uart.o
                0x0000000008006538                HAL_UART_Init
 .text.HAL_UART_Transmit
                0x00000000080065d4      0x106 ./Drivers/STM32F7xx_HAL_Driver/Src/stm32f7xx_hal_uart.o
                0x00000000080065d4                HAL_UART_Transmit
 .text.HAL_UART_Receive
                0x00000000080066da      0x188 ./Drivers/STM32F7xx_HAL_Driver/Src/stm32f7xx_hal_uart.o
                0x00000000080066da                HAL_UART_Receive
 *fill*         0x0000000008006862        0x2 
 .text.UART_SetConfig
                0x0000000008006864      0x4c8 ./Drivers/STM32F7xx_HAL_Driver/Src/stm32f7xx_hal_uart.o
                0x0000000008006864                UART_SetConfig
 .text.UART_AdvFeatureConfig
                0x0000000008006d2c      0x144 ./Drivers/STM32F7xx_HAL_Driver/Src/stm32f7xx_hal_uart.o
                0x0000000008006d2c                UART_AdvFeatureConfig
 .text.UART_CheckIdleState
                0x0000000008006e70       0x9a ./Drivers/STM32F7xx_HAL_Driver/Src/stm32f7xx_hal_uart.o
                0x0000000008006e70                UART_CheckIdleState
 .text.UART_WaitOnFlagUntilTimeout
                0x0000000008006f0a      0x18c ./Drivers/STM32F7xx_HAL_Driver/Src/stm32f7xx_hal_uart.o
                0x0000000008006f0a                UART_WaitOnFlagUntilTimeout
 *fill*         0x0000000008007096        0x2 
 .text.__libc_init_array
                0x0000000008007098       0x48 c:/st/stm32cubeide_1.12.0/stm32cubeide/plugins/com.st.stm32cube.ide.mcu.externaltools.gnu-tools-for-stm32.10.3-2021.10.win32_1.0.200.202301161003/tools/bin/../lib/gcc/arm-none-eabi/10.3.1/../../../../arm-none-eabi/lib/thumb/v7e-m+dp/hard\libc_nano.a(lib_a-init.o)
                0x0000000008007098                __libc_init_array
 .text.memcpy   0x00000000080070e0       0x1c c:/st/stm32cubeide_1.12.0/stm32cubeide/plugins/com.st.stm32cube.ide.mcu.externaltools.gnu-tools-for-stm32.10.3-2021.10.win32_1.0.200.202301161003/tools/bin/../lib/gcc/arm-none-eabi/10.3.1/../../../../arm-none-eabi/lib/thumb/v7e-m+dp/hard\libc_nano.a(lib_a-memcpy-stub.o)
                0x00000000080070e0                memcpy
 .text.memset   0x00000000080070fc       0x10 c:/st/stm32cubeide_1.12.0/stm32cubeide/plugins/com.st.stm32cube.ide.mcu.externaltools.gnu-tools-for-stm32.10.3-2021.10.win32_1.0.200.202301161003/tools/bin/../lib/gcc/arm-none-eabi/10.3.1/../../../../arm-none-eabi/lib/thumb/v7e-m+dp/hard\libc_nano.a(lib_a-memset.o)
                0x00000000080070fc                memset
 *(.glue_7)
 .glue_7        0x000000000800710c        0x0 linker stubs
 *(.glue_7t)
 .glue_7t       0x000000000800710c        0x0 linker stubs
 *(.eh_frame)
 .eh_frame      0x000000000800710c        0x0 c:/st/stm32cubeide_1.12.0/stm32cubeide/plugins/com.st.stm32cube.ide.mcu.externaltools.gnu-tools-for-stm32.10.3-2021.10.win32_1.0.200.202301161003/tools/bin/../lib/gcc/arm-none-eabi/10.3.1/thumb/v7e-m+dp/hard/crtbegin.o
 *(.init)
 .init          0x000000000800710c        0x4 c:/st/stm32cubeide_1.12.0/stm32cubeide/plugins/com.st.stm32cube.ide.mcu.externaltools.gnu-tools-for-stm32.10.3-2021.10.win32_1.0.200.202301161003/tools/bin/../lib/gcc/arm-none-eabi/10.3.1/thumb/v7e-m+dp/hard/crti.o
                0x000000000800710c                _init
 .init          0x0000000008007110        0x8 c:/st/stm32cubeide_1.12.0/stm32cubeide/plugins/com.st.stm32cube.ide.mcu.externaltools.gnu-tools-for-stm32.10.3-2021.10.win32_1.0.200.202301161003/tools/bin/../lib/gcc/arm-none-eabi/10.3.1/thumb/v7e-m+dp/hard/crtn.o
 *(.fini)
 .fini          0x0000000008007118        0x4 c:/st/stm32cubeide_1.12.0/stm32cubeide/plugins/com.st.stm32cube.ide.mcu.externaltools.gnu-tools-for-stm32.10.3-2021.10.win32_1.0.200.202301161003/tools/bin/../lib/gcc/arm-none-eabi/10.3.1/thumb/v7e-m+dp/hard/crti.o
                0x0000000008007118                _fini
 .fini          0x000000000800711c        0x8 c:/st/stm32cubeide_1.12.0/stm32cubeide/plugins/com.st.stm32cube.ide.mcu.externaltools.gnu-tools-for-stm32.10.3-2021.10.win32_1.0.200.202301161003/tools/bin/../lib/gcc/arm-none-eabi/10.3.1/thumb/v7e-m+dp/hard/crtn.o
                0x0000000008007124                . = ALIGN (0x4)
                0x0000000008007124                _etext = .

.vfp11_veneer   0x0000000008007124        0x0
 .vfp11_veneer  0x0000000008007124        0x0 linker stubs

.v4_bx          0x0000000008007124        0x0
 .v4_bx         0x0000000008007124        0x0 linker stubs

.iplt           0x0000000008007124        0x0
 .iplt          0x0000000008007124        0x0 c:/st/stm32cubeide_1.12.0/stm32cubeide/plugins/com.st.stm32cube.ide.mcu.externaltools.gnu-tools-for-stm32.10.3-2021.10.win32_1.0.200.202301161003/tools/bin/../lib/gcc/arm-none-eabi/10.3.1/thumb/v7e-m+dp/hard/crtbegin.o

.rodata         0x0000000008007124       0x18
                0x0000000008007124                . = ALIGN (0x4)
 *(.rodata)
 *(.rodata*)
 .rodata.AHBPrescTable
                0x0000000008007124       0x10 ./Core/Src/system_stm32f7xx.o
                0x0000000008007124                AHBPrescTable
 .rodata.APBPrescTable
                0x0000000008007134        0x8 ./Core/Src/system_stm32f7xx.o
                0x0000000008007134                APBPrescTable
                0x000000000800713c                . = ALIGN (0x4)

.ARM.extab      0x000000000800713c        0x0
                0x000000000800713c                . = ALIGN (0x4)
 *(.ARM.extab* .gnu.linkonce.armextab.*)
                0x000000000800713c                . = ALIGN (0x4)

.ARM            0x000000000800713c        0x8
                0x000000000800713c                . = ALIGN (0x4)
                0x000000000800713c                __exidx_start = .
 *(.ARM.exidx*)
 .ARM.exidx     0x000000000800713c        0x8 c:/st/stm32cubeide_1.12.0/stm32cubeide/plugins/com.st.stm32cube.ide.mcu.externaltools.gnu-tools-for-stm32.10.3-2021.10.win32_1.0.200.202301161003/tools/bin/../lib/gcc/arm-none-eabi/10.3.1/thumb/v7e-m+dp/hard\libgcc.a(_udivmoddi4.o)
                0x0000000008007144                __exidx_end = .
                0x0000000008007144                . = ALIGN (0x4)

.rel.dyn        0x0000000008007144        0x0
 .rel.iplt      0x0000000008007144        0x0 c:/st/stm32cubeide_1.12.0/stm32cubeide/plugins/com.st.stm32cube.ide.mcu.externaltools.gnu-tools-for-stm32.10.3-2021.10.win32_1.0.200.202301161003/tools/bin/../lib/gcc/arm-none-eabi/10.3.1/thumb/v7e-m+dp/hard/crtbegin.o

.preinit_array  0x0000000008007144        0x0
                0x0000000008007144                . = ALIGN (0x4)
                0x0000000008007144                PROVIDE (__preinit_array_start = .)
 *(.preinit_array*)
                0x0000000008007144                PROVIDE (__preinit_array_end = .)
                0x0000000008007144                . = ALIGN (0x4)

.init_array     0x0000000008007144        0x4
                0x0000000008007144                . = ALIGN (0x4)
                0x0000000008007144                PROVIDE (__init_array_start = .)
 *(SORT_BY_NAME(.init_array.*))
 *(.init_array*)
 .init_array    0x0000000008007144        0x4 c:/st/stm32cubeide_1.12.0/stm32cubeide/plugins/com.st.stm32cube.ide.mcu.externaltools.gnu-tools-for-stm32.10.3-2021.10.win32_1.0.200.202301161003/tools/bin/../lib/gcc/arm-none-eabi/10.3.1/thumb/v7e-m+dp/hard/crtbegin.o
                0x0000000008007148                PROVIDE (__init_array_end = .)
                0x0000000008007148                . = ALIGN (0x4)

.fini_array     0x0000000008007148        0x4
                0x0000000008007148                . = ALIGN (0x4)
                [!provide]                        PROVIDE (__fini_array_start = .)
 *(SORT_BY_NAME(.fini_array.*))
 *(.fini_array*)
 .fini_array    0x0000000008007148        0x4 c:/st/stm32cubeide_1.12.0/stm32cubeide/plugins/com.st.stm32cube.ide.mcu.externaltools.gnu-tools-for-stm32.10.3-2021.10.win32_1.0.200.202301161003/tools/bin/../lib/gcc/arm-none-eabi/10.3.1/thumb/v7e-m+dp/hard/crtbegin.o
                [!provide]                        PROVIDE (__fini_array_end = .)
                0x000000000800714c                . = ALIGN (0x4)
                0x000000000800714c                _sidata = LOADADDR (.data)

.data           0x0000000020000000       0x1c load address 0x000000000800714c
                0x0000000020000000                . = ALIGN (0x4)
                0x0000000020000000                _sdata = .
 *(.data)
 *(.data*)
 .data.reference_rpm_R
                0x0000000020000000        0x4 ./Core/Src/main.o
                0x0000000020000000                reference_rpm_R
 .data.reference_rpm_L
                0x0000000020000004        0x4 ./Core/Src/main.o
                0x0000000020000004                reference_rpm_L
 .data.Kp       0x0000000020000008        0x4 ./Core/Src/main.o
                0x0000000020000008                Kp
 .data.KI       0x000000002000000c        0x4 ./Core/Src/main.o
                0x000000002000000c                KI
 .data.SystemCoreClock
                0x0000000020000010        0x4 ./Core/Src/system_stm32f7xx.o
                0x0000000020000010                SystemCoreClock
 .data.uwTickPrio
                0x0000000020000014        0x4 ./Drivers/STM32F7xx_HAL_Driver/Src/stm32f7xx_hal.o
                0x0000000020000014                uwTickPrio
 .data.uwTickFreq
                0x0000000020000018        0x1 ./Drivers/STM32F7xx_HAL_Driver/Src/stm32f7xx_hal.o
                0x0000000020000018                uwTickFreq
 *(.RamFunc)
 *(.RamFunc*)
                0x000000002000001c                . = ALIGN (0x4)
 *fill*         0x0000000020000019        0x3 
                0x000000002000001c                _edata = .

.igot.plt       0x000000002000001c        0x0 load address 0x0000000008007168
 .igot.plt      0x000000002000001c        0x0 c:/st/stm32cubeide_1.12.0/stm32cubeide/plugins/com.st.stm32cube.ide.mcu.externaltools.gnu-tools-for-stm32.10.3-2021.10.win32_1.0.200.202301161003/tools/bin/../lib/gcc/arm-none-eabi/10.3.1/thumb/v7e-m+dp/hard/crtbegin.o
                0x000000002000001c                . = ALIGN (0x4)

.bss            0x000000002000001c      0x78c load address 0x0000000008007168
                0x000000002000001c                _sbss = .
                0x000000002000001c                __bss_start__ = _sbss
 *(.bss)
 .bss           0x000000002000001c       0x1c c:/st/stm32cubeide_1.12.0/stm32cubeide/plugins/com.st.stm32cube.ide.mcu.externaltools.gnu-tools-for-stm32.10.3-2021.10.win32_1.0.200.202301161003/tools/bin/../lib/gcc/arm-none-eabi/10.3.1/thumb/v7e-m+dp/hard/crtbegin.o
 *(.bss*)
 .bss.hadc1     0x0000000020000038       0x48 ./Core/Src/main.o
                0x0000000020000038                hadc1
 .bss.hi2c1     0x0000000020000080       0x54 ./Core/Src/main.o
                0x0000000020000080                hi2c1
 .bss.hi2c2     0x00000000200000d4       0x54 ./Core/Src/main.o
                0x00000000200000d4                hi2c2
 .bss.hspi1     0x0000000020000128       0x64 ./Core/Src/main.o
                0x0000000020000128                hspi1
 .bss.htim1     0x000000002000018c       0x4c ./Core/Src/main.o
                0x000000002000018c                htim1
 .bss.htim2     0x00000000200001d8       0x4c ./Core/Src/main.o
                0x00000000200001d8                htim2
 .bss.htim3     0x0000000020000224       0x4c ./Core/Src/main.o
                0x0000000020000224                htim3
 .bss.htim4     0x0000000020000270       0x4c ./Core/Src/main.o
                0x0000000020000270                htim4
 .bss.htim5     0x00000000200002bc       0x4c ./Core/Src/main.o
                0x00000000200002bc                htim5
 .bss.htim6     0x0000000020000308       0x4c ./Core/Src/main.o
                0x0000000020000308                htim6
 .bss.htim8     0x0000000020000354       0x4c ./Core/Src/main.o
                0x0000000020000354                htim8
 .bss.htim9     0x00000000200003a0       0x4c ./Core/Src/main.o
                0x00000000200003a0                htim9
 .bss.huart4    0x00000000200003ec       0x88 ./Core/Src/main.o
                0x00000000200003ec                huart4
 .bss.huart5    0x0000000020000474       0x88 ./Core/Src/main.o
                0x0000000020000474                huart5
 .bss.huart1    0x00000000200004fc       0x88 ./Core/Src/main.o
                0x00000000200004fc                huart1
 .bss.huart2    0x0000000020000584       0x88 ./Core/Src/main.o
                0x0000000020000584                huart2
 .bss.huart3    0x000000002000060c       0x88 ./Core/Src/main.o
                0x000000002000060c                huart3
 .bss.logger    0x0000000020000694       0xcc ./Core/Src/main.o
                0x0000000020000694                logger
 .bss.controller_return_R
                0x0000000020000760        0x4 ./Core/Src/main.o
                0x0000000020000760                controller_return_R
 .bss.motor_V_R
                0x0000000020000764        0x4 ./Core/Src/main.o
                0x0000000020000764                motor_V_R
 .bss.tracking_error_R
                0x0000000020000768        0x4 ./Core/Src/main.o
                0x0000000020000768                tracking_error_R
 .bss.controller_return_L
                0x000000002000076c        0x4 ./Core/Src/main.o
                0x000000002000076c                controller_return_L
 .bss.motor_V_L
                0x0000000020000770        0x4 ./Core/Src/main.o
                0x0000000020000770                motor_V_L
 .bss.tracking_error_L
                0x0000000020000774        0x4 ./Core/Src/main.o
                0x0000000020000774                tracking_error_L
 .bss.data      0x0000000020000778       0x20 ./Core/Src/main.o
                0x0000000020000778                data
 .bss.TIM3_PreviousCount.2
                0x0000000020000798        0x4 ./Core/Src/main.o
 .bss.TIM4_PreviousCount.1
                0x000000002000079c        0x4 ./Core/Src/main.o
 .bss.I.0       0x00000000200007a0        0x4 ./Core/Src/main.o
 .bss.uwTick    0x00000000200007a4        0x4 ./Drivers/STM32F7xx_HAL_Driver/Src/stm32f7xx_hal.o
                0x00000000200007a4                uwTick
 *(COMMON)
                0x00000000200007a8                . = ALIGN (0x4)
                0x00000000200007a8                _ebss = .
                0x00000000200007a8                __bss_end__ = _ebss

._user_heap_stack
                0x00000000200007a8      0x600 load address 0x0000000008007168
                0x00000000200007a8                . = ALIGN (0x8)
                [!provide]                        PROVIDE (end = .)
                0x00000000200007a8                PROVIDE (_end = .)
                0x00000000200009a8                . = (. + _Min_Heap_Size)
 *fill*         0x00000000200007a8      0x200 
                0x0000000020000da8                . = (. + _Min_Stack_Size)
 *fill*         0x00000000200009a8      0x400 
                0x0000000020000da8                . = ALIGN (0x8)

/DISCARD/
 libc.a(*)
 libm.a(*)
 libgcc.a(*)

.ARM.attributes
                0x0000000000000000       0x2e
 *(.ARM.attributes)
 .ARM.attributes
                0x0000000000000000       0x1e c:/st/stm32cubeide_1.12.0/stm32cubeide/plugins/com.st.stm32cube.ide.mcu.externaltools.gnu-tools-for-stm32.10.3-2021.10.win32_1.0.200.202301161003/tools/bin/../lib/gcc/arm-none-eabi/10.3.1/thumb/v7e-m+dp/hard/crti.o
 .ARM.attributes
                0x000000000000001e       0x32 c:/st/stm32cubeide_1.12.0/stm32cubeide/plugins/com.st.stm32cube.ide.mcu.externaltools.gnu-tools-for-stm32.10.3-2021.10.win32_1.0.200.202301161003/tools/bin/../lib/gcc/arm-none-eabi/10.3.1/thumb/v7e-m+dp/hard/crtbegin.o
 .ARM.attributes
                0x0000000000000050       0x32 ./Core/Src/cobs.o
 .ARM.attributes
                0x0000000000000082       0x32 ./Core/Src/ertc-datalogger.o
 .ARM.attributes
                0x00000000000000b4       0x32 ./Core/Src/main.o
 .ARM.attributes
                0x00000000000000e6       0x32 ./Core/Src/stm32f7xx_hal_msp.o
 .ARM.attributes
                0x0000000000000118       0x32 ./Core/Src/stm32f7xx_it.o
 .ARM.attributes
                0x000000000000014a       0x32 ./Core/Src/system_stm32f7xx.o
 .ARM.attributes
                0x000000000000017c       0x21 ./Core/Startup/startup_stm32f767zitx.o
 .ARM.attributes
                0x000000000000019d       0x32 ./Drivers/STM32F7xx_HAL_Driver/Src/stm32f7xx_hal.o
 .ARM.attributes
                0x00000000000001cf       0x32 ./Drivers/STM32F7xx_HAL_Driver/Src/stm32f7xx_hal_adc.o
 .ARM.attributes
                0x0000000000000201       0x32 ./Drivers/STM32F7xx_HAL_Driver/Src/stm32f7xx_hal_cortex.o
 .ARM.attributes
                0x0000000000000233       0x32 ./Drivers/STM32F7xx_HAL_Driver/Src/stm32f7xx_hal_gpio.o
 .ARM.attributes
                0x0000000000000265       0x32 ./Drivers/STM32F7xx_HAL_Driver/Src/stm32f7xx_hal_i2c.o
 .ARM.attributes
                0x0000000000000297       0x32 ./Drivers/STM32F7xx_HAL_Driver/Src/stm32f7xx_hal_i2c_ex.o
 .ARM.attributes
                0x00000000000002c9       0x32 ./Drivers/STM32F7xx_HAL_Driver/Src/stm32f7xx_hal_pwr.o
 .ARM.attributes
                0x00000000000002fb       0x32 ./Drivers/STM32F7xx_HAL_Driver/Src/stm32f7xx_hal_pwr_ex.o
 .ARM.attributes
                0x000000000000032d       0x32 ./Drivers/STM32F7xx_HAL_Driver/Src/stm32f7xx_hal_rcc.o
 .ARM.attributes
                0x000000000000035f       0x32 ./Drivers/STM32F7xx_HAL_Driver/Src/stm32f7xx_hal_rcc_ex.o
 .ARM.attributes
                0x0000000000000391       0x32 ./Drivers/STM32F7xx_HAL_Driver/Src/stm32f7xx_hal_spi.o
 .ARM.attributes
                0x00000000000003c3       0x32 ./Drivers/STM32F7xx_HAL_Driver/Src/stm32f7xx_hal_tim.o
 .ARM.attributes
                0x00000000000003f5       0x32 ./Drivers/STM32F7xx_HAL_Driver/Src/stm32f7xx_hal_tim_ex.o
 .ARM.attributes
                0x0000000000000427       0x32 ./Drivers/STM32F7xx_HAL_Driver/Src/stm32f7xx_hal_uart.o
 .ARM.attributes
                0x0000000000000459       0x32 c:/st/stm32cubeide_1.12.0/stm32cubeide/plugins/com.st.stm32cube.ide.mcu.externaltools.gnu-tools-for-stm32.10.3-2021.10.win32_1.0.200.202301161003/tools/bin/../lib/gcc/arm-none-eabi/10.3.1/../../../../arm-none-eabi/lib/thumb/v7e-m+dp/hard\libc_nano.a(lib_a-init.o)
 .ARM.attributes
                0x000000000000048b       0x32 c:/st/stm32cubeide_1.12.0/stm32cubeide/plugins/com.st.stm32cube.ide.mcu.externaltools.gnu-tools-for-stm32.10.3-2021.10.win32_1.0.200.202301161003/tools/bin/../lib/gcc/arm-none-eabi/10.3.1/../../../../arm-none-eabi/lib/thumb/v7e-m+dp/hard\libc_nano.a(lib_a-memcpy-stub.o)
 .ARM.attributes
                0x00000000000004bd       0x32 c:/st/stm32cubeide_1.12.0/stm32cubeide/plugins/com.st.stm32cube.ide.mcu.externaltools.gnu-tools-for-stm32.10.3-2021.10.win32_1.0.200.202301161003/tools/bin/../lib/gcc/arm-none-eabi/10.3.1/../../../../arm-none-eabi/lib/thumb/v7e-m+dp/hard\libc_nano.a(lib_a-memset.o)
 .ARM.attributes
                0x00000000000004ef       0x1e c:/st/stm32cubeide_1.12.0/stm32cubeide/plugins/com.st.stm32cube.ide.mcu.externaltools.gnu-tools-for-stm32.10.3-2021.10.win32_1.0.200.202301161003/tools/bin/../lib/gcc/arm-none-eabi/10.3.1/thumb/v7e-m+dp/hard\libgcc.a(_aeabi_uldivmod.o)
 .ARM.attributes
                0x000000000000050d       0x32 c:/st/stm32cubeide_1.12.0/stm32cubeide/plugins/com.st.stm32cube.ide.mcu.externaltools.gnu-tools-for-stm32.10.3-2021.10.win32_1.0.200.202301161003/tools/bin/../lib/gcc/arm-none-eabi/10.3.1/thumb/v7e-m+dp/hard\libgcc.a(_udivmoddi4.o)
 .ARM.attributes
                0x000000000000053f       0x1e c:/st/stm32cubeide_1.12.0/stm32cubeide/plugins/com.st.stm32cube.ide.mcu.externaltools.gnu-tools-for-stm32.10.3-2021.10.win32_1.0.200.202301161003/tools/bin/../lib/gcc/arm-none-eabi/10.3.1/thumb/v7e-m+dp/hard\libgcc.a(_dvmd_tls.o)
 .ARM.attributes
                0x000000000000055d       0x1e c:/st/stm32cubeide_1.12.0/stm32cubeide/plugins/com.st.stm32cube.ide.mcu.externaltools.gnu-tools-for-stm32.10.3-2021.10.win32_1.0.200.202301161003/tools/bin/../lib/gcc/arm-none-eabi/10.3.1/thumb/v7e-m+dp/hard/crtn.o
OUTPUT(LAB3_MotorControl_Base.elf elf32-littlearm)
LOAD linker stubs
LOAD c:/st/stm32cubeide_1.12.0/stm32cubeide/plugins/com.st.stm32cube.ide.mcu.externaltools.gnu-tools-for-stm32.10.3-2021.10.win32_1.0.200.202301161003/tools/bin/../lib/gcc/arm-none-eabi/10.3.1/../../../../arm-none-eabi/lib/thumb/v7e-m+dp/hard\libc.a
LOAD c:/st/stm32cubeide_1.12.0/stm32cubeide/plugins/com.st.stm32cube.ide.mcu.externaltools.gnu-tools-for-stm32.10.3-2021.10.win32_1.0.200.202301161003/tools/bin/../lib/gcc/arm-none-eabi/10.3.1/../../../../arm-none-eabi/lib/thumb/v7e-m+dp/hard\libm.a
LOAD c:/st/stm32cubeide_1.12.0/stm32cubeide/plugins/com.st.stm32cube.ide.mcu.externaltools.gnu-tools-for-stm32.10.3-2021.10.win32_1.0.200.202301161003/tools/bin/../lib/gcc/arm-none-eabi/10.3.1/thumb/v7e-m+dp/hard\libgcc.a

.debug_info     0x0000000000000000    0x17bf1
 .debug_info    0x0000000000000000      0x175 ./Core/Src/cobs.o
 .debug_info    0x0000000000000175      0x7fc ./Core/Src/ertc-datalogger.o
 .debug_info    0x0000000000000971     0x2618 ./Core/Src/main.o
 .debug_info    0x0000000000002f89     0x228d ./Core/Src/stm32f7xx_hal_msp.o
 .debug_info    0x0000000000005216      0x79d ./Core/Src/stm32f7xx_it.o
 .debug_info    0x00000000000059b3      0x72c ./Core/Src/system_stm32f7xx.o
 .debug_info    0x00000000000060df       0x22 ./Core/Startup/startup_stm32f767zitx.o
 .debug_info    0x0000000000006101      0xa82 ./Drivers/STM32F7xx_HAL_Driver/Src/stm32f7xx_hal.o
 .debug_info    0x0000000000006b83      0xd19 ./Drivers/STM32F7xx_HAL_Driver/Src/stm32f7xx_hal_adc.o
 .debug_info    0x000000000000789c     0x109c ./Drivers/STM32F7xx_HAL_Driver/Src/stm32f7xx_hal_cortex.o
 .debug_info    0x0000000000008938      0x7a2 ./Drivers/STM32F7xx_HAL_Driver/Src/stm32f7xx_hal_gpio.o
 .debug_info    0x00000000000090da     0x22d3 ./Drivers/STM32F7xx_HAL_Driver/Src/stm32f7xx_hal_i2c.o
 .debug_info    0x000000000000b3ad      0x9e2 ./Drivers/STM32F7xx_HAL_Driver/Src/stm32f7xx_hal_i2c_ex.o
 .debug_info    0x000000000000bd8f      0x978 ./Drivers/STM32F7xx_HAL_Driver/Src/stm32f7xx_hal_pwr.o
 .debug_info    0x000000000000c707      0x92e ./Drivers/STM32F7xx_HAL_Driver/Src/stm32f7xx_hal_pwr_ex.o
 .debug_info    0x000000000000d035      0x9f8 ./Drivers/STM32F7xx_HAL_Driver/Src/stm32f7xx_hal_rcc.o
 .debug_info    0x000000000000da2d      0x78b ./Drivers/STM32F7xx_HAL_Driver/Src/stm32f7xx_hal_rcc_ex.o
 .debug_info    0x000000000000e1b8     0x1802 ./Drivers/STM32F7xx_HAL_Driver/Src/stm32f7xx_hal_spi.o
 .debug_info    0x000000000000f9ba     0x2d3e ./Drivers/STM32F7xx_HAL_Driver/Src/stm32f7xx_hal_tim.o
 .debug_info    0x00000000000126f8     0x1805 ./Drivers/STM32F7xx_HAL_Driver/Src/stm32f7xx_hal_tim_ex.o
 .debug_info    0x0000000000013efd     0x3cf4 ./Drivers/STM32F7xx_HAL_Driver/Src/stm32f7xx_hal_uart.o

.debug_abbrev   0x0000000000000000     0x297c
 .debug_abbrev  0x0000000000000000       0xc6 ./Core/Src/cobs.o
 .debug_abbrev  0x00000000000000c6      0x180 ./Core/Src/ertc-datalogger.o
 .debug_abbrev  0x0000000000000246      0x314 ./Core/Src/main.o
 .debug_abbrev  0x000000000000055a      0x25b ./Core/Src/stm32f7xx_hal_msp.o
 .debug_abbrev  0x00000000000007b5      0x184 ./Core/Src/stm32f7xx_it.o
 .debug_abbrev  0x0000000000000939      0x136 ./Core/Src/system_stm32f7xx.o
 .debug_abbrev  0x0000000000000a6f       0x12 ./Core/Startup/startup_stm32f767zitx.o
 .debug_abbrev  0x0000000000000a81      0x20d ./Drivers/STM32F7xx_HAL_Driver/Src/stm32f7xx_hal.o
 .debug_abbrev  0x0000000000000c8e      0x244 ./Drivers/STM32F7xx_HAL_Driver/Src/stm32f7xx_hal_adc.o
 .debug_abbrev  0x0000000000000ed2      0x316 ./Drivers/STM32F7xx_HAL_Driver/Src/stm32f7xx_hal_cortex.o
 .debug_abbrev  0x00000000000011e8      0x1c4 ./Drivers/STM32F7xx_HAL_Driver/Src/stm32f7xx_hal_gpio.o
 .debug_abbrev  0x00000000000013ac      0x243 ./Drivers/STM32F7xx_HAL_Driver/Src/stm32f7xx_hal_i2c.o
 .debug_abbrev  0x00000000000015ef      0x18e ./Drivers/STM32F7xx_HAL_Driver/Src/stm32f7xx_hal_i2c_ex.o
 .debug_abbrev  0x000000000000177d      0x1b8 ./Drivers/STM32F7xx_HAL_Driver/Src/stm32f7xx_hal_pwr.o
 .debug_abbrev  0x0000000000001935      0x1cb ./Drivers/STM32F7xx_HAL_Driver/Src/stm32f7xx_hal_pwr_ex.o
 .debug_abbrev  0x0000000000001b00      0x2d1 ./Drivers/STM32F7xx_HAL_Driver/Src/stm32f7xx_hal_rcc.o
 .debug_abbrev  0x0000000000001dd1      0x1b9 ./Drivers/STM32F7xx_HAL_Driver/Src/stm32f7xx_hal_rcc_ex.o
 .debug_abbrev  0x0000000000001f8a      0x254 ./Drivers/STM32F7xx_HAL_Driver/Src/stm32f7xx_hal_spi.o
 .debug_abbrev  0x00000000000021de      0x264 ./Drivers/STM32F7xx_HAL_Driver/Src/stm32f7xx_hal_tim.o
 .debug_abbrev  0x0000000000002442      0x26c ./Drivers/STM32F7xx_HAL_Driver/Src/stm32f7xx_hal_tim_ex.o
 .debug_abbrev  0x00000000000026ae      0x2ce ./Drivers/STM32F7xx_HAL_Driver/Src/stm32f7xx_hal_uart.o

.debug_aranges  0x0000000000000000     0x1410
 .debug_aranges
                0x0000000000000000       0x28 ./Core/Src/cobs.o
 .debug_aranges
                0x0000000000000028       0x28 ./Core/Src/ertc-datalogger.o
 .debug_aranges
                0x0000000000000050       0xd0 ./Core/Src/main.o
 .debug_aranges
                0x0000000000000120       0x98 ./Core/Src/stm32f7xx_hal_msp.o
 .debug_aranges
                0x00000000000001b8       0x68 ./Core/Src/stm32f7xx_it.o
 .debug_aranges
                0x0000000000000220       0x28 ./Core/Src/system_stm32f7xx.o
 .debug_aranges
                0x0000000000000248       0x28 ./Core/Startup/startup_stm32f767zitx.o
 .debug_aranges
                0x0000000000000270      0x110 ./Drivers/STM32F7xx_HAL_Driver/Src/stm32f7xx_hal.o
 .debug_aranges
                0x0000000000000380       0xe8 ./Drivers/STM32F7xx_HAL_Driver/Src/stm32f7xx_hal_adc.o
 .debug_aranges
                0x0000000000000468      0x118 ./Drivers/STM32F7xx_HAL_Driver/Src/stm32f7xx_hal_cortex.o
 .debug_aranges
                0x0000000000000580       0x58 ./Drivers/STM32F7xx_HAL_Driver/Src/stm32f7xx_hal_gpio.o
 .debug_aranges
                0x00000000000005d8      0x2a0 ./Drivers/STM32F7xx_HAL_Driver/Src/stm32f7xx_hal_i2c.o
 .debug_aranges
                0x0000000000000878       0x38 ./Drivers/STM32F7xx_HAL_Driver/Src/stm32f7xx_hal_i2c_ex.o
 .debug_aranges
                0x00000000000008b0       0xa0 ./Drivers/STM32F7xx_HAL_Driver/Src/stm32f7xx_hal_pwr.o
 .debug_aranges
                0x0000000000000950       0x80 ./Drivers/STM32F7xx_HAL_Driver/Src/stm32f7xx_hal_pwr_ex.o
 .debug_aranges
                0x00000000000009d0       0x88 ./Drivers/STM32F7xx_HAL_Driver/Src/stm32f7xx_hal_rcc.o
 .debug_aranges
                0x0000000000000a58       0x50 ./Drivers/STM32F7xx_HAL_Driver/Src/stm32f7xx_hal_rcc_ex.o
 .debug_aranges
                0x0000000000000aa8      0x1d8 ./Drivers/STM32F7xx_HAL_Driver/Src/stm32f7xx_hal_spi.o
 .debug_aranges
                0x0000000000000c80      0x3e0 ./Drivers/STM32F7xx_HAL_Driver/Src/stm32f7xx_hal_tim.o
 .debug_aranges
                0x0000000000001060      0x180 ./Drivers/STM32F7xx_HAL_Driver/Src/stm32f7xx_hal_tim_ex.o
 .debug_aranges
                0x00000000000011e0      0x230 ./Drivers/STM32F7xx_HAL_Driver/Src/stm32f7xx_hal_uart.o

.debug_ranges   0x0000000000000000     0x12f8
 .debug_ranges  0x0000000000000000       0x18 ./Core/Src/cobs.o
 .debug_ranges  0x0000000000000018       0x18 ./Core/Src/ertc-datalogger.o
 .debug_ranges  0x0000000000000030       0xc0 ./Core/Src/main.o
 .debug_ranges  0x00000000000000f0       0x88 ./Core/Src/stm32f7xx_hal_msp.o
 .debug_ranges  0x0000000000000178       0x58 ./Core/Src/stm32f7xx_it.o
 .debug_ranges  0x00000000000001d0       0x18 ./Core/Src/system_stm32f7xx.o
 .debug_ranges  0x00000000000001e8       0x20 ./Core/Startup/startup_stm32f767zitx.o
 .debug_ranges  0x0000000000000208      0x100 ./Drivers/STM32F7xx_HAL_Driver/Src/stm32f7xx_hal.o
 .debug_ranges  0x0000000000000308       0xd8 ./Drivers/STM32F7xx_HAL_Driver/Src/stm32f7xx_hal_adc.o
 .debug_ranges  0x00000000000003e0      0x108 ./Drivers/STM32F7xx_HAL_Driver/Src/stm32f7xx_hal_cortex.o
 .debug_ranges  0x00000000000004e8       0x48 ./Drivers/STM32F7xx_HAL_Driver/Src/stm32f7xx_hal_gpio.o
 .debug_ranges  0x0000000000000530      0x290 ./Drivers/STM32F7xx_HAL_Driver/Src/stm32f7xx_hal_i2c.o
 .debug_ranges  0x00000000000007c0       0x28 ./Drivers/STM32F7xx_HAL_Driver/Src/stm32f7xx_hal_i2c_ex.o
 .debug_ranges  0x00000000000007e8       0x90 ./Drivers/STM32F7xx_HAL_Driver/Src/stm32f7xx_hal_pwr.o
 .debug_ranges  0x0000000000000878       0x70 ./Drivers/STM32F7xx_HAL_Driver/Src/stm32f7xx_hal_pwr_ex.o
 .debug_ranges  0x00000000000008e8       0x78 ./Drivers/STM32F7xx_HAL_Driver/Src/stm32f7xx_hal_rcc.o
 .debug_ranges  0x0000000000000960       0x40 ./Drivers/STM32F7xx_HAL_Driver/Src/stm32f7xx_hal_rcc_ex.o
 .debug_ranges  0x00000000000009a0      0x1c8 ./Drivers/STM32F7xx_HAL_Driver/Src/stm32f7xx_hal_spi.o
 .debug_ranges  0x0000000000000b68      0x3d0 ./Drivers/STM32F7xx_HAL_Driver/Src/stm32f7xx_hal_tim.o
 .debug_ranges  0x0000000000000f38      0x170 ./Drivers/STM32F7xx_HAL_Driver/Src/stm32f7xx_hal_tim_ex.o
 .debug_ranges  0x00000000000010a8      0x250 ./Drivers/STM32F7xx_HAL_Driver/Src/stm32f7xx_hal_uart.o

.debug_macro    0x0000000000000000    0x29428
 .debug_macro   0x0000000000000000       0x69 ./Core/Src/cobs.o
 .debug_macro   0x0000000000000069      0xa90 ./Core/Src/cobs.o
 .debug_macro   0x0000000000000af9       0x22 ./Core/Src/cobs.o
 .debug_macro   0x0000000000000b1b       0x8e ./Core/Src/cobs.o
 .debug_macro   0x0000000000000ba9       0x51 ./Core/Src/cobs.o
 .debug_macro   0x0000000000000bfa      0x103 ./Core/Src/cobs.o
 .debug_macro   0x0000000000000cfd       0x6a ./Core/Src/cobs.o
 .debug_macro   0x0000000000000d67      0x1df ./Core/Src/cobs.o
 .debug_macro   0x0000000000000f46      0x242 ./Core/Src/ertc-datalogger.o
 .debug_macro   0x0000000000001188      0x29f ./Core/Src/ertc-datalogger.o
 .debug_macro   0x0000000000001427       0x2e ./Core/Src/ertc-datalogger.o
 .debug_macro   0x0000000000001455       0x3b ./Core/Src/ertc-datalogger.o
 .debug_macro   0x0000000000001490       0x1c ./Core/Src/ertc-datalogger.o
 .debug_macro   0x00000000000014ac       0x22 ./Core/Src/ertc-datalogger.o
 .debug_macro   0x00000000000014ce       0xd9 ./Core/Src/ertc-datalogger.o
 .debug_macro   0x00000000000015a7     0x12cd ./Core/Src/ertc-datalogger.o
 .debug_macro   0x0000000000002874      0x11f ./Core/Src/ertc-datalogger.o
 .debug_macro   0x0000000000002993       0x19 ./Core/Src/ertc-datalogger.o
 .debug_macro   0x00000000000029ac    0x1aa0d ./Core/Src/ertc-datalogger.o
 .debug_macro   0x000000000001d3b9       0x6d ./Core/Src/ertc-datalogger.o
 .debug_macro   0x000000000001d426     0x3749 ./Core/Src/ertc-datalogger.o
 .debug_macro   0x0000000000020b6f      0x174 ./Core/Src/ertc-datalogger.o
 .debug_macro   0x0000000000020ce3       0x63 ./Core/Src/ertc-datalogger.o
 .debug_macro   0x0000000000020d46     0x1add ./Core/Src/ertc-datalogger.o
 .debug_macro   0x0000000000022823      0x6c4 ./Core/Src/ertc-datalogger.o
 .debug_macro   0x0000000000022ee7      0x18b ./Core/Src/ertc-datalogger.o
 .debug_macro   0x0000000000023072      0x115 ./Core/Src/ertc-datalogger.o
 .debug_macro   0x0000000000023187      0x26e ./Core/Src/ertc-datalogger.o
 .debug_macro   0x00000000000233f5       0xa5 ./Core/Src/ertc-datalogger.o
 .debug_macro   0x000000000002349a      0x24f ./Core/Src/ertc-datalogger.o
 .debug_macro   0x00000000000236e9       0x71 ./Core/Src/ertc-datalogger.o
 .debug_macro   0x000000000002375a       0x58 ./Core/Src/ertc-datalogger.o
 .debug_macro   0x00000000000237b2      0x236 ./Core/Src/ertc-datalogger.o
 .debug_macro   0x00000000000239e8      0x416 ./Core/Src/ertc-datalogger.o
 .debug_macro   0x0000000000023dfe      0x153 ./Core/Src/ertc-datalogger.o
 .debug_macro   0x0000000000023f51      0x107 ./Core/Src/ertc-datalogger.o
 .debug_macro   0x0000000000024058      0x14e ./Core/Src/ertc-datalogger.o
 .debug_macro   0x00000000000241a6      0x3db ./Core/Src/ertc-datalogger.o
 .debug_macro   0x0000000000024581       0x12 ./Core/Src/ertc-datalogger.o
 .debug_macro   0x0000000000024593      0x22c ./Core/Src/ertc-datalogger.o
 .debug_macro   0x00000000000247bf       0x61 ./Core/Src/ertc-datalogger.o
 .debug_macro   0x0000000000024820       0xa5 ./Core/Src/ertc-datalogger.o
 .debug_macro   0x00000000000248c5      0x12e ./Core/Src/ertc-datalogger.o
 .debug_macro   0x00000000000249f3      0x108 ./Core/Src/ertc-datalogger.o
 .debug_macro   0x0000000000024afb       0x35 ./Core/Src/ertc-datalogger.o
 .debug_macro   0x0000000000024b30      0x2fe ./Core/Src/ertc-datalogger.o
 .debug_macro   0x0000000000024e2e      0xa8a ./Core/Src/ertc-datalogger.o
 .debug_macro   0x00000000000258b8       0xa9 ./Core/Src/ertc-datalogger.o
 .debug_macro   0x0000000000025961      0x5ba ./Core/Src/ertc-datalogger.o
 .debug_macro   0x0000000000025f1b       0x44 ./Core/Src/ertc-datalogger.o
 .debug_macro   0x0000000000025f5f      0x15b ./Core/Src/ertc-datalogger.o
 .debug_macro   0x00000000000260ba      0x2fd ./Core/Src/ertc-datalogger.o
 .debug_macro   0x00000000000263b7       0x22 ./Core/Src/ertc-datalogger.o
 .debug_macro   0x00000000000263d9       0x16 ./Core/Src/ertc-datalogger.o
 .debug_macro   0x00000000000263ef      0x305 ./Core/Src/main.o
 .debug_macro   0x00000000000266f4       0x52 ./Core/Src/main.o
 .debug_macro   0x0000000000026746       0x1d ./Core/Src/main.o
 .debug_macro   0x0000000000026763       0x3c ./Core/Src/main.o
 .debug_macro   0x000000000002679f       0x34 ./Core/Src/main.o
 .debug_macro   0x00000000000267d3       0x16 ./Core/Src/main.o
 .debug_macro   0x00000000000267e9       0x43 ./Core/Src/main.o
 .debug_macro   0x000000000002682c       0x34 ./Core/Src/main.o
 .debug_macro   0x0000000000026860       0x10 ./Core/Src/main.o
 .debug_macro   0x0000000000026870       0x58 ./Core/Src/main.o
 .debug_macro   0x00000000000268c8       0x71 ./Core/Src/main.o
 .debug_macro   0x0000000000026939       0x1c ./Core/Src/main.o
 .debug_macro   0x0000000000026955      0x12a ./Core/Src/main.o
 .debug_macro   0x0000000000026a7f      0x341 ./Core/Src/main.o
 .debug_macro   0x0000000000026dc0      0x19b ./Core/Src/main.o
 .debug_macro   0x0000000000026f5b      0x220 ./Core/Src/stm32f7xx_hal_msp.o
 .debug_macro   0x000000000002717b      0x22a ./Core/Src/stm32f7xx_it.o
 .debug_macro   0x00000000000273a5      0x217 ./Core/Src/system_stm32f7xx.o
 .debug_macro   0x00000000000275bc      0x235 ./Drivers/STM32F7xx_HAL_Driver/Src/stm32f7xx_hal.o
 .debug_macro   0x00000000000277f1      0x212 ./Drivers/STM32F7xx_HAL_Driver/Src/stm32f7xx_hal_adc.o
 .debug_macro   0x0000000000027a03      0x211 ./Drivers/STM32F7xx_HAL_Driver/Src/stm32f7xx_hal_cortex.o
 .debug_macro   0x0000000000027c14      0x217 ./Drivers/STM32F7xx_HAL_Driver/Src/stm32f7xx_hal_gpio.o
 .debug_macro   0x0000000000027e2b      0x2dd ./Drivers/STM32F7xx_HAL_Driver/Src/stm32f7xx_hal_i2c.o
 .debug_macro   0x0000000000028108      0x211 ./Drivers/STM32F7xx_HAL_Driver/Src/stm32f7xx_hal_i2c_ex.o
 .debug_macro   0x0000000000028319      0x22f ./Drivers/STM32F7xx_HAL_Driver/Src/stm32f7xx_hal_pwr.o
 .debug_macro   0x0000000000028548      0x229 ./Drivers/STM32F7xx_HAL_Driver/Src/stm32f7xx_hal_pwr_ex.o
 .debug_macro   0x0000000000028771      0x235 ./Drivers/STM32F7xx_HAL_Driver/Src/stm32f7xx_hal_rcc.o
 .debug_macro   0x00000000000289a6      0x211 ./Drivers/STM32F7xx_HAL_Driver/Src/stm32f7xx_hal_rcc_ex.o
 .debug_macro   0x0000000000028bb7      0x220 ./Drivers/STM32F7xx_HAL_Driver/Src/stm32f7xx_hal_spi.o
 .debug_macro   0x0000000000028dd7      0x212 ./Drivers/STM32F7xx_HAL_Driver/Src/stm32f7xx_hal_tim.o
 .debug_macro   0x0000000000028fe9      0x211 ./Drivers/STM32F7xx_HAL_Driver/Src/stm32f7xx_hal_tim_ex.o
 .debug_macro   0x00000000000291fa      0x22e ./Drivers/STM32F7xx_HAL_Driver/Src/stm32f7xx_hal_uart.o

.debug_line     0x0000000000000000    0x18aac
 .debug_line    0x0000000000000000      0x420 ./Core/Src/cobs.o
 .debug_line    0x0000000000000420      0x7cf ./Core/Src/ertc-datalogger.o
 .debug_line    0x0000000000000bef     0x1190 ./Core/Src/main.o
 .debug_line    0x0000000000001d7f      0xc73 ./Core/Src/stm32f7xx_hal_msp.o
 .debug_line    0x00000000000029f2      0x82b ./Core/Src/stm32f7xx_it.o
 .debug_line    0x000000000000321d      0x7d6 ./Core/Src/system_stm32f7xx.o
 .debug_line    0x00000000000039f3       0x85 ./Core/Startup/startup_stm32f767zitx.o
 .debug_line    0x0000000000003a78      0xa91 ./Drivers/STM32F7xx_HAL_Driver/Src/stm32f7xx_hal.o
 .debug_line    0x0000000000004509     0x1299 ./Drivers/STM32F7xx_HAL_Driver/Src/stm32f7xx_hal_adc.o
 .debug_line    0x00000000000057a2      0xce7 ./Drivers/STM32F7xx_HAL_Driver/Src/stm32f7xx_hal_cortex.o
 .debug_line    0x0000000000006489      0xbd5 ./Drivers/STM32F7xx_HAL_Driver/Src/stm32f7xx_hal_gpio.o
 .debug_line    0x000000000000705e     0x372e ./Drivers/STM32F7xx_HAL_Driver/Src/stm32f7xx_hal_i2c.o
 .debug_line    0x000000000000a78c      0x88c ./Drivers/STM32F7xx_HAL_Driver/Src/stm32f7xx_hal_i2c_ex.o
 .debug_line    0x000000000000b018      0x965 ./Drivers/STM32F7xx_HAL_Driver/Src/stm32f7xx_hal_pwr.o
 .debug_line    0x000000000000b97d      0x9d6 ./Drivers/STM32F7xx_HAL_Driver/Src/stm32f7xx_hal_pwr_ex.o
 .debug_line    0x000000000000c353      0xed3 ./Drivers/STM32F7xx_HAL_Driver/Src/stm32f7xx_hal_rcc.o
 .debug_line    0x000000000000d226      0xeaf ./Drivers/STM32F7xx_HAL_Driver/Src/stm32f7xx_hal_rcc_ex.o
 .debug_line    0x000000000000e0d5     0x1fbf ./Drivers/STM32F7xx_HAL_Driver/Src/stm32f7xx_hal_spi.o
 .debug_line    0x0000000000010094     0x3c85 ./Drivers/STM32F7xx_HAL_Driver/Src/stm32f7xx_hal_tim.o
 .debug_line    0x0000000000013d19     0x1c3f ./Drivers/STM32F7xx_HAL_Driver/Src/stm32f7xx_hal_tim_ex.o
 .debug_line    0x0000000000015958     0x3154 ./Drivers/STM32F7xx_HAL_Driver/Src/stm32f7xx_hal_uart.o

.debug_str      0x0000000000000000   0x10474c
 .debug_str     0x0000000000000000     0x3b70 ./Core/Src/cobs.o
                                       0x3cdd (size before relaxing)
 .debug_str     0x0000000000003b70    0xf7699 ./Core/Src/ertc-datalogger.o
                                      0xfb8e5 (size before relaxing)
 .debug_str     0x00000000000fb209     0x485f ./Core/Src/main.o
                                     0x1002ca (size before relaxing)
 .debug_str     0x00000000000ffa68      0xa81 ./Core/Src/stm32f7xx_hal_msp.o
                                      0xfcd03 (size before relaxing)
 .debug_str     0x00000000001004e9       0xf0 ./Core/Src/stm32f7xx_it.o
                                      0xfb915 (size before relaxing)
 .debug_str     0x00000000001005d9      0x1b9 ./Core/Src/system_stm32f7xx.o
                                      0xfa83a (size before relaxing)
 .debug_str     0x0000000000100792       0x36 ./Core/Startup/startup_stm32f767zitx.o
                                         0x82 (size before relaxing)
 .debug_str     0x00000000001007c8      0x43d ./Drivers/STM32F7xx_HAL_Driver/Src/stm32f7xx_hal.o
                                      0xfb265 (size before relaxing)
 .debug_str     0x0000000000100c05      0x2b3 ./Drivers/STM32F7xx_HAL_Driver/Src/stm32f7xx_hal_adc.o
                                      0xfad1e (size before relaxing)
 .debug_str     0x0000000000100eb8      0x312 ./Drivers/STM32F7xx_HAL_Driver/Src/stm32f7xx_hal_cortex.o
                                      0xfb215 (size before relaxing)
 .debug_str     0x00000000001011ca      0x105 ./Drivers/STM32F7xx_HAL_Driver/Src/stm32f7xx_hal_gpio.o
                                      0xfa8e3 (size before relaxing)
 .debug_str     0x00000000001012cf      0xddd ./Drivers/STM32F7xx_HAL_Driver/Src/stm32f7xx_hal_i2c.o
                                      0xfba3b (size before relaxing)
 .debug_str     0x00000000001020ac       0x89 ./Drivers/STM32F7xx_HAL_Driver/Src/stm32f7xx_hal_i2c_ex.o
                                      0xface1 (size before relaxing)
 .debug_str     0x0000000000102135      0x2ac ./Drivers/STM32F7xx_HAL_Driver/Src/stm32f7xx_hal_pwr.o
                                      0xfaac6 (size before relaxing)
 .debug_str     0x00000000001023e1      0x1bd ./Drivers/STM32F7xx_HAL_Driver/Src/stm32f7xx_hal_pwr_ex.o
                                      0xfaa94 (size before relaxing)
 .debug_str     0x000000000010259e      0x255 ./Drivers/STM32F7xx_HAL_Driver/Src/stm32f7xx_hal_rcc.o
                                      0xfaba0 (size before relaxing)
 .debug_str     0x00000000001027f3      0x147 ./Drivers/STM32F7xx_HAL_Driver/Src/stm32f7xx_hal_rcc_ex.o
                                      0xfab03 (size before relaxing)
 .debug_str     0x000000000010293a      0x58c ./Drivers/STM32F7xx_HAL_Driver/Src/stm32f7xx_hal_spi.o
                                      0xfb065 (size before relaxing)
 .debug_str     0x0000000000102ec6      0xbc9 ./Drivers/STM32F7xx_HAL_Driver/Src/stm32f7xx_hal_tim.o
                                      0xfbb38 (size before relaxing)
 .debug_str     0x0000000000103a8f      0x4a0 ./Drivers/STM32F7xx_HAL_Driver/Src/stm32f7xx_hal_tim_ex.o
                                      0xfb44e (size before relaxing)
 .debug_str     0x0000000000103f2f      0x81d ./Drivers/STM32F7xx_HAL_Driver/Src/stm32f7xx_hal_uart.o
                                      0xfb4ee (size before relaxing)

.comment        0x0000000000000000       0x50
 .comment       0x0000000000000000       0x50 ./Core/Src/cobs.o
                                         0x51 (size before relaxing)
 .comment       0x0000000000000050       0x51 ./Core/Src/ertc-datalogger.o
 .comment       0x0000000000000050       0x51 ./Core/Src/main.o
 .comment       0x0000000000000050       0x51 ./Core/Src/stm32f7xx_hal_msp.o
 .comment       0x0000000000000050       0x51 ./Core/Src/stm32f7xx_it.o
 .comment       0x0000000000000050       0x51 ./Core/Src/system_stm32f7xx.o
 .comment       0x0000000000000050       0x51 ./Drivers/STM32F7xx_HAL_Driver/Src/stm32f7xx_hal.o
 .comment       0x0000000000000050       0x51 ./Drivers/STM32F7xx_HAL_Driver/Src/stm32f7xx_hal_adc.o
 .comment       0x0000000000000050       0x51 ./Drivers/STM32F7xx_HAL_Driver/Src/stm32f7xx_hal_cortex.o
 .comment       0x0000000000000050       0x51 ./Drivers/STM32F7xx_HAL_Driver/Src/stm32f7xx_hal_gpio.o
 .comment       0x0000000000000050       0x51 ./Drivers/STM32F7xx_HAL_Driver/Src/stm32f7xx_hal_i2c.o
 .comment       0x0000000000000050       0x51 ./Drivers/STM32F7xx_HAL_Driver/Src/stm32f7xx_hal_i2c_ex.o
 .comment       0x0000000000000050       0x51 ./Drivers/STM32F7xx_HAL_Driver/Src/stm32f7xx_hal_pwr.o
 .comment       0x0000000000000050       0x51 ./Drivers/STM32F7xx_HAL_Driver/Src/stm32f7xx_hal_pwr_ex.o
 .comment       0x0000000000000050       0x51 ./Drivers/STM32F7xx_HAL_Driver/Src/stm32f7xx_hal_rcc.o
 .comment       0x0000000000000050       0x51 ./Drivers/STM32F7xx_HAL_Driver/Src/stm32f7xx_hal_rcc_ex.o
 .comment       0x0000000000000050       0x51 ./Drivers/STM32F7xx_HAL_Driver/Src/stm32f7xx_hal_spi.o
 .comment       0x0000000000000050       0x51 ./Drivers/STM32F7xx_HAL_Driver/Src/stm32f7xx_hal_tim.o
 .comment       0x0000000000000050       0x51 ./Drivers/STM32F7xx_HAL_Driver/Src/stm32f7xx_hal_tim_ex.o
 .comment       0x0000000000000050       0x51 ./Drivers/STM32F7xx_HAL_Driver/Src/stm32f7xx_hal_uart.o

.debug_frame    0x0000000000000000     0x5590
 .debug_frame   0x0000000000000000       0x60 ./Core/Src/cobs.o
 .debug_frame   0x0000000000000060       0x58 ./Core/Src/ertc-datalogger.o
 .debug_frame   0x00000000000000b8      0x304 ./Core/Src/main.o
 .debug_frame   0x00000000000003bc      0x264 ./Core/Src/stm32f7xx_hal_msp.o
 .debug_frame   0x0000000000000620      0x120 ./Core/Src/stm32f7xx_it.o
 .debug_frame   0x0000000000000740       0x58 ./Core/Src/system_stm32f7xx.o
 .debug_frame   0x0000000000000798      0x3f4 ./Drivers/STM32F7xx_HAL_Driver/Src/stm32f7xx_hal.o
 .debug_frame   0x0000000000000b8c      0x3fc ./Drivers/STM32F7xx_HAL_Driver/Src/stm32f7xx_hal_adc.o
 .debug_frame   0x0000000000000f88      0x498 ./Drivers/STM32F7xx_HAL_Driver/Src/stm32f7xx_hal_cortex.o
 .debug_frame   0x0000000000001420      0x14c ./Drivers/STM32F7xx_HAL_Driver/Src/stm32f7xx_hal_gpio.o
 .debug_frame   0x000000000000156c      0xc38 ./Drivers/STM32F7xx_HAL_Driver/Src/stm32f7xx_hal_i2c.o
 .debug_frame   0x00000000000021a4       0xb0 ./Drivers/STM32F7xx_HAL_Driver/Src/stm32f7xx_hal_i2c_ex.o
 .debug_frame   0x0000000000002254      0x254 ./Drivers/STM32F7xx_HAL_Driver/Src/stm32f7xx_hal_pwr.o
 .debug_frame   0x00000000000024a8      0x1c8 ./Drivers/STM32F7xx_HAL_Driver/Src/stm32f7xx_hal_pwr_ex.o
 .debug_frame   0x0000000000002670      0x1f8 ./Drivers/STM32F7xx_HAL_Driver/Src/stm32f7xx_hal_rcc.o
 .debug_frame   0x0000000000002868      0x118 ./Drivers/STM32F7xx_HAL_Driver/Src/stm32f7xx_hal_rcc_ex.o
 .debug_frame   0x0000000000002980      0x860 ./Drivers/STM32F7xx_HAL_Driver/Src/stm32f7xx_hal_spi.o
 .debug_frame   0x00000000000031e0     0x121c ./Drivers/STM32F7xx_HAL_Driver/Src/stm32f7xx_hal_tim.o
 .debug_frame   0x00000000000043fc      0x6b0 ./Drivers/STM32F7xx_HAL_Driver/Src/stm32f7xx_hal_tim_ex.o
 .debug_frame   0x0000000000004aac      0xa10 ./Drivers/STM32F7xx_HAL_Driver/Src/stm32f7xx_hal_uart.o
 .debug_frame   0x00000000000054bc       0x2c c:/st/stm32cubeide_1.12.0/stm32cubeide/plugins/com.st.stm32cube.ide.mcu.externaltools.gnu-tools-for-stm32.10.3-2021.10.win32_1.0.200.202301161003/tools/bin/../lib/gcc/arm-none-eabi/10.3.1/../../../../arm-none-eabi/lib/thumb/v7e-m+dp/hard\libc_nano.a(lib_a-init.o)
 .debug_frame   0x00000000000054e8       0x28 c:/st/stm32cubeide_1.12.0/stm32cubeide/plugins/com.st.stm32cube.ide.mcu.externaltools.gnu-tools-for-stm32.10.3-2021.10.win32_1.0.200.202301161003/tools/bin/../lib/gcc/arm-none-eabi/10.3.1/../../../../arm-none-eabi/lib/thumb/v7e-m+dp/hard\libc_nano.a(lib_a-memcpy-stub.o)
 .debug_frame   0x0000000000005510       0x20 c:/st/stm32cubeide_1.12.0/stm32cubeide/plugins/com.st.stm32cube.ide.mcu.externaltools.gnu-tools-for-stm32.10.3-2021.10.win32_1.0.200.202301161003/tools/bin/../lib/gcc/arm-none-eabi/10.3.1/../../../../arm-none-eabi/lib/thumb/v7e-m+dp/hard\libc_nano.a(lib_a-memset.o)
 .debug_frame   0x0000000000005530       0x2c c:/st/stm32cubeide_1.12.0/stm32cubeide/plugins/com.st.stm32cube.ide.mcu.externaltools.gnu-tools-for-stm32.10.3-2021.10.win32_1.0.200.202301161003/tools/bin/../lib/gcc/arm-none-eabi/10.3.1/thumb/v7e-m+dp/hard\libgcc.a(_aeabi_uldivmod.o)
 .debug_frame   0x000000000000555c       0x34 c:/st/stm32cubeide_1.12.0/stm32cubeide/plugins/com.st.stm32cube.ide.mcu.externaltools.gnu-tools-for-stm32.10.3-2021.10.win32_1.0.200.202301161003/tools/bin/../lib/gcc/arm-none-eabi/10.3.1/thumb/v7e-m+dp/hard\libgcc.a(_udivmoddi4.o)
